0
None
[]
[Sparkling 7]
[(<FieldType.MEDIUM: 1>, True)]
None
[]
[Red 4, White 2]
[(<FieldType.LARGE: 2>, False)]
None
[]
[Red 8]
[(<FieldType.LARGE: 2>, False), (<FieldType.MEDIUM: 1>, False)]
Got next objective
[Red 4, Red 3]
[Red 8]
[(<FieldType.MEDIUM: 1>, True), (<FieldType.MEDIUM: 1>, False)]
Switched from next -> current
[Red 4, Red 3]
[(<FieldType.MEDIUM: 1>, False)]
None
[]
None
[]
[White 8]
[(<FieldType.LARGE: 2>, False)]
1
None
[]
[Red 4, Blush 7]
[(<FieldType.LARGE: 2>, True)]
None
[]
[Red 3, White 5]
[(<FieldType.LARGE: 2>, False)]
None
[]
[Red 8]
[(<FieldType.MEDIUM: 1>, False)]
None
[]
None
[]
2
None
[]
None
[]
[Red 4, White 2]
[(<FieldType.LARGE: 2>, False)]
None
[]
None
[]
[White 8]
[(<FieldType.LARGE: 2>, False), (<FieldType.MEDIUM: 1>, False), (<FieldType.LARGE: 2>, False), (<FieldType.MEDIUM: 1>, False)]
Got next objective
[White 4, White 3]
[White 8]
[(<FieldType.MEDIUM: 1>, True), (<FieldType.MEDIUM: 1>, True), (<FieldType.MEDIUM: 1>, False), (<FieldType.MEDIUM: 1>, False)]
[White 8]
[(<FieldType.MEDIUM: 1>, True), (<FieldType.MEDIUM: 1>, False), (<FieldType.MEDIUM: 1>, False)]
[White 8]
[(<FieldType.MEDIUM: 1>, False), (<FieldType.MEDIUM: 1>, False)]
Switched from next -> current
[White 4, White 3]
[(<FieldType.MEDIUM: 1>, False)]
None
[]
None
[]
3
None
[]
None
[]
[Blush 8]
[(<FieldType.MEDIUM: 1>, False)]
None
[]
None
[]
None
[]
[Red 4, Blush 4]
[(<FieldType.LARGE: 2>, False)]
None
[]
[White 6]
[(<FieldType.LARGE: 2>, False), (<FieldType.MEDIUM: 1>, False)]
Got next objective
[White 3, Sparkling 7]
[White 6]
[(<FieldType.MEDIUM: 1>, True), (<FieldType.MEDIUM: 1>, True)]
Switched from next -> current
4
None
[]
[White 4, Blush 4]
[(<FieldType.MEDIUM: 1>, True)]
None
[]
[White 4, White 3, White 2]
[(<FieldType.MEDIUM: 1>, True), (<FieldType.MEDIUM: 1>, True)]
[White 4, White 3, White 2]
[(<FieldType.MEDIUM: 1>, True)]
None
[]
None
[]
[White 4, White 3]
[(<FieldType.MEDIUM: 1>, True)]
None
[]
None
[]
[White 8]
[(<FieldType.LARGE: 2>, False), (<FieldType.MEDIUM: 1>, False), (<FieldType.LARGE: 2>, False), (<FieldType.LARGE: 2>, False)]
Got next objective
[White 4, Sparkling 7]
[White 8]
[(<FieldType.MEDIUM: 1>, True), (<FieldType.MEDIUM: 1>, True), (<FieldType.LARGE: 2>, False), (<FieldType.LARGE: 2>, False)]
[White 8]
[(<FieldType.MEDIUM: 1>, True), (<FieldType.LARGE: 2>, False), (<FieldType.LARGE: 2>, False)]
[White 8]
[(<FieldType.LARGE: 2>, False), (<FieldType.LARGE: 2>, False)]
Switched from next -> current
5
None
[]
[Red 4, Blush 7]
[(<FieldType.LARGE: 2>, True)]
None
[]
[Red 3, White 1]
[(<FieldType.MEDIUM: 1>, False)]
None
[]
None
[]
None
[]
None
[]
[Red 2, White 2, Blush 5]
[(<FieldType.MEDIUM: 1>, True)]
6
None
[]
[Red 8]
[(<FieldType.MEDIUM: 1>, False), (<FieldType.LARGE: 2>, False)]
Got next objective
[Red 5, White 3]
[Red 8]
[(<FieldType.LARGE: 2>, True), (<FieldType.MEDIUM: 1>, False)]
Switched from next -> current
[Red 5, White 3]
[(<FieldType.MEDIUM: 1>, False)]
None
[]
None
[]
None
[]
[Red 3, White 3]
[(<FieldType.LARGE: 2>, False)]
None
[]
7
None
[]
None
[]
[White 4, Sparkling 7]
[(<FieldType.MEDIUM: 1>, True)]
None
[]
[White 5]
[(<FieldType.LARGE: 2>, False)]
None
[]
None
[]
None
[]
[Red 8]
[(<FieldType.MEDIUM: 1>, False), (<FieldType.LARGE: 2>, False)]
Got next objective
[Blush 6, Blush 5]
[Red 8]
[(<FieldType.LARGE: 2>, True), (<FieldType.MEDIUM: 1>, False)]
Switched from next -> current
8
None
[]
[Red 4, Blush 4]
[(<FieldType.LARGE: 2>, True)]
None
[]
[White 5]
[(<FieldType.MEDIUM: 1>, False)]
None
[]
None
[]
None
[]
[Red 4, Blush 7]
[(<FieldType.LARGE: 2>, True)]
None
[]
9
None
[]
None
[]
[Red 3, White 1]
[(<FieldType.LARGE: 2>, False)]
None
[]
[White 6]
[(<FieldType.MEDIUM: 1>, False), (<FieldType.LARGE: 2>, False)]
Got next objective
[Blush 6]
[White 6]
[(<FieldType.LARGE: 2>, True), (<FieldType.MEDIUM: 1>, False)]
Switched from next -> current
[Blush 6]
[(<FieldType.MEDIUM: 1>, False)]
None
[]
None
[]
[White 7, White 6]
[(<FieldType.LARGE: 2>, False), (<FieldType.MEDIUM: 1>, False)]
Got next objective
[Red 4, Red 3]
[White 7, White 6]
[(<FieldType.LARGE: 2>, True), (<FieldType.MEDIUM: 1>, False)]
Switched from next -> current
[Red 4, Red 3]
[(<FieldType.MEDIUM: 1>, False)]
10
None
[]
[Red 3, White 1]
[(<FieldType.MEDIUM: 1>, False)]
None
[]
None
[]
None
[]
[Red 4, Blush 7]
[(<FieldType.LARGE: 2>, True)]
None
[]
[Sparkling 9]
[(<FieldType.MEDIUM: 1>, True)]
11
None
[]
[Red 3, White 5]
[(<FieldType.LARGE: 2>, False)]
None
[]
None
[]
[White 8]
[(<FieldType.LARGE: 2>, False), (<FieldType.MEDIUM: 1>, False), (<FieldType.MEDIUM: 1>, False), (<FieldType.LARGE: 2>, False)]
Got next objective
[White 4, White 3, White 2]
[White 8]
[(<FieldType.MEDIUM: 1>, True), (<FieldType.MEDIUM: 1>, True), (<FieldType.MEDIUM: 1>, True), (<FieldType.LARGE: 2>, False)]
[White 8]
[(<FieldType.MEDIUM: 1>, True), (<FieldType.MEDIUM: 1>, True), (<FieldType.LARGE: 2>, False)]
[White 8]
[(<FieldType.MEDIUM: 1>, True), (<FieldType.LARGE: 2>, False)]
Switched from next -> current
[White 4, White 3, White 2]
[(<FieldType.LARGE: 2>, False)]
None
[]
[White 4, Blush 4]
[(<FieldType.MEDIUM: 1>, True)]
12
None
[]
None
[]
[Red 2, White 2, Blush 5]
[(<FieldType.MEDIUM: 1>, True)]
None
[]
None
[]
None
[]
[Red 5, White 3]
[(<FieldType.MEDIUM: 1>, True)]
None
[]
[Blush 6, Blush 5]
[(<FieldType.MEDIUM: 1>, True)]
13
None
[]
[Red 3, White 3]
[(<FieldType.LARGE: 2>, False)]
None
[]
[White 6]
[(<FieldType.LARGE: 2>, False), (<FieldType.MEDIUM: 1>, False)]
Got next objective
[White 4, Blush 4]
[White 6]
[(<FieldType.MEDIUM: 1>, True), (<FieldType.MEDIUM: 1>, True)]
Switched from next -> current
[White 4, Blush 4]
[(<FieldType.MEDIUM: 1>, True)]
None
[]
None
[]
None
[]
14
None
[]
[Red 4, Red 3]
[(<FieldType.LARGE: 2>, True)]
None
[]
[Red 6, White 6]
[(<FieldType.MEDIUM: 1>, True), (<FieldType.LARGE: 2>, True)]
[Red 6, White 6]
[(<FieldType.LARGE: 2>, True)]
None
[]
None
[]
None
[]
None
[]
15
None
[]
[Red 4, White 2]
[(<FieldType.LARGE: 2>, False)]
None
[]
None
[]
[Red 4, Red 3, Red 2]
[(<FieldType.MEDIUM: 1>, True), (<FieldType.LARGE: 2>, True)]
[Red 4, Red 3, Red 2]
[(<FieldType.LARGE: 2>, True)]
None
[]
None
[]
[Red 4, Blush 7]
[(<FieldType.MEDIUM: 1>, True)]
None
[]
[Sparkling 7]
[(<FieldType.LARGE: 2>, True)]
16
None
[]
[Sparkling 9]
[(<FieldType.LARGE: 2>, True)]
None
[]
[White 4, White 3, White 2]
[(<FieldType.MEDIUM: 1>, True), (<FieldType.MEDIUM: 1>, True)]
[White 4, White 3, White 2]
[(<FieldType.MEDIUM: 1>, True)]
None
[]
None
[]
None
[]
[White 2, Sparkling 8]
[(<FieldType.MEDIUM: 1>, True)]
None
[]
17
None
[]
None
[]
[White 3, Sparkling 7]
[(<FieldType.MEDIUM: 1>, True)]
None
[]
[Blush 8]
[(<FieldType.MEDIUM: 1>, False)]
None
[]
None
[]
[Red 2, White 2, Blush 5]
[(<FieldType.MEDIUM: 1>, True)]
18
None
[]
[White 2, Sparkling 8]
[(<FieldType.MEDIUM: 1>, True)]
None
[]
[Red 2, White 2, Blush 5]
[(<FieldType.MEDIUM: 1>, True)]
None
[]
[Red 3, White 5]
[(<FieldType.LARGE: 2>, False)]
None
[]
[White 5]
[(<FieldType.LARGE: 2>, False)]
None
[]
[White 4, Blush 4]
[(<FieldType.MEDIUM: 1>, True)]
19
None
[]
None
[]
[White 3, Blush 7]
[(<FieldType.MEDIUM: 1>, True)]
None
[]
[White 3, Sparkling 7]
[(<FieldType.MEDIUM: 1>, True)]
None
[]
None
[]
None
[]
[Red 4, White 2]
[(<FieldType.MEDIUM: 1>, False)]
20
None
[]
[White 7, White 6]
[(<FieldType.MEDIUM: 1>, True), (<FieldType.LARGE: 2>, True), (<FieldType.MEDIUM: 1>, True)]
[White 7, White 6]
[(<FieldType.LARGE: 2>, True), (<FieldType.MEDIUM: 1>, True)]
[White 7, White 6]
[(<FieldType.MEDIUM: 1>, True)]
None
[]
None
[]
None
[]
None
[]
[White 8]
[(<FieldType.LARGE: 2>, False), (<FieldType.LARGE: 2>, False), (<FieldType.LARGE: 2>, False), (<FieldType.MEDIUM: 1>, False)]
Got next objective
[White 4, Blush 4]
[White 8]
[(<FieldType.MEDIUM: 1>, True), (<FieldType.MEDIUM: 1>, True), (<FieldType.MEDIUM: 1>, False), (<FieldType.LARGE: 2>, False)]
[White 8]
[(<FieldType.MEDIUM: 1>, True), (<FieldType.MEDIUM: 1>, False), (<FieldType.LARGE: 2>, False)]
[White 8]
[(<FieldType.MEDIUM: 1>, False), (<FieldType.LARGE: 2>, False)]
Switched from next -> current
[White 4, Blush 4]
[(<FieldType.LARGE: 2>, False)]
21
None
[]
None
[]
[White 8]
[(<FieldType.LARGE: 2>, False), (<FieldType.MEDIUM: 1>, False), (<FieldType.LARGE: 2>, False), (<FieldType.MEDIUM: 1>, False)]
Got next objective
[Red 4, Red 3, Red 2]
[White 8]
[(<FieldType.LARGE: 2>, True), (<FieldType.MEDIUM: 1>, False), (<FieldType.LARGE: 2>, False), (<FieldType.LARGE: 2>, False)]
[White 8]
[(<FieldType.MEDIUM: 1>, False), (<FieldType.LARGE: 2>, False), (<FieldType.LARGE: 2>, False)]
[White 8]
[(<FieldType.LARGE: 2>, False), (<FieldType.LARGE: 2>, False)]
Switched from next -> current
[Red 4, Red 3, Red 2]
[(<FieldType.LARGE: 2>, False)]
None
[]
None
[]
[White 3, Blush 7]
[(<FieldType.MEDIUM: 1>, True)]
None
[]
[White 3, Sparkling 8]
[(<FieldType.MEDIUM: 1>, True)]
22
None
[]
[White 7, White 6]
[(<FieldType.MEDIUM: 1>, True), (<FieldType.MEDIUM: 1>, True), (<FieldType.MEDIUM: 1>, True)]
[White 7, White 6]
[(<FieldType.MEDIUM: 1>, True), (<FieldType.MEDIUM: 1>, True)]
[White 7, White 6]
[(<FieldType.MEDIUM: 1>, True)]
None
[]
None
[]
[Red 6, White 6]
[(<FieldType.LARGE: 2>, False), (<FieldType.LARGE: 2>, False)]
Got next objective
[Red 3, White 5]
[Red 6, White 6]
[(<FieldType.MEDIUM: 1>, True), (<FieldType.MEDIUM: 1>, False)]
Switched from next -> current
[Red 3, White 5]
[(<FieldType.MEDIUM: 1>, False)]
None
[]
23
None
[]
[Red 7, Red 6]
[(<FieldType.LARGE: 2>, True)]
None
[]
[White 3, Sparkling 7]
[(<FieldType.MEDIUM: 1>, True)]
None
[]
[White 3, Blush 7]
[(<FieldType.MEDIUM: 1>, True)]
None
[]
[White 4, White 3]
[(<FieldType.MEDIUM: 1>, True)]
None
[]
24
None
[]
None
[]
[Red 4, Red 3]
[(<FieldType.LARGE: 2>, True)]
None
[]
[Red 5, White 3]
[(<FieldType.MEDIUM: 1>, True)]
None
[]
None
[]
[White 3, Sparkling 8]
[(<FieldType.MEDIUM: 1>, True)]
None
[]
25
None
[]
[White 6]
[(<FieldType.LARGE: 2>, False), (<FieldType.MEDIUM: 1>, False)]
Got next objective
[White 4, Sparkling 7]
[White 6]
[(<FieldType.MEDIUM: 1>, True), (<FieldType.MEDIUM: 1>, True)]
Switched from next -> current
[White 4, Sparkling 7]
[(<FieldType.MEDIUM: 1>, True)]
None
[]
None
[]
None
[]
[White 8]
[(<FieldType.LARGE: 2>, False), (<FieldType.LARGE: 2>, False), (<FieldType.MEDIUM: 1>, False), (<FieldType.MEDIUM: 1>, False)]
Got next objective
[Red 1, White 3]
[White 8]
[(<FieldType.MEDIUM: 1>, True), (<FieldType.MEDIUM: 1>, False), (<FieldType.LARGE: 2>, False), (<FieldType.LARGE: 2>, False)]
[White 8]
[(<FieldType.MEDIUM: 1>, False), (<FieldType.LARGE: 2>, False), (<FieldType.LARGE: 2>, False)]
[White 8]
[(<FieldType.LARGE: 2>, False), (<FieldType.LARGE: 2>, False)]
Switched from next -> current
26
None
[]
None
[]
[Sparkling 7]
[(<FieldType.MEDIUM: 1>, True)]
None
[]
None
[]
[White 4, Sparkling 7]
[(<FieldType.MEDIUM: 1>, True)]
None
[]
[Blush 6, Blush 5]
[(<FieldType.MEDIUM: 1>, True)]
27
None
[]
[White 6]
[(<FieldType.LARGE: 2>, False), (<FieldType.MEDIUM: 1>, False)]
Got next objective
[Red 3, White 1]
[White 6]
[(<FieldType.MEDIUM: 1>, True), (<FieldType.LARGE: 2>, False)]
Switched from next -> current
[Red 3, White 1]
[(<FieldType.LARGE: 2>, False)]
None
[]
[White 3, Sparkling 7]
[(<FieldType.MEDIUM: 1>, True)]
None
[]
None
[]
[White 4, White 3, White 2]
[(<FieldType.MEDIUM: 1>, True)]
None
[]
28
None
[]
[Red 4, Red 3, Red 2]
[(<FieldType.MEDIUM: 1>, True), (<FieldType.LARGE: 2>, True)]
[Red 4, Red 3, Red 2]
[(<FieldType.LARGE: 2>, True)]
None
[]
None
[]
None
[]
None
[]
None
[]
[Red 4, Red 3]
[(<FieldType.LARGE: 2>, True)]
29
None
[]
[Red 4, White 2]
[(<FieldType.LARGE: 2>, False)]
None
[]
[Red 6, White 6]
[(<FieldType.MEDIUM: 1>, False), (<FieldType.LARGE: 2>, False)]
Got next objective
[White 3, Sparkling 8]
[Red 6, White 6]
[(<FieldType.MEDIUM: 1>, True), (<FieldType.LARGE: 2>, False)]
Switched from next -> current
[White 3, Sparkling 8]
[(<FieldType.LARGE: 2>, False)]
None
[]
None
[]
30
None
[]
[Sparkling 9]
[(<FieldType.MEDIUM: 1>, True)]
None
[]
None
[]
[White 4, White 3, White 2]
[(<FieldType.MEDIUM: 1>, True)]
None
[]
[White 4, Blush 4]
[(<FieldType.MEDIUM: 1>, True)]
None
[]
31
None
[]
[Red 2, White 2, Blush 5]
[(<FieldType.MEDIUM: 1>, True)]
None
[]
[Red 4, Red 3, Red 2]
[(<FieldType.MEDIUM: 1>, True), (<FieldType.LARGE: 2>, True)]
[Red 4, Red 3, Red 2]
[(<FieldType.LARGE: 2>, True)]
None
[]
None
[]
[Blush 6, Blush 5]
[(<FieldType.MEDIUM: 1>, True)]
None
[]
32
None
[]
[White 5]
[(<FieldType.LARGE: 2>, False)]
None
[]
None
[]
[White 4, Blush 4]
[(<FieldType.MEDIUM: 1>, True)]
None
[]
[Blush 6, Blush 5]
[(<FieldType.MEDIUM: 1>, True)]
None
[]
[White 2, Sparkling 8]
[(<FieldType.MEDIUM: 1>, True)]
33
None
[]
[White 5]
[(<FieldType.MEDIUM: 1>, False)]
None
[]
None
[]
None
[]
None
[]
[White 3, Sparkling 7]
[(<FieldType.MEDIUM: 1>, True)]
None
[]
[White 3, Sparkling 8]
[(<FieldType.MEDIUM: 1>, True)]
34
None
[]
[Red 2, White 2, Blush 5]
[(<FieldType.MEDIUM: 1>, True)]
None
[]
[White 2, Sparkling 8]
[(<FieldType.MEDIUM: 1>, True)]
None
[]
[Red 4, Red 3, Red 2]
[(<FieldType.LARGE: 2>, True), (<FieldType.MEDIUM: 1>, True)]
[Red 4, Red 3, Red 2]
[(<FieldType.MEDIUM: 1>, True)]
None
[]
None
[]
[Red 3, White 3]
[(<FieldType.LARGE: 2>, False)]
35
None
[]
[White 7, White 6]
[(<FieldType.MEDIUM: 1>, True), (<FieldType.LARGE: 2>, True), (<FieldType.MEDIUM: 1>, True)]
[White 7, White 6]
[(<FieldType.LARGE: 2>, True), (<FieldType.MEDIUM: 1>, True)]
[White 7, White 6]
[(<FieldType.MEDIUM: 1>, True)]
None
[]
None
[]
None
[]
None
[]
[Red 6, White 6]
[(<FieldType.MEDIUM: 1>, False), (<FieldType.LARGE: 2>, False)]
Got next objective
[Red 2, White 2, Blush 5]
[Red 6, White 6]
[(<FieldType.MEDIUM: 1>, True), (<FieldType.MEDIUM: 1>, False)]
Switched from next -> current
36
None
[]
None
[]
[White 5]
[(<FieldType.LARGE: 2>, False)]
None
[]
[Red 2, White 2, Blush 5]
[(<FieldType.MEDIUM: 1>, True)]
None
[]
[White 4, White 3]
[(<FieldType.MEDIUM: 1>, True)]
None
[]
[Blush 6, Blush 5]
[(<FieldType.MEDIUM: 1>, True)]
None
[]
37
None
[]
[Red 4, White 2]
[(<FieldType.LARGE: 2>, False)]
None
[]
[White 4, White 3]
[(<FieldType.MEDIUM: 1>, True)]
None
[]
[Red 3, White 5]
[(<FieldType.MEDIUM: 1>, False)]
None
[]
[Red 6, White 6]
[(<FieldType.LARGE: 2>, False)]
None
[]
None
[]
38
None
[]
[Red 4, Red 3, Red 2]
[(<FieldType.MEDIUM: 1>, True), (<FieldType.LARGE: 2>, True)]
[Red 4, Red 3, Red 2]
[(<FieldType.LARGE: 2>, True)]
None
[]
None
[]
[Red 4, White 2]
[(<FieldType.LARGE: 2>, False)]
None
[]
[White 4, White 3]
[(<FieldType.MEDIUM: 1>, True)]
None
[]
[Red 8]
[(<FieldType.LARGE: 2>, False), (<FieldType.MEDIUM: 1>, False)]
Got next objective
[Red 5]
[Red 8]
[(<FieldType.LARGE: 2>, True), (<FieldType.LARGE: 2>, False)]
Switched from next -> current
[Red 5]
[(<FieldType.LARGE: 2>, False)]
None
[]
[White 8]
[(<FieldType.LARGE: 2>, False), (<FieldType.LARGE: 2>, False), (<FieldType.MEDIUM: 1>, False), (<FieldType.MEDIUM: 1>, False)]
Got next objective
[Red 4, Blush 7]
[White 8]
[(<FieldType.MEDIUM: 1>, True), (<FieldType.LARGE: 2>, False), (<FieldType.MEDIUM: 1>, False), (<FieldType.MEDIUM: 1>, False)]
[White 8]
[(<FieldType.LARGE: 2>, False), (<FieldType.MEDIUM: 1>, False), (<FieldType.MEDIUM: 1>, False)]
[White 8]
[(<FieldType.MEDIUM: 1>, False), (<FieldType.MEDIUM: 1>, False)]
Switched from next -> current
39
None
[]
[Red 3, White 1]
[(<FieldType.LARGE: 2>, False)]
None
[]
None
[]
None
[]
None
[]
None
[]
[Red 2, White 2, Blush 5]
[(<FieldType.MEDIUM: 1>, True)]
None
[]
[White 3, Blush 7]
[(<FieldType.MEDIUM: 1>, True)]
40
None
[]
[White 3, Sparkling 7]
[(<FieldType.MEDIUM: 1>, True)]
None
[]
None
[]
[Blush 8]
[(<FieldType.LARGE: 2>, False)]
None
[]
None
[]
[Red 8]
[(<FieldType.LARGE: 2>, False), (<FieldType.LARGE: 2>, False)]
Got next objective
[Red 3, White 3]
[Red 8]
[(<FieldType.MEDIUM: 1>, True), (<FieldType.LARGE: 2>, False)]
Switched from next -> current
[Red 3, White 3]
[(<FieldType.LARGE: 2>, False)]
41
None
[]
[Red 7, Red 6]
[(<FieldType.LARGE: 2>, True)]
None
[]
[White 8]
[(<FieldType.LARGE: 2>, False), (<FieldType.LARGE: 2>, False), (<FieldType.LARGE: 2>, False), (<FieldType.MEDIUM: 1>, False)]
Got next objective
[White 7, White 6]
[White 8]
[(<FieldType.MEDIUM: 1>, True), (<FieldType.MEDIUM: 1>, True), (<FieldType.MEDIUM: 1>, True), (<FieldType.MEDIUM: 1>, True)]
[White 8]
[(<FieldType.MEDIUM: 1>, True), (<FieldType.MEDIUM: 1>, True), (<FieldType.MEDIUM: 1>, True)]
[White 8]
[(<FieldType.MEDIUM: 1>, True), (<FieldType.MEDIUM: 1>, True)]
Switched from next -> current
[White 7, White 6]
[(<FieldType.MEDIUM: 1>, True)]
None
[]
None
[]
None
[]
42
None
[]
None
[]
[Red 8]
[(<FieldType.MEDIUM: 1>, False), (<FieldType.LARGE: 2>, False)]
Got next objective
[Red 4, Blush 4]
[Red 8]
[(<FieldType.LARGE: 2>, True), (<FieldType.MEDIUM: 1>, False)]
Switched from next -> current
[Red 4, Blush 4]
[(<FieldType.MEDIUM: 1>, False)]
None
[]
None
[]
[White 7, White 6]
[(<FieldType.LARGE: 2>, False), (<FieldType.LARGE: 2>, False)]
Got next objective
[White 3, Blush 7]
[White 7, White 6]
[(<FieldType.MEDIUM: 1>, True), (<FieldType.MEDIUM: 1>, True)]
Switched from next -> current
[White 3, Blush 7]
[(<FieldType.MEDIUM: 1>, True)]
43
None
[]
[Sparkling 9]
[(<FieldType.MEDIUM: 1>, True)]
None
[]
[Red 4, Red 3, Red 2]
[(<FieldType.MEDIUM: 1>, True), (<FieldType.LARGE: 2>, True)]
[Red 4, Red 3, Red 2]
[(<FieldType.LARGE: 2>, True)]
None
[]
[Sparkling 7]
[(<FieldType.MEDIUM: 1>, True)]
None
[]
None
[]
[Blush 6, Blush 5]
[(<FieldType.LARGE: 2>, True)]
44
None
[]
[Red 4, Red 3, Red 2]
[(<FieldType.LARGE: 2>, True), (<FieldType.MEDIUM: 1>, True)]
[Red 4, Red 3, Red 2]
[(<FieldType.MEDIUM: 1>, True)]
None
[]
[Red 7, Red 6]
[(<FieldType.LARGE: 2>, True)]
None
[]
None
[]
[Red 3, White 5]
[(<FieldType.LARGE: 2>, False)]
None
[]
[White 3, Blush 7]
[(<FieldType.MEDIUM: 1>, True)]
45
None
[]
None
[]
[White 3, Sparkling 8]
[(<FieldType.MEDIUM: 1>, True)]
None
[]
[Red 4, White 2]
[(<FieldType.LARGE: 2>, False)]
None
[]
[White 3, Sparkling 7]
[(<FieldType.MEDIUM: 1>, True)]
None
[]
[Red 8]
[(<FieldType.LARGE: 2>, False), (<FieldType.MEDIUM: 1>, False)]
Got next objective
[Red 2, White 2]
[Red 8]
[(<FieldType.LARGE: 2>, True), (<FieldType.LARGE: 2>, False)]
Switched from next -> current
46
None
[]
[Red 5, White 3]
[(<FieldType.LARGE: 2>, True)]
None
[]
[White 6]
[(<FieldType.LARGE: 2>, False), (<FieldType.LARGE: 2>, False)]
Got next objective
[Blush 6, Blush 5]
[White 6]
[(<FieldType.MEDIUM: 1>, True), (<FieldType.MEDIUM: 1>, True)]
Switched from next -> current
[Blush 6, Blush 5]
[(<FieldType.MEDIUM: 1>, True)]
None
[]
[White 4, White 3, White 2]
[(<FieldType.MEDIUM: 1>, True), (<FieldType.MEDIUM: 1>, True)]
[White 4, White 3, White 2]
[(<FieldType.MEDIUM: 1>, True)]
None
[]
None
[]
[Red 6, White 6]
[(<FieldType.LARGE: 2>, False), (<FieldType.MEDIUM: 1>, False)]
Got next objective
[Sparkling 9]
[Red 6, White 6]
[(<FieldType.MEDIUM: 1>, True), (<FieldType.LARGE: 2>, False)]
Switched from next -> current
47
None
[]
None
[]
[Red 4, Blush 4]
[(<FieldType.LARGE: 2>, True)]
None
[]
[Red 4, Blush 7]
[(<FieldType.LARGE: 2>, True)]
None
[]
None
[]
[Red 3, White 1]
[(<FieldType.LARGE: 2>, False)]
None
[]
48
None
[]
[White 2, Sparkling 8]
[(<FieldType.MEDIUM: 1>, True)]
None
[]
[Blush 8]
[(<FieldType.MEDIUM: 1>, False)]
None
[]
None
[]
None
[]
[White 5]
[(<FieldType.MEDIUM: 1>, False)]
None
[]
[Red 6, White 6]
[(<FieldType.LARGE: 2>, False)]
49
None
[]
[Red 4, Red 3]
[(<FieldType.LARGE: 2>, True)]
None
[]
None
[]
[Red 8]
[(<FieldType.MEDIUM: 1>, False), (<FieldType.MEDIUM: 1>, False)]
Got next objective
[Red 6]
[Red 8]
[(<FieldType.LARGE: 2>, True), (<FieldType.MEDIUM: 1>, False)]
Switched from next -> current
[Red 6]
[(<FieldType.MEDIUM: 1>, False)]
None
[]
None
[]
50
None
[]
[Red 8]
[(<FieldType.LARGE: 2>, False), (<FieldType.MEDIUM: 1>, False)]
Got next objective
[White 4, Sparkling 7]
[Red 8]
[(<FieldType.MEDIUM: 1>, True), (<FieldType.MEDIUM: 1>, True)]
Switched from next -> current
[White 4, Sparkling 7]
[(<FieldType.MEDIUM: 1>, True)]
None
[]
[Red 3, White 5]
[(<FieldType.LARGE: 2>, False)]
None
[]
[White 7, White 6]
[(<FieldType.MEDIUM: 1>, True), (<FieldType.MEDIUM: 1>, True), (<FieldType.MEDIUM: 1>, True)]
[White 7, White 6]
[(<FieldType.MEDIUM: 1>, True), (<FieldType.MEDIUM: 1>, True)]
[White 7, White 6]
[(<FieldType.MEDIUM: 1>, True)]
None
[]
51
None
[]
None
[]
[Red 3, White 5]
[(<FieldType.MEDIUM: 1>, False)]
None
[]
None
[]
[Red 4, Red 3, Red 2]
[(<FieldType.MEDIUM: 1>, True)]
None
[]
None
[]
[Sparkling 7]
[(<FieldType.LARGE: 2>, True)]
None
[]
[Sparkling 9]
[(<FieldType.LARGE: 2>, True)]
52
None
[]
[Red 4, Blush 7]
[(<FieldType.LARGE: 2>, True)]
None
[]
[Red 6, White 6]
[(<FieldType.LARGE: 2>, True), (<FieldType.LARGE: 2>, True)]
[Red 6, White 6]
[(<FieldType.LARGE: 2>, True)]
None
[]
None
[]
None
[]
[White 5]
[(<FieldType.LARGE: 2>, False)]
None
[]
[Blush 6, Blush 5]
[(<FieldType.MEDIUM: 1>, True)]
53
None
[]
[Red 3, White 5]
[(<FieldType.LARGE: 2>, False)]
None
[]
[White 3, Sparkling 8]
[(<FieldType.MEDIUM: 1>, True)]
None
[]
[Red 5, White 3]
[(<FieldType.LARGE: 2>, False)]
None
[]
[Blush 6, Blush 5]
[(<FieldType.MEDIUM: 1>, True)]
54
None
[]
[Red 4, Red 3]
[(<FieldType.LARGE: 2>, True)]
None
[]
[Sparkling 9]
[(<FieldType.LARGE: 2>, True)]
None
[]
[White 3, Blush 7]
[(<FieldType.MEDIUM: 1>, True)]
None
[]
[White 6]
[(<FieldType.MEDIUM: 1>, False), (<FieldType.LARGE: 2>, False)]
Got next objective
[White 5]
[White 6]
[(<FieldType.MEDIUM: 1>, True), (<FieldType.LARGE: 2>, False)]
Switched from next -> current
[White 5]
[(<FieldType.LARGE: 2>, False)]
None
[]
55
None
[]
None
[]
[White 5]
[(<FieldType.LARGE: 2>, False)]
None
[]
[Blush 6, Blush 5]
[(<FieldType.MEDIUM: 1>, True)]
None
[]
None
[]
None
[]
56
None
[]
[Red 4, White 2]
[(<FieldType.LARGE: 2>, False)]
None
[]
[Red 8]
[(<FieldType.LARGE: 2>, False), (<FieldType.LARGE: 2>, False)]
Got next objective
[Blush 4]
[Red 8]
[(<FieldType.MEDIUM: 1>, True), (<FieldType.MEDIUM: 1>, False)]
Switched from next -> current
[Blush 4]
[(<FieldType.MEDIUM: 1>, False)]
None
[]
None
[]
None
[]
None
[]
[White 6]
[(<FieldType.MEDIUM: 1>, False)]
57
None
[]
[White 4, Sparkling 7]
[(<FieldType.MEDIUM: 1>, True)]
None
[]
[Blush 6, Blush 5]
[(<FieldType.MEDIUM: 1>, True)]
None
[]
[Red 7, Red 6]
[(<FieldType.LARGE: 2>, True)]
None
[]
[White 2, Sparkling 8]
[(<FieldType.MEDIUM: 1>, True)]
58
None
[]
[White 4, White 3, White 2]
[(<FieldType.MEDIUM: 1>, True), (<FieldType.MEDIUM: 1>, True)]
[White 4, White 3, White 2]
[(<FieldType.MEDIUM: 1>, True)]
None
[]
None
[]
[Red 6, White 6]
[(<FieldType.LARGE: 2>, False), (<FieldType.MEDIUM: 1>, False)]
Got next objective
[Blush 4]
[Red 6, White 6]
[(<FieldType.MEDIUM: 1>, True), (<FieldType.MEDIUM: 1>, False)]
Switched from next -> current
[Blush 4]
[(<FieldType.MEDIUM: 1>, False)]
None
[]
None
[]
59
None
[]
[White 5]
[(<FieldType.LARGE: 2>, False)]
None
[]
None
[]
None
[]
[White 6]
[(<FieldType.LARGE: 2>, False), (<FieldType.LARGE: 2>, False)]
Got next objective
[Red 6, White 6]
[White 6]
[(<FieldType.MEDIUM: 1>, True), (<FieldType.MEDIUM: 1>, False), (<FieldType.MEDIUM: 1>, False)]
Switched from next -> current
[Red 6, White 6]
[(<FieldType.MEDIUM: 1>, False), (<FieldType.MEDIUM: 1>, False)]
Got next objective
[White 4, Blush 4]
[Red 6, White 6]
[(<FieldType.MEDIUM: 1>, True), (<FieldType.LARGE: 2>, False)]
Switched from next -> current
[White 4, Blush 4]
[(<FieldType.LARGE: 2>, False)]
60
None
[]
[White 6]
[(<FieldType.LARGE: 2>, False), (<FieldType.LARGE: 2>, False)]
Got next objective
[Sparkling 7]
[White 6]
[(<FieldType.MEDIUM: 1>, True), (<FieldType.MEDIUM: 1>, False)]
Switched from next -> current
[Sparkling 7]
[(<FieldType.MEDIUM: 1>, False)]
None
[]
None
[]
None
[]
None
[]
[Red 3, White 5]
[(<FieldType.LARGE: 2>, False)]
61
None
[]
[White 6]
[(<FieldType.MEDIUM: 1>, False), (<FieldType.LARGE: 2>, False)]
Got next objective
[White 8]
[White 6]
[(<FieldType.LARGE: 2>, True), (<FieldType.LARGE: 2>, False), (<FieldType.LARGE: 2>, False), (<FieldType.LARGE: 2>, False), (<FieldType.LARGE: 2>, False)]
Switched from next -> current
[White 8]
[(<FieldType.LARGE: 2>, False), (<FieldType.LARGE: 2>, False), (<FieldType.LARGE: 2>, False), (<FieldType.LARGE: 2>, False)]
Got next objective
[Red 6, White 6]
[White 8]
[(<FieldType.MEDIUM: 1>, True), (<FieldType.LARGE: 2>, False), (<FieldType.MEDIUM: 1>, False), (<FieldType.MEDIUM: 1>, False)]
[White 8]
[(<FieldType.LARGE: 2>, False), (<FieldType.MEDIUM: 1>, False), (<FieldType.MEDIUM: 1>, False)]
Switched from next -> current
[Red 6, White 6]
[(<FieldType.MEDIUM: 1>, False), (<FieldType.MEDIUM: 1>, False)]
None
[(<FieldType.MEDIUM: 1>, False)]
None
[]
62
None
[]
[Red 7, Red 6]
[(<FieldType.LARGE: 2>, True)]
None
[]
[White 3, Sparkling 8]
[(<FieldType.MEDIUM: 1>, True)]
None
[]
None
[]
[White 4, White 3, White 2]
[(<FieldType.MEDIUM: 1>, True), (<FieldType.MEDIUM: 1>, True)]
[White 4, White 3, White 2]
[(<FieldType.MEDIUM: 1>, True)]
None
[]
63
None
[]
[Red 4, White 2]
[(<FieldType.LARGE: 2>, False)]
None
[]
[White 8]
[(<FieldType.LARGE: 2>, False), (<FieldType.LARGE: 2>, False), (<FieldType.LARGE: 2>, False), (<FieldType.LARGE: 2>, False)]
Got next objective
[Blush 4]
[White 8]
[(<FieldType.MEDIUM: 1>, True), (<FieldType.MEDIUM: 1>, False), (<FieldType.LARGE: 2>, False), (<FieldType.LARGE: 2>, False)]
[White 8]
[(<FieldType.MEDIUM: 1>, False), (<FieldType.LARGE: 2>, False), (<FieldType.LARGE: 2>, False)]
[White 8]
[(<FieldType.LARGE: 2>, False), (<FieldType.LARGE: 2>, False)]
Switched from next -> current
[Blush 4]
[(<FieldType.LARGE: 2>, False)]
None
[]
[White 7, White 6]
[(<FieldType.MEDIUM: 1>, False), (<FieldType.LARGE: 2>, False)]
Got next objective
[Red 7, Red 6]
[White 7, White 6]
[(<FieldType.LARGE: 2>, True), (<FieldType.LARGE: 2>, False)]
Switched from next -> current
[Red 7, Red 6]
[(<FieldType.LARGE: 2>, False)]
None
[]
[White 4, White 3, White 2]
[(<FieldType.MEDIUM: 1>, True)]
64
None
[]
[Red 4, Red 3, Red 2]
[(<FieldType.MEDIUM: 1>, True), (<FieldType.LARGE: 2>, True)]
[Red 4, Red 3, Red 2]
[(<FieldType.LARGE: 2>, True)]
None
[]
[White 7, White 6]
[(<FieldType.MEDIUM: 1>, False), (<FieldType.LARGE: 2>, False)]
Got next objective
[White 4, White 3]
[White 7, White 6]
[(<FieldType.MEDIUM: 1>, True), (<FieldType.LARGE: 2>, False)]
Switched from next -> current
[White 4, White 3]
[(<FieldType.LARGE: 2>, False)]
None
[]
None
[]
None
[]
[White 3, Blush 7]
[(<FieldType.MEDIUM: 1>, True)]
65
None
[]
[Red 6, White 6]
[(<FieldType.MEDIUM: 1>, True), (<FieldType.LARGE: 2>, True)]
[Red 6, White 6]
[(<FieldType.LARGE: 2>, True)]
None
[]
None
[]
[White 4, Blush 4]
[(<FieldType.MEDIUM: 1>, True)]
None
[]
[White 3, Sparkling 7]
[(<FieldType.MEDIUM: 1>, True)]
None
[]
66
None
[]
[Red 4, Red 3, Red 2]
[(<FieldType.LARGE: 2>, True), (<FieldType.LARGE: 2>, True)]
[Red 4, Red 3, Red 2]
[(<FieldType.LARGE: 2>, True)]
None
[]
[Red 4, Red 3]
[(<FieldType.LARGE: 2>, True)]
None
[]
None
[]
[Red 2, White 2, Blush 5]
[(<FieldType.LARGE: 2>, True)]
None
[]
[White 2, Sparkling 8]
[(<FieldType.MEDIUM: 1>, True)]
67
None
[]
[Red 3, White 5]
[(<FieldType.MEDIUM: 1>, False)]
None
[]
None
[]
[White 2, Sparkling 8]
[(<FieldType.MEDIUM: 1>, True)]
None
[]
[White 8]
[(<FieldType.LARGE: 2>, False), (<FieldType.MEDIUM: 1>, False), (<FieldType.LARGE: 2>, False), (<FieldType.LARGE: 2>, False)]
Got next objective
[Red 2, White 2, Blush 5]
[White 8]
[(<FieldType.MEDIUM: 1>, True), (<FieldType.MEDIUM: 1>, True), (<FieldType.LARGE: 2>, False), (<FieldType.MEDIUM: 1>, False)]
[White 8]
[(<FieldType.MEDIUM: 1>, True), (<FieldType.LARGE: 2>, False), (<FieldType.MEDIUM: 1>, False)]
[White 8]
[(<FieldType.LARGE: 2>, False), (<FieldType.MEDIUM: 1>, False)]
Switched from next -> current
[Red 2, White 2, Blush 5]
[(<FieldType.MEDIUM: 1>, False)]
68
None
[]
[White 5]
[(<FieldType.MEDIUM: 1>, False)]
None
[]
None
[]
None
[]
None
[]
None
[]
None
[]
None
[]
69
None
[]
[White 4, Blush 4]
[(<FieldType.MEDIUM: 1>, True)]
None
[]
[White 4, White 3, White 2]
[(<FieldType.MEDIUM: 1>, True), (<FieldType.MEDIUM: 1>, True)]
[White 4, White 3, White 2]
[(<FieldType.MEDIUM: 1>, True)]
None
[]
[White 3, Sparkling 8]
[(<FieldType.MEDIUM: 1>, True)]
None
[]
[Blush 6, Blush 5]
[(<FieldType.MEDIUM: 1>, True)]
70
None
[]
[White 3, Sparkling 7]
[(<FieldType.MEDIUM: 1>, True)]
None
[]
[Blush 8]
[(<FieldType.MEDIUM: 1>, False)]
None
[]
[Red 6, White 6]
[(<FieldType.LARGE: 2>, False)]
None
[]
[White 8]
[(<FieldType.LARGE: 2>, False), (<FieldType.LARGE: 2>, False), (<FieldType.MEDIUM: 1>, False), (<FieldType.MEDIUM: 1>, False)]
Got next objective
[Red 3, White 3]
[White 8]
[(<FieldType.MEDIUM: 1>, True), (<FieldType.LARGE: 2>, False), (<FieldType.MEDIUM: 1>, False), (<FieldType.LARGE: 2>, False)]
[White 8]
[(<FieldType.LARGE: 2>, False), (<FieldType.MEDIUM: 1>, False), (<FieldType.LARGE: 2>, False)]
[White 8]
[(<FieldType.MEDIUM: 1>, False), (<FieldType.LARGE: 2>, False)]
Switched from next -> current
[Red 3, White 3]
[(<FieldType.LARGE: 2>, False)]
71
None
[]
[White 4, Blush 4]
[(<FieldType.MEDIUM: 1>, True)]
None
[]
[Red 3, White 5]
[(<FieldType.MEDIUM: 1>, False)]
None
[]
None
[]
None
[]
72
None
[]
[White 3, Sparkling 7]
[(<FieldType.MEDIUM: 1>, True)]
None
[]
None
[]
[Red 5, White 3]
[(<FieldType.MEDIUM: 1>, True)]
None
[]
None
[]
[White 2, Sparkling 8]
[(<FieldType.MEDIUM: 1>, True)]
73
None
[]
None
[]
[Blush 8]
[(<FieldType.MEDIUM: 1>, False)]
None
[]
None
[]
[White 4, White 3, White 2]
[(<FieldType.MEDIUM: 1>, True), (<FieldType.MEDIUM: 1>, True)]
[White 4, White 3, White 2]
[(<FieldType.MEDIUM: 1>, True)]
None
[]
[White 4, White 3]
[(<FieldType.MEDIUM: 1>, True)]
None
[]
[White 3, Sparkling 7]
[(<FieldType.MEDIUM: 1>, True)]
74
None
[]
[Red 5, White 3]
[(<FieldType.LARGE: 2>, True)]
None
[]
[White 7, White 6]
[(<FieldType.MEDIUM: 1>, True), (<FieldType.LARGE: 2>, True), (<FieldType.LARGE: 2>, True)]
[White 7, White 6]
[(<FieldType.LARGE: 2>, True), (<FieldType.LARGE: 2>, True)]
[White 7, White 6]
[(<FieldType.LARGE: 2>, True)]
None
[]
[White 2, Sparkling 8]
[(<FieldType.MEDIUM: 1>, True)]
None
[]
None
[]
75
None
[]
None
[]
[White 4, Blush 4]
[(<FieldType.MEDIUM: 1>, True)]
None
[]
[Blush 8]
[(<FieldType.MEDIUM: 1>, False)]
None
[]
None
[]
None
[]
76
None
[]
None
[]
[Blush 8]
[(<FieldType.LARGE: 2>, False)]
None
[]
None
[]
None
[]
[Red 3, White 5]
[(<FieldType.MEDIUM: 1>, False)]
None
[]
None
[]
77
None
[]
[Blush 6, Blush 5]
[(<FieldType.MEDIUM: 1>, True)]
None
[]
[White 3, Blush 7]
[(<FieldType.MEDIUM: 1>, True)]
None
[]
[White 3, Sparkling 7]
[(<FieldType.MEDIUM: 1>, True)]
None
[]
None
[]
78
None
[]
[Red 5, White 3]
[(<FieldType.LARGE: 2>, True)]
None
[]
[White 8]
[(<FieldType.MEDIUM: 1>, False), (<FieldType.MEDIUM: 1>, False), (<FieldType.MEDIUM: 1>, False), (<FieldType.MEDIUM: 1>, False)]
Got next objective
[White 7, White 6]
[White 8]
[(<FieldType.MEDIUM: 1>, True), (<FieldType.LARGE: 2>, False), (<FieldType.MEDIUM: 1>, False), (<FieldType.MEDIUM: 1>, False)]
[White 8]
[(<FieldType.LARGE: 2>, False), (<FieldType.MEDIUM: 1>, False), (<FieldType.MEDIUM: 1>, False)]
[White 8]
[(<FieldType.MEDIUM: 1>, False), (<FieldType.MEDIUM: 1>, False)]
Switched from next -> current
[White 7, White 6]
[(<FieldType.MEDIUM: 1>, False)]
None
[]
None
[]
None
[]
79
None
[]
[Red 4, Blush 7]
[(<FieldType.LARGE: 2>, True)]
None
[]
[Sparkling 7]
[(<FieldType.LARGE: 2>, True)]
None
[]
[White 7, White 6]
[(<FieldType.MEDIUM: 1>, True), (<FieldType.LARGE: 2>, True), (<FieldType.LARGE: 2>, True)]
[White 7, White 6]
[(<FieldType.LARGE: 2>, True), (<FieldType.LARGE: 2>, True)]
[White 7, White 6]
[(<FieldType.LARGE: 2>, True)]
None
[]
None
[]
[Red 3, White 5]
[(<FieldType.LARGE: 2>, False)]
80
None
[]
[White 6]
[(<FieldType.LARGE: 2>, False), (<FieldType.LARGE: 2>, False)]
Got next objective
[Red 4, Red 3, Red 2]
[White 6]
[(<FieldType.MEDIUM: 1>, True), (<FieldType.LARGE: 2>, False)]
Switched from next -> current
[Red 4, Red 3, Red 2]
[(<FieldType.LARGE: 2>, False)]
None
[]
None
[]
[Red 4, Blush 7]
[(<FieldType.LARGE: 2>, True)]
None
[]
81
None
[]
[White 3, Blush 7]
[(<FieldType.MEDIUM: 1>, True)]
None
[]
[Red 5, White 3]
[(<FieldType.LARGE: 2>, False)]
None
[]
[White 4, White 3]
[(<FieldType.MEDIUM: 1>, True)]
None
[]
[Red 2, White 2, Blush 5]
[(<FieldType.MEDIUM: 1>, True)]
None
[]
82
None
[]
[Red 6, White 6]
[(<FieldType.LARGE: 2>, True), (<FieldType.LARGE: 2>, True)]
[Red 6, White 6]
[(<FieldType.LARGE: 2>, True)]
None
[]
None
[]
[White 4, Blush 4]
[(<FieldType.MEDIUM: 1>, True)]
None
[]
None
[]
83
None
[]
None
[]
[White 6]
[(<FieldType.MEDIUM: 1>, False), (<FieldType.LARGE: 2>, False)]
Got next objective
[White 2, Sparkling 8]
[White 6]
[(<FieldType.MEDIUM: 1>, True), (<FieldType.LARGE: 2>, False)]
Switched from next -> current
[White 2, Sparkling 8]
[(<FieldType.LARGE: 2>, False)]
None
[]
None
[]
None
[]
[White 5]
[(<FieldType.LARGE: 2>, False)]
84
None
[]
[White 4, White 3, White 2]
[(<FieldType.MEDIUM: 1>, True), (<FieldType.MEDIUM: 1>, True)]
[White 4, White 3, White 2]
[(<FieldType.MEDIUM: 1>, True)]
None
[]
[White 8]
[(<FieldType.MEDIUM: 1>, False), (<FieldType.LARGE: 2>, False), (<FieldType.LARGE: 2>, False), (<FieldType.LARGE: 2>, False)]
Got next objective
[White 4, Sparkling 7]
[White 8]
[(<FieldType.MEDIUM: 1>, True), (<FieldType.MEDIUM: 1>, False), (<FieldType.LARGE: 2>, False), (<FieldType.LARGE: 2>, False)]
[White 8]
[(<FieldType.MEDIUM: 1>, False), (<FieldType.LARGE: 2>, False), (<FieldType.LARGE: 2>, False)]
[White 8]
[(<FieldType.LARGE: 2>, False), (<FieldType.LARGE: 2>, False)]
Switched from next -> current
[White 4, Sparkling 7]
[(<FieldType.LARGE: 2>, False)]
None
[]
85
None
[]
[Sparkling 9]
[(<FieldType.LARGE: 2>, True)]
None
[]
None
[]
[Red 3, White 3]
[(<FieldType.LARGE: 2>, False)]
None
[]
[White 3, Sparkling 7]
[(<FieldType.MEDIUM: 1>, True)]
None
[]
[Red 4, Blush 7]
[(<FieldType.LARGE: 2>, False)]
86
None
[]
[Blush 6, Blush 5]
[(<FieldType.MEDIUM: 1>, True)]
None
[]
[Red 3, White 3]
[(<FieldType.LARGE: 2>, False)]
None
[]
[White 4, White 3, White 2]
[(<FieldType.MEDIUM: 1>, True), (<FieldType.MEDIUM: 1>, True)]
[White 4, White 3, White 2]
[(<FieldType.MEDIUM: 1>, True)]
None
[]
None
[]
87
None
[]
[Red 8]
[(<FieldType.MEDIUM: 1>, False), (<FieldType.LARGE: 2>, False)]
Got next objective
[Red 3, White 3]
[Red 8]
[(<FieldType.LARGE: 2>, True), (<FieldType.MEDIUM: 1>, False)]
Switched from next -> current
[Red 3, White 3]
[(<FieldType.MEDIUM: 1>, False)]
None
[]
None
[]
None
[]
[White 8]
[(<FieldType.MEDIUM: 1>, False), (<FieldType.LARGE: 2>, False), (<FieldType.MEDIUM: 1>, False), (<FieldType.LARGE: 2>, False)]
Got next objective
[Red 4, White 2]
[White 8]
[(<FieldType.LARGE: 2>, True), (<FieldType.LARGE: 2>, False), (<FieldType.LARGE: 2>, False), (<FieldType.MEDIUM: 1>, False)]
[White 8]
[(<FieldType.LARGE: 2>, False), (<FieldType.LARGE: 2>, False), (<FieldType.MEDIUM: 1>, False)]
[White 8]
[(<FieldType.LARGE: 2>, False), (<FieldType.MEDIUM: 1>, False)]
Switched from next -> current
[Red 4, White 2]
[(<FieldType.MEDIUM: 1>, False)]
88
None
[]
None
[]
[White 4, White 3]
[(<FieldType.MEDIUM: 1>, True)]
None
[]
None
[]
None
[]
None
[]
None
[]
[White 3, Sparkling 7]
[(<FieldType.MEDIUM: 1>, True)]
89
None
[]
[Red 6, White 6]
[(<FieldType.LARGE: 2>, True), (<FieldType.MEDIUM: 1>, True)]
[Red 6, White 6]
[(<FieldType.MEDIUM: 1>, True)]
None
[]
None
[]
None
[]
None
[]
None
[]
90
None
[]
None
[]
[Blush 8]
[(<FieldType.LARGE: 2>, False)]
None
[]
[Blush 6, Blush 5]
[(<FieldType.MEDIUM: 1>, True)]
None
[]
None
[]
[Red 7, Red 6]
[(<FieldType.MEDIUM: 1>, False)]
91
None
[]
[Red 3, White 3]
[(<FieldType.MEDIUM: 1>, False)]
None
[]
None
[]
[Red 6, White 6]
[(<FieldType.MEDIUM: 1>, True), (<FieldType.LARGE: 2>, True)]
[Red 6, White 6]
[(<FieldType.LARGE: 2>, True)]
None
[]
None
[]
None
[]
92
None
[]
[White 4, White 3]
[(<FieldType.MEDIUM: 1>, True)]
None
[]
[Red 8]
[(<FieldType.LARGE: 2>, False), (<FieldType.LARGE: 2>, False)]
Got next objective
[Red 3, White 5]
[Red 8]
[(<FieldType.MEDIUM: 1>, True), (<FieldType.MEDIUM: 1>, False)]
Switched from next -> current
[Red 3, White 5]
[(<FieldType.MEDIUM: 1>, False)]
None
[]
None
[]
93
None
[]
[Red 4, Blush 4]
[(<FieldType.MEDIUM: 1>, True)]
None
[]
[White 3, Sparkling 7]
[(<FieldType.MEDIUM: 1>, True)]
None
[]
[White 7, White 6]
[(<FieldType.MEDIUM: 1>, True), (<FieldType.MEDIUM: 1>, True), (<FieldType.MEDIUM: 1>, True)]
[White 7, White 6]
[(<FieldType.MEDIUM: 1>, True), (<FieldType.MEDIUM: 1>, True)]
[White 7, White 6]
[(<FieldType.MEDIUM: 1>, True)]
None
[]
94
None
[]
[Red 8]
[(<FieldType.MEDIUM: 1>, False), (<FieldType.MEDIUM: 1>, False)]
Got next objective
[White 8]
[Red 8]
[(<FieldType.LARGE: 2>, True), (<FieldType.LARGE: 2>, False), (<FieldType.LARGE: 2>, False), (<FieldType.MEDIUM: 1>, False), (<FieldType.LARGE: 2>, False)]
Switched from next -> current
[White 8]
[(<FieldType.LARGE: 2>, False), (<FieldType.LARGE: 2>, False), (<FieldType.MEDIUM: 1>, False), (<FieldType.LARGE: 2>, False)]
Got next objective
[Red 3, White 5]
[White 8]
[(<FieldType.MEDIUM: 1>, True), (<FieldType.LARGE: 2>, False), (<FieldType.MEDIUM: 1>, False), (<FieldType.MEDIUM: 1>, False)]
[White 8]
[(<FieldType.LARGE: 2>, False), (<FieldType.MEDIUM: 1>, False), (<FieldType.MEDIUM: 1>, False)]
Switched from next -> current
[Red 3, White 5]
[(<FieldType.MEDIUM: 1>, False), (<FieldType.MEDIUM: 1>, False)]
None
[(<FieldType.MEDIUM: 1>, False)]
None
[]
None
[]
95
None
[]
[Red 4, White 2]
[(<FieldType.LARGE: 2>, False)]
None
[]
[White 3, Blush 7]
[(<FieldType.MEDIUM: 1>, True)]
None
[]
[White 8]
[(<FieldType.LARGE: 2>, False), (<FieldType.LARGE: 2>, False), (<FieldType.MEDIUM: 1>, False), (<FieldType.LARGE: 2>, False)]
Got next objective
[Red 2, White 2, Blush 5]
[White 8]
[(<FieldType.MEDIUM: 1>, True), (<FieldType.MEDIUM: 1>, True), (<FieldType.MEDIUM: 1>, False), (<FieldType.LARGE: 2>, False)]
[White 8]
[(<FieldType.MEDIUM: 1>, True), (<FieldType.MEDIUM: 1>, False), (<FieldType.LARGE: 2>, False)]
[White 8]
[(<FieldType.MEDIUM: 1>, False), (<FieldType.LARGE: 2>, False)]
Switched from next -> current
[Red 2, White 2, Blush 5]
[(<FieldType.LARGE: 2>, False)]
None
[]
96
None
[]
None
[]
[Red 2, White 2, Blush 5]
[(<FieldType.MEDIUM: 1>, True)]
None
[]
[White 4, Sparkling 7]
[(<FieldType.MEDIUM: 1>, True)]
None
[]
[White 4, Blush 4]
[(<FieldType.MEDIUM: 1>, True)]
None
[]
[Red 6, White 6]
[(<FieldType.MEDIUM: 1>, False), (<FieldType.LARGE: 2>, False)]
Got next objective
[White 6]
[Red 6, White 6]
[(<FieldType.MEDIUM: 1>, True), (<FieldType.LARGE: 2>, False), (<FieldType.MEDIUM: 1>, False)]
[Red 6, White 6]
[(<FieldType.LARGE: 2>, False), (<FieldType.MEDIUM: 1>, False)]
Switched from next -> current
97
None
[]
[White 8]
[(<FieldType.LARGE: 2>, False), (<FieldType.LARGE: 2>, False), (<FieldType.MEDIUM: 1>, False), (<FieldType.LARGE: 2>, False)]
Got next objective
[White 3, Blush 7]
[White 8]
[(<FieldType.MEDIUM: 1>, True), (<FieldType.MEDIUM: 1>, True), (<FieldType.LARGE: 2>, False), (<FieldType.MEDIUM: 1>, False)]
[White 8]
[(<FieldType.MEDIUM: 1>, True), (<FieldType.LARGE: 2>, False), (<FieldType.MEDIUM: 1>, False)]
[White 8]
[(<FieldType.LARGE: 2>, False), (<FieldType.MEDIUM: 1>, False)]
Switched from next -> current
[White 3, Blush 7]
[(<FieldType.MEDIUM: 1>, False)]
None
[]
None
[]
98
None
[]
[Red 3, White 3]
[(<FieldType.MEDIUM: 1>, False)]
None
[]
[White 4, White 3, White 2]
[(<FieldType.MEDIUM: 1>, True)]
None
[]
[White 8]
[(<FieldType.LARGE: 2>, False), (<FieldType.LARGE: 2>, False), (<FieldType.LARGE: 2>, False), (<FieldType.MEDIUM: 1>, False)]
Got next objective
[White 3, Sparkling 7]
[White 8]
[(<FieldType.MEDIUM: 1>, True), (<FieldType.MEDIUM: 1>, True), (<FieldType.MEDIUM: 1>, False), (<FieldType.LARGE: 2>, False)]
[White 8]
[(<FieldType.MEDIUM: 1>, True), (<FieldType.MEDIUM: 1>, False), (<FieldType.LARGE: 2>, False)]
[White 8]
[(<FieldType.MEDIUM: 1>, False), (<FieldType.LARGE: 2>, False)]
Switched from next -> current
[White 3, Sparkling 7]
[(<FieldType.LARGE: 2>, False)]
None
[]
99
None
[]
[Red 4, White 2]
[(<FieldType.LARGE: 2>, False)]
None
[]
None
[]
[White 2, Sparkling 8]
[(<FieldType.MEDIUM: 1>, True)]
None
[]
[White 3, Sparkling 8]
[(<FieldType.MEDIUM: 1>, True)]
100
None
[]
[White 8]
[(<FieldType.LARGE: 2>, False), (<FieldType.MEDIUM: 1>, False), (<FieldType.LARGE: 2>, False), (<FieldType.MEDIUM: 1>, False)]
Got next objective
[Red 2, White 2]
[White 8]
[(<FieldType.MEDIUM: 1>, True), (<FieldType.MEDIUM: 1>, False), (<FieldType.LARGE: 2>, False), (<FieldType.MEDIUM: 1>, False)]
[White 8]
[(<FieldType.MEDIUM: 1>, False), (<FieldType.LARGE: 2>, False), (<FieldType.MEDIUM: 1>, False)]
[White 8]
[(<FieldType.LARGE: 2>, False), (<FieldType.MEDIUM: 1>, False)]
Switched from next -> current
[Red 2, White 2]
[(<FieldType.MEDIUM: 1>, False)]
None
[]
None
[]
None
[]
None
[]
101
None
[]
[White 2, Sparkling 8]
[(<FieldType.MEDIUM: 1>, True)]
None
[]
[Red 5, White 3]
[(<FieldType.MEDIUM: 1>, True)]
None
[]
[White 4, White 3]
[(<FieldType.MEDIUM: 1>, True)]
None
[]
None
[]
[Blush 6, Blush 5]
[(<FieldType.MEDIUM: 1>, True)]
102
None
[]
[White 4, Sparkling 7]
[(<FieldType.MEDIUM: 1>, True)]
None
[]
[Red 4, White 2]
[(<FieldType.LARGE: 2>, False)]
None
[]
[White 5]
[(<FieldType.LARGE: 2>, False)]
None
[]
[White 8]
[(<FieldType.MEDIUM: 1>, False), (<FieldType.LARGE: 2>, False), (<FieldType.LARGE: 2>, False), (<FieldType.LARGE: 2>, False)]
Got next objective
[Blush 8]
[White 8]
[(<FieldType.MEDIUM: 1>, True), (<FieldType.LARGE: 2>, False), (<FieldType.MEDIUM: 1>, False), (<FieldType.MEDIUM: 1>, False)]
[White 8]
[(<FieldType.LARGE: 2>, False), (<FieldType.MEDIUM: 1>, False), (<FieldType.MEDIUM: 1>, False)]
[White 8]
[(<FieldType.MEDIUM: 1>, False), (<FieldType.MEDIUM: 1>, False)]
Switched from next -> current
[Blush 8]
[(<FieldType.MEDIUM: 1>, False)]
None
[]
103
None
[]
[Red 7, Red 6]
[(<FieldType.LARGE: 2>, True)]
None
[]
[Sparkling 9]
[(<FieldType.MEDIUM: 1>, True)]
None
[]
None
[]
[Red 4, Blush 7]
[(<FieldType.LARGE: 2>, True)]
None
[]
[Red 6, White 6]
[(<FieldType.LARGE: 2>, True), (<FieldType.LARGE: 2>, True)]
[Red 6, White 6]
[(<FieldType.LARGE: 2>, True)]
104
None
[]
[Blush 8]
[(<FieldType.MEDIUM: 1>, False)]
None
[]
None
[]
[Red 5, White 3]
[(<FieldType.LARGE: 2>, True)]
None
[]
None
[]
[Red 4, Blush 7]
[(<FieldType.LARGE: 2>, False)]
105
None
[]
None
[]
None
[]
None
[]
[White 4, White 3]
[(<FieldType.MEDIUM: 1>, True)]
None
[]
None
[]
[Blush 6, Blush 5]
[(<FieldType.MEDIUM: 1>, True)]
None
[]
106
None
[]
[White 4, White 3]
[(<FieldType.MEDIUM: 1>, True)]
None
[]
None
[]
None
[]
[Red 8]
[(<FieldType.MEDIUM: 1>, False), (<FieldType.LARGE: 2>, False)]
Got next objective
[Red 4, White 2]
[Red 8]
[(<FieldType.MEDIUM: 1>, True), (<FieldType.LARGE: 2>, False)]
Switched from next -> current
[Red 4, White 2]
[(<FieldType.LARGE: 2>, False)]
None
[]
None
[]
107
None
[]
[Red 3, White 3]
[(<FieldType.MEDIUM: 1>, False)]
None
[]
None
[]
None
[]
None
[]
None
[]
[Red 2, White 2, Blush 5]
[(<FieldType.MEDIUM: 1>, True)]
None
[]
108
None
[]
None
[]
[Red 2, White 2, Blush 5]
[(<FieldType.MEDIUM: 1>, True)]
None
[]
[Red 3, White 5]
[(<FieldType.MEDIUM: 1>, False)]
None
[]
None
[]
[White 3, Sparkling 7]
[(<FieldType.MEDIUM: 1>, True)]
109
None
[]
[White 4, White 3, White 2]
[(<FieldType.MEDIUM: 1>, True), (<FieldType.MEDIUM: 1>, True)]
[White 4, White 3, White 2]
[(<FieldType.MEDIUM: 1>, True)]
None
[]
[Red 6, White 6]
[(<FieldType.LARGE: 2>, False), (<FieldType.MEDIUM: 1>, False)]
Got next objective
[Red 4, Red 3, Red 2]
[Red 6, White 6]
[(<FieldType.MEDIUM: 1>, True), (<FieldType.LARGE: 2>, False)]
Switched from next -> current
[Red 4, Red 3, Red 2]
[(<FieldType.LARGE: 2>, False)]
None
[]
None
[]
110
None
[]
[White 2, Sparkling 8]
[(<FieldType.MEDIUM: 1>, True)]
None
[]
[Sparkling 7]
[(<FieldType.LARGE: 2>, True)]
None
[]
None
[]
[White 7, White 6]
[(<FieldType.MEDIUM: 1>, True), (<FieldType.MEDIUM: 1>, True), (<FieldType.LARGE: 2>, True)]
[White 7, White 6]
[(<FieldType.MEDIUM: 1>, True), (<FieldType.LARGE: 2>, True)]
[White 7, White 6]
[(<FieldType.LARGE: 2>, True)]
None
[]
111
None
[]
[Red 4, Blush 7]
[(<FieldType.LARGE: 2>, True)]
None
[]
[Red 3, White 3]
[(<FieldType.MEDIUM: 1>, False)]
None
[]
None
[]
None
[]
[White 4, White 3, White 2]
[(<FieldType.MEDIUM: 1>, True), (<FieldType.MEDIUM: 1>, True)]
[White 4, White 3, White 2]
[(<FieldType.MEDIUM: 1>, True)]
None
[]
112
None
[]
[Red 4, Red 3, Red 2]
[(<FieldType.LARGE: 2>, True), (<FieldType.MEDIUM: 1>, True)]
[Red 4, Red 3, Red 2]
[(<FieldType.MEDIUM: 1>, True)]
None
[]
None
[]
None
[]
None
[]
None
[]
113
None
[]
[White 2, Sparkling 8]
[(<FieldType.MEDIUM: 1>, True)]
None
[]
[White 4, Blush 4]
[(<FieldType.MEDIUM: 1>, True)]
None
[]
[White 4, Sparkling 7]
[(<FieldType.MEDIUM: 1>, True)]
None
[]
None
[]
114
None
[]
[Red 4, White 2]
[(<FieldType.LARGE: 2>, False)]
None
[]
[White 3, Sparkling 8]
[(<FieldType.MEDIUM: 1>, True)]
None
[]
None
[]
[Red 8]
[(<FieldType.LARGE: 2>, False), (<FieldType.LARGE: 2>, False)]
Got next objective
[White 4, White 3, White 2]
[Red 8]
[(<FieldType.MEDIUM: 1>, True), (<FieldType.MEDIUM: 1>, True), (<FieldType.MEDIUM: 1>, True)]
Switched from next -> current
[White 4, White 3, White 2]
[(<FieldType.MEDIUM: 1>, True), (<FieldType.MEDIUM: 1>, True)]
[White 4, White 3, White 2]
[(<FieldType.MEDIUM: 1>, True)]
None
[]
[White 4, Sparkling 7]
[(<FieldType.MEDIUM: 1>, True)]
115
None
[]
[White 3, Blush 7]
[(<FieldType.MEDIUM: 1>, True)]
None
[]
None
[]
[White 3, Sparkling 8]
[(<FieldType.MEDIUM: 1>, True)]
None
[]
None
[]
[Red 4, Blush 7]
[(<FieldType.LARGE: 2>, True)]
116
None
[]
[Red 4, Blush 4]
[(<FieldType.MEDIUM: 1>, True)]
None
[]
[Red 4, Red 3, Red 2]
[(<FieldType.LARGE: 2>, True), (<FieldType.LARGE: 2>, True)]
[Red 4, Red 3, Red 2]
[(<FieldType.LARGE: 2>, True)]
None
[]
None
[]
[Red 8]
[(<FieldType.MEDIUM: 1>, False), (<FieldType.MEDIUM: 1>, False)]
Got next objective
[White 8]
[Red 8]
[(<FieldType.MEDIUM: 1>, True), (<FieldType.LARGE: 2>, False), (<FieldType.LARGE: 2>, False), (<FieldType.LARGE: 2>, False), (<FieldType.MEDIUM: 1>, False)]
Switched from next -> current
[White 8]
[(<FieldType.LARGE: 2>, False), (<FieldType.LARGE: 2>, False), (<FieldType.LARGE: 2>, False), (<FieldType.MEDIUM: 1>, False)]
Got next objective
[White 7, White 6]
[White 8]
[(<FieldType.MEDIUM: 1>, True), (<FieldType.MEDIUM: 1>, False), (<FieldType.LARGE: 2>, False), (<FieldType.LARGE: 2>, False)]
[White 8]
[(<FieldType.MEDIUM: 1>, False), (<FieldType.LARGE: 2>, False), (<FieldType.LARGE: 2>, False)]
Switched from next -> current
[White 7, White 6]
[(<FieldType.LARGE: 2>, False), (<FieldType.LARGE: 2>, False)]
117
None
[]
None
[]
[White 5]
[(<FieldType.LARGE: 2>, False)]
None
[]
None
[]
None
[]
[Blush 8]
[(<FieldType.MEDIUM: 1>, False)]
None
[]
118
None
[]
None
[]
[Red 5, White 3]
[(<FieldType.MEDIUM: 1>, True)]
None
[]
[White 8]
[(<FieldType.LARGE: 2>, False), (<FieldType.LARGE: 2>, False), (<FieldType.MEDIUM: 1>, False), (<FieldType.MEDIUM: 1>, False)]
Got next objective
[White 3, Sparkling 7]
[White 8]
[(<FieldType.MEDIUM: 1>, True), (<FieldType.MEDIUM: 1>, True), (<FieldType.MEDIUM: 1>, False), (<FieldType.MEDIUM: 1>, False)]
[White 8]
[(<FieldType.MEDIUM: 1>, True), (<FieldType.MEDIUM: 1>, False), (<FieldType.MEDIUM: 1>, False)]
[White 8]
[(<FieldType.MEDIUM: 1>, False), (<FieldType.MEDIUM: 1>, False)]
Switched from next -> current
[White 3, Sparkling 7]
[(<FieldType.MEDIUM: 1>, False)]
None
[]
None
[]
119
None
[]
None
[]
[Red 6, White 6]
[(<FieldType.MEDIUM: 1>, True), (<FieldType.LARGE: 2>, True)]
[Red 6, White 6]
[(<FieldType.LARGE: 2>, True)]
None
[]
[Red 7, Red 6]
[(<FieldType.LARGE: 2>, False)]
None
[]
None
[]
[Blush 6, Blush 5]
[(<FieldType.MEDIUM: 1>, True)]
120
None
[]
None
[]
[Red 2, White 2, Blush 5]
[(<FieldType.MEDIUM: 1>, True)]
None
[]
[Red 4, Blush 4]
[(<FieldType.MEDIUM: 1>, True)]
None
[]
[White 4, Sparkling 7]
[(<FieldType.MEDIUM: 1>, True)]
None
[]
[Red 6, White 6]
[(<FieldType.MEDIUM: 1>, True), (<FieldType.LARGE: 2>, True)]
[Red 6, White 6]
[(<FieldType.LARGE: 2>, True)]
121
None
[]
[White 4, White 3, White 2]
[(<FieldType.MEDIUM: 1>, True), (<FieldType.MEDIUM: 1>, True)]
[White 4, White 3, White 2]
[(<FieldType.MEDIUM: 1>, True)]
None
[]
None
[]
None
[]
[Red 2, White 2, Blush 5]
[(<FieldType.MEDIUM: 1>, True)]
None
[]
None
[]
122
None
[]
[White 4, Sparkling 7]
[(<FieldType.MEDIUM: 1>, True)]
None
[]
None
[]
[White 7, White 6]
[(<FieldType.MEDIUM: 1>, True), (<FieldType.LARGE: 2>, True), (<FieldType.LARGE: 2>, True)]
[White 7, White 6]
[(<FieldType.LARGE: 2>, True), (<FieldType.LARGE: 2>, True)]
[White 7, White 6]
[(<FieldType.LARGE: 2>, True)]
None
[]
None
[]
[White 2, Sparkling 8]
[(<FieldType.MEDIUM: 1>, True)]
123
None
[]
[Red 3, White 1]
[(<FieldType.MEDIUM: 1>, False)]
None
[]
None
[]
[Red 4, Red 3, Red 2]
[(<FieldType.LARGE: 2>, True), (<FieldType.MEDIUM: 1>, True)]
[Red 4, Red 3, Red 2]
[(<FieldType.MEDIUM: 1>, True)]
None
[]
None
[]
[White 3, Sparkling 8]
[(<FieldType.MEDIUM: 1>, True)]
124
None
[]
[Red 6, White 6]
[(<FieldType.LARGE: 2>, True), (<FieldType.MEDIUM: 1>, True)]
[Red 6, White 6]
[(<FieldType.MEDIUM: 1>, True)]
None
[]
None
[]
None
[]
None
[]
[Red 2, White 2, Blush 5]
[(<FieldType.MEDIUM: 1>, True)]
125
None
[]
[Red 4, White 2]
[(<FieldType.LARGE: 2>, False)]
None
[]
None
[]
[White 5]
[(<FieldType.MEDIUM: 1>, False)]
None
[]
[White 4, White 3, White 2]
[(<FieldType.MEDIUM: 1>, True)]
None
[]
None
[]
126
None
[]
[Blush 8]
[(<FieldType.LARGE: 2>, False)]
None
[]
None
[]
None
[]
[Red 4, Red 3, Red 2]
[(<FieldType.MEDIUM: 1>, True)]
None
[]
None
[]
[Red 6, White 6]
[(<FieldType.LARGE: 2>, False)]
127
None
[]
None
[]
[Blush 8]
[(<FieldType.MEDIUM: 1>, False)]
None
[]
[White 8]
[(<FieldType.LARGE: 2>, False), (<FieldType.LARGE: 2>, False), (<FieldType.MEDIUM: 1>, False)]
Got next objective
[Blush 4]
[White 8]
[(<FieldType.MEDIUM: 1>, True), (<FieldType.LARGE: 2>, False), (<FieldType.MEDIUM: 1>, False)]
[White 8]
[(<FieldType.LARGE: 2>, False), (<FieldType.MEDIUM: 1>, False)]
Switched from next -> current
[Blush 4]
[(<FieldType.MEDIUM: 1>, False)]
None
[]
None
[]
None
[]
128
None
[]
[White 3, Sparkling 7]
[(<FieldType.MEDIUM: 1>, True)]
None
[]
[Red 4, Blush 4]
[(<FieldType.MEDIUM: 1>, True)]
None
[]
[Red 6, White 6]
[(<FieldType.LARGE: 2>, True), (<FieldType.MEDIUM: 1>, True)]
[Red 6, White 6]
[(<FieldType.MEDIUM: 1>, True)]
None
[]
None
[]
[Red 7, Red 6]
[(<FieldType.LARGE: 2>, False)]
129
None
[]
[White 6]
[(<FieldType.LARGE: 2>, False), (<FieldType.MEDIUM: 1>, False)]
Got next objective
[White 4, White 3]
[White 6]
[(<FieldType.MEDIUM: 1>, True), (<FieldType.MEDIUM: 1>, True)]
Switched from next -> current
[White 4, White 3]
[(<FieldType.MEDIUM: 1>, True)]
None
[]
[Red 2, White 2, Blush 5]
[(<FieldType.MEDIUM: 1>, True)]
None
[]
None
[]
None
[]
[White 3, Blush 7]
[(<FieldType.MEDIUM: 1>, True)]
130
None
[]
None
[]
[Sparkling 9]
[(<FieldType.MEDIUM: 1>, True)]
None
[]
None
[]
[Red 5, White 3]
[(<FieldType.MEDIUM: 1>, True)]
None
[]
None
[]
[Blush 6, Blush 5]
[(<FieldType.MEDIUM: 1>, True)]
131
None
[]
[Sparkling 9]
[(<FieldType.MEDIUM: 1>, True)]
None
[]
None
[]
[Red 7, Red 6]
[(<FieldType.LARGE: 2>, True)]
None
[]
None
[]
[Red 6, White 6]
[(<FieldType.MEDIUM: 1>, False), (<FieldType.LARGE: 2>, False)]
Got next objective
[White 3, Sparkling 8]
[Red 6, White 6]
[(<FieldType.MEDIUM: 1>, True), (<FieldType.LARGE: 2>, False)]
Switched from next -> current
132
None
[]
[Sparkling 7]
[(<FieldType.LARGE: 2>, True)]
None
[]
[White 3, Blush 7]
[(<FieldType.MEDIUM: 1>, True)]
None
[]
None
[]
[White 7, White 6]
[(<FieldType.MEDIUM: 1>, True), (<FieldType.LARGE: 2>, True), (<FieldType.LARGE: 2>, True)]
[White 7, White 6]
[(<FieldType.LARGE: 2>, True), (<FieldType.LARGE: 2>, True)]
[White 7, White 6]
[(<FieldType.LARGE: 2>, True)]
None
[]
133
None
[]
[Red 4, Blush 4]
[(<FieldType.LARGE: 2>, True)]
None
[]
[Red 4, Red 3, Red 2]
[(<FieldType.LARGE: 2>, True), (<FieldType.MEDIUM: 1>, True)]
[Red 4, Red 3, Red 2]
[(<FieldType.MEDIUM: 1>, True)]
None
[]
None
[]
[Sparkling 9]
[(<FieldType.LARGE: 2>, True)]
None
[]
[White 7, White 6]
[(<FieldType.MEDIUM: 1>, True), (<FieldType.MEDIUM: 1>, True), (<FieldType.MEDIUM: 1>, True)]
[White 7, White 6]
[(<FieldType.MEDIUM: 1>, True), (<FieldType.MEDIUM: 1>, True)]
[White 7, White 6]
[(<FieldType.MEDIUM: 1>, True)]
134
None
[]
None
[]
[White 4, White 3, White 2]
[(<FieldType.MEDIUM: 1>, True), (<FieldType.MEDIUM: 1>, True)]
[White 4, White 3, White 2]
[(<FieldType.MEDIUM: 1>, True)]
None
[]
None
[]
None
[]
[White 3, Sparkling 8]
[(<FieldType.MEDIUM: 1>, True)]
135
None
[]
[Red 3, White 5]
[(<FieldType.LARGE: 2>, False)]
None
[]
[White 2, Sparkling 8]
[(<FieldType.MEDIUM: 1>, True)]
None
[]
[White 4, Blush 4]
[(<FieldType.MEDIUM: 1>, True)]
None
[]
[White 7, White 6]
[(<FieldType.MEDIUM: 1>, True), (<FieldType.MEDIUM: 1>, True), (<FieldType.LARGE: 2>, True)]
[White 7, White 6]
[(<FieldType.MEDIUM: 1>, True), (<FieldType.LARGE: 2>, True)]
[White 7, White 6]
[(<FieldType.LARGE: 2>, True)]
None
[]
136
None
[]
None
[]
[Red 7, Red 6]
[(<FieldType.LARGE: 2>, True)]
None
[]
[Red 4, Blush 4]
[(<FieldType.MEDIUM: 1>, True)]
None
[]
[Red 3, White 3]
[(<FieldType.LARGE: 2>, False)]
None
[]
None
[]
[Blush 6, Blush 5]
[(<FieldType.MEDIUM: 1>, True)]
137
None
[]
[Sparkling 7]
[(<FieldType.MEDIUM: 1>, True)]
None
[]
[White 5]
[(<FieldType.LARGE: 2>, False)]
None
[]
None
[]
None
[]
None
[]
[White 7, White 6]
[(<FieldType.MEDIUM: 1>, True), (<FieldType.LARGE: 2>, True), (<FieldType.LARGE: 2>, True)]
[White 7, White 6]
[(<FieldType.LARGE: 2>, True), (<FieldType.LARGE: 2>, True)]
[White 7, White 6]
[(<FieldType.LARGE: 2>, True)]
None
[]
138
None
[]
[Red 5, White 3]
[(<FieldType.LARGE: 2>, True)]
None
[]
[White 5]
[(<FieldType.LARGE: 2>, False)]
None
[]
[White 7, White 6]
[(<FieldType.MEDIUM: 1>, True), (<FieldType.LARGE: 2>, True), (<FieldType.LARGE: 2>, True)]
[White 7, White 6]
[(<FieldType.LARGE: 2>, True), (<FieldType.LARGE: 2>, True)]
[White 7, White 6]
[(<FieldType.LARGE: 2>, True)]
None
[]
None
[]
None
[]
139
None
[]
[Red 7, Red 6]
[(<FieldType.LARGE: 2>, True)]
None
[]
[White 6]
[(<FieldType.LARGE: 2>, False), (<FieldType.MEDIUM: 1>, False)]
Got next objective
[White 3, Blush 7]
[White 6]
[(<FieldType.MEDIUM: 1>, True), (<FieldType.MEDIUM: 1>, True)]
Switched from next -> current
[White 3, Blush 7]
[(<FieldType.MEDIUM: 1>, True)]
None
[]
[Red 8]
[(<FieldType.MEDIUM: 1>, False), (<FieldType.LARGE: 2>, False)]
Got next objective
[Red 2, White 2]
[Red 8]
[(<FieldType.MEDIUM: 1>, True), (<FieldType.LARGE: 2>, False)]
Switched from next -> current
[Red 2, White 2]
[(<FieldType.LARGE: 2>, False)]
None
[]
140
None
[]
[White 5]
[(<FieldType.MEDIUM: 1>, False)]
None
[]
None
[]
None
[]
[Red 3, White 5]
[(<FieldType.MEDIUM: 1>, False)]
None
[]
None
[]
141
None
[]
[Sparkling 7]
[(<FieldType.LARGE: 2>, True)]
None
[]
[White 4, White 3]
[(<FieldType.MEDIUM: 1>, True)]
None
[]
None
[]
None
[]
[White 3, Sparkling 7]
[(<FieldType.MEDIUM: 1>, True)]
None
[]
142
None
[]
[Red 3, White 1]
[(<FieldType.MEDIUM: 1>, False)]
None
[]
None
[]
None
[]
[White 4, Blush 4]
[(<FieldType.MEDIUM: 1>, True)]
None
[]
None
[]
None
[]
[White 6]
[(<FieldType.LARGE: 2>, False)]
143
None
[]
[Blush 6, Blush 5]
[(<FieldType.MEDIUM: 1>, True)]
None
[]
None
[]
[Red 4, Red 3]
[(<FieldType.LARGE: 2>, True)]
None
[]
[White 7, White 6]
[(<FieldType.MEDIUM: 1>, False), (<FieldType.MEDIUM: 1>, False)]
Got next objective
[Red 2, White 2]
[White 7, White 6]
[(<FieldType.MEDIUM: 1>, True), (<FieldType.LARGE: 2>, False)]
Switched from next -> current
[Red 2, White 2]
[(<FieldType.LARGE: 2>, False)]
None
[]
144
None
[]
None
[]
[White 3, Sparkling 7]
[(<FieldType.MEDIUM: 1>, True)]
None
[]
[Red 4, Red 3]
[(<FieldType.LARGE: 2>, True)]
None
[]
[White 8]
[(<FieldType.LARGE: 2>, False), (<FieldType.MEDIUM: 1>, False)]
Got next objective
[Red 2, White 4]
[White 8]
[(<FieldType.MEDIUM: 1>, True), (<FieldType.LARGE: 2>, False)]
Switched from next -> current
[Red 2, White 4]
[(<FieldType.LARGE: 2>, False)]
None
[]
145
None
[]
[Sparkling 7]
[(<FieldType.MEDIUM: 1>, True)]
None
[]
[White 7, White 6]
[(<FieldType.LARGE: 2>, False), (<FieldType.LARGE: 2>, False)]
Got next objective
[Red 4, Blush 7]
[White 7, White 6]
[(<FieldType.MEDIUM: 1>, True), (<FieldType.MEDIUM: 1>, False)]
Switched from next -> current
[Red 4, Blush 7]
[(<FieldType.MEDIUM: 1>, False)]
None
[]
None
[]
146
None
[]
[White 6]
[(<FieldType.MEDIUM: 1>, False), (<FieldType.MEDIUM: 1>, False)]
Got next objective
[Red 6, White 6]
[White 6]
[(<FieldType.MEDIUM: 1>, True), (<FieldType.MEDIUM: 1>, False), (<FieldType.LARGE: 2>, False)]
Switched from next -> current
[Red 6, White 6]
[(<FieldType.MEDIUM: 1>, False), (<FieldType.LARGE: 2>, False)]
Got next objective
[White 4, White 3, White 2]
[Red 6, White 6]
[(<FieldType.MEDIUM: 1>, True), (<FieldType.MEDIUM: 1>, False)]
Switched from next -> current
[White 4, White 3, White 2]
[(<FieldType.MEDIUM: 1>, False)]
None
[]
None
[]
[Red 2, White 2, Blush 5]
[(<FieldType.MEDIUM: 1>, True)]
None
[]
147
None
[]
[White 2, Sparkling 8]
[(<FieldType.MEDIUM: 1>, True)]
None
[]
[Blush 6, Blush 5]
[(<FieldType.MEDIUM: 1>, True)]
None
[]
[Red 8]
[(<FieldType.MEDIUM: 1>, False), (<FieldType.LARGE: 2>, False)]
Got next objective
[Sparkling 9]
[Red 8]
[(<FieldType.LARGE: 2>, True), (<FieldType.MEDIUM: 1>, False)]
Switched from next -> current
[Sparkling 9]
[(<FieldType.MEDIUM: 1>, False)]
148
None
[]
[Sparkling 9]
[(<FieldType.MEDIUM: 1>, True)]
None
[]
[White 4, White 3, White 2]
[(<FieldType.MEDIUM: 1>, True)]
None
[]
[White 4, White 3]
[(<FieldType.MEDIUM: 1>, True)]
None
[]
[Red 7, Red 6]
[(<FieldType.LARGE: 2>, False)]
None
[]
149
None
[]
[White 3, Sparkling 7]
[(<FieldType.MEDIUM: 1>, True)]
None
[]
[White 4, Blush 4]
[(<FieldType.MEDIUM: 1>, True)]
None
[]
None
[]
None
[]
[White 2, Sparkling 8]
[(<FieldType.MEDIUM: 1>, True)]
150
None
[]
[Red 3, White 1]
[(<FieldType.LARGE: 2>, False)]
None
[]
[Red 4, Blush 7]
[(<FieldType.LARGE: 2>, False)]
None
[]
None
[]
None
[]
[Red 4, White 2]
[(<FieldType.LARGE: 2>, False)]
None
[]
[Red 3, White 5]
[(<FieldType.LARGE: 2>, False)]
151
None
[]
[White 7, White 6]
[(<FieldType.MEDIUM: 1>, True), (<FieldType.LARGE: 2>, True), (<FieldType.MEDIUM: 1>, True)]
[White 7, White 6]
[(<FieldType.LARGE: 2>, True), (<FieldType.MEDIUM: 1>, True)]
[White 7, White 6]
[(<FieldType.MEDIUM: 1>, True)]
None
[]
None
[]
[White 4, White 3, White 2]
[(<FieldType.MEDIUM: 1>, True), (<FieldType.MEDIUM: 1>, True)]
[White 4, White 3, White 2]
[(<FieldType.MEDIUM: 1>, True)]
None
[]
[White 4, White 3]
[(<FieldType.MEDIUM: 1>, True)]
None
[]
152
None
[]
None
[]
None
[]
[Red 6, White 6]
[(<FieldType.LARGE: 2>, True), (<FieldType.LARGE: 2>, True)]
[Red 6, White 6]
[(<FieldType.LARGE: 2>, True)]
None
[]
[White 3, Sparkling 8]
[(<FieldType.MEDIUM: 1>, True)]
None
[]
153
None
[]
None
[]
[Red 4, Red 3]
[(<FieldType.LARGE: 2>, True)]
None
[]
None
[]
[White 3, Sparkling 7]
[(<FieldType.MEDIUM: 1>, True)]
None
[]
[White 3, Blush 7]
[(<FieldType.MEDIUM: 1>, True)]
None
[]
154
None
[]
None
[]
[Red 3, White 3]
[(<FieldType.LARGE: 2>, False)]
None
[]
None
[]
None
[]
[Sparkling 9]
[(<FieldType.MEDIUM: 1>, True)]
None
[]
[White 6]
[(<FieldType.MEDIUM: 1>, False), (<FieldType.MEDIUM: 1>, False)]
Got next objective
[Red 4, Blush 4]
[White 6]
[(<FieldType.LARGE: 2>, True), (<FieldType.MEDIUM: 1>, False)]
Switched from next -> current
155
None
[]
None
[]
[White 8]
[(<FieldType.MEDIUM: 1>, False), (<FieldType.LARGE: 2>, False), (<FieldType.MEDIUM: 1>, False), (<FieldType.LARGE: 2>, False)]
Got next objective
[Red 2, White 2, Blush 5]
[White 8]
[(<FieldType.MEDIUM: 1>, True), (<FieldType.MEDIUM: 1>, False), (<FieldType.MEDIUM: 1>, False), (<FieldType.LARGE: 2>, False)]
[White 8]
[(<FieldType.MEDIUM: 1>, False), (<FieldType.MEDIUM: 1>, False), (<FieldType.LARGE: 2>, False)]
[White 8]
[(<FieldType.MEDIUM: 1>, False), (<FieldType.LARGE: 2>, False)]
Switched from next -> current
[Red 2, White 2, Blush 5]
[(<FieldType.LARGE: 2>, False)]
None
[]
None
[]
None
[]
156
None
[]
[Blush 6, Blush 5]
[(<FieldType.MEDIUM: 1>, True)]
None
[]
[White 2, Sparkling 8]
[(<FieldType.MEDIUM: 1>, True)]
None
[]
[Red 2, White 2, Blush 5]
[(<FieldType.MEDIUM: 1>, True)]
None
[]
[Red 3, White 5]
[(<FieldType.MEDIUM: 1>, False)]
157
None
[]
[White 2, Sparkling 8]
[(<FieldType.MEDIUM: 1>, True)]
None
[]
[White 3, Sparkling 7]
[(<FieldType.MEDIUM: 1>, True)]
None
[]
None
[]
[Red 4, Red 3, Red 2]
[(<FieldType.LARGE: 2>, True), (<FieldType.LARGE: 2>, True)]
[Red 4, Red 3, Red 2]
[(<FieldType.LARGE: 2>, True)]
None
[]
158
None
[]
[White 4, White 3]
[(<FieldType.MEDIUM: 1>, True)]
None
[]
[White 3, Sparkling 7]
[(<FieldType.MEDIUM: 1>, True)]
None
[]
None
[]
[White 8]
[(<FieldType.MEDIUM: 1>, False), (<FieldType.LARGE: 2>, False), (<FieldType.MEDIUM: 1>, False), (<FieldType.MEDIUM: 1>, False)]
Got next objective
[White 5]
[White 8]
[(<FieldType.LARGE: 2>, True), (<FieldType.LARGE: 2>, False), (<FieldType.MEDIUM: 1>, False), (<FieldType.MEDIUM: 1>, False)]
[White 8]
[(<FieldType.LARGE: 2>, False), (<FieldType.MEDIUM: 1>, False), (<FieldType.MEDIUM: 1>, False)]
[White 8]
[(<FieldType.MEDIUM: 1>, False), (<FieldType.MEDIUM: 1>, False)]
Switched from next -> current
[White 5]
[(<FieldType.MEDIUM: 1>, False)]
159
None
[]
[White 8]
[(<FieldType.MEDIUM: 1>, False), (<FieldType.LARGE: 2>, False), (<FieldType.LARGE: 2>, False), (<FieldType.MEDIUM: 1>, False)]
Got next objective
[White 4, White 3, White 2]
[White 8]
[(<FieldType.MEDIUM: 1>, True), (<FieldType.MEDIUM: 1>, True), (<FieldType.MEDIUM: 1>, False), (<FieldType.LARGE: 2>, False)]
[White 8]
[(<FieldType.MEDIUM: 1>, True), (<FieldType.MEDIUM: 1>, False), (<FieldType.LARGE: 2>, False)]
[White 8]
[(<FieldType.MEDIUM: 1>, False), (<FieldType.LARGE: 2>, False)]
Switched from next -> current
[White 4, White 3, White 2]
[(<FieldType.LARGE: 2>, False)]
None
[]
None
[]
[Red 2, White 2, Blush 5]
[(<FieldType.MEDIUM: 1>, True)]
None
[]
None
[]
160
None
[]
[Red 4, White 2]
[(<FieldType.LARGE: 2>, False)]
None
[]
[Red 2, White 2, Blush 5]
[(<FieldType.MEDIUM: 1>, True)]
None
[]
[White 7, White 6]
[(<FieldType.MEDIUM: 1>, True), (<FieldType.LARGE: 2>, True), (<FieldType.LARGE: 2>, True)]
[White 7, White 6]
[(<FieldType.LARGE: 2>, True), (<FieldType.LARGE: 2>, True)]
[White 7, White 6]
[(<FieldType.LARGE: 2>, True)]
None
[]
[White 4, Sparkling 7]
[(<FieldType.MEDIUM: 1>, True)]
None
[]
[White 3, Sparkling 8]
[(<FieldType.MEDIUM: 1>, True)]
161
None
[]
[Red 4, Red 3, Red 2]
[(<FieldType.MEDIUM: 1>, True), (<FieldType.LARGE: 2>, True)]
[Red 4, Red 3, Red 2]
[(<FieldType.LARGE: 2>, True)]
None
[]
[White 4, Sparkling 7]
[(<FieldType.MEDIUM: 1>, True)]
None
[]
None
[]
[Red 6, White 6]
[(<FieldType.MEDIUM: 1>, True), (<FieldType.LARGE: 2>, True)]
[Red 6, White 6]
[(<FieldType.LARGE: 2>, True)]
None
[]
[White 7, White 6]
[(<FieldType.LARGE: 2>, False), (<FieldType.LARGE: 2>, False)]
Got next objective
[White 4, White 3]
[White 7, White 6]
[(<FieldType.MEDIUM: 1>, True), (<FieldType.MEDIUM: 1>, True)]
Switched from next -> current
162
None
[]
[White 4, Blush 4]
[(<FieldType.MEDIUM: 1>, True)]
None
[]
[Red 4, Red 3, Red 2]
[(<FieldType.MEDIUM: 1>, True)]
None
[]
None
[]
[White 3, Sparkling 7]
[(<FieldType.LARGE: 2>, True)]
None
[]
None
[]
[Red 7, Red 6]
[(<FieldType.LARGE: 2>, True)]
163
None
[]
[Red 7, Red 6]
[(<FieldType.LARGE: 2>, True)]
None
[]
None
[]
[Red 8]
[(<FieldType.MEDIUM: 1>, False), (<FieldType.LARGE: 2>, False)]
Got next objective
[Red 2, White 2, Blush 5]
[Red 8]
[(<FieldType.LARGE: 2>, True), (<FieldType.MEDIUM: 1>, True)]
Switched from next -> current
[Red 2, White 2, Blush 5]
[(<FieldType.MEDIUM: 1>, True)]
None
[]
164
None
[]
[Red 7, Red 6]
[(<FieldType.LARGE: 2>, True)]
None
[]
[Red 3, White 1]
[(<FieldType.LARGE: 2>, False)]
None
[]
[White 3, Blush 7]
[(<FieldType.MEDIUM: 1>, True)]
None
[]
None
[]
[Red 6, White 6]
[(<FieldType.LARGE: 2>, False), (<FieldType.LARGE: 2>, False)]
Got next objective
[Sparkling 7]
[Red 6, White 6]
[(<FieldType.MEDIUM: 1>, True), (<FieldType.MEDIUM: 1>, False)]
Switched from next -> current
165
None
[]
None
[]
None
[]
[Red 6, White 6]
[(<FieldType.LARGE: 2>, True), (<FieldType.LARGE: 2>, True)]
[Red 6, White 6]
[(<FieldType.LARGE: 2>, True)]
None
[]
[White 8]
[(<FieldType.LARGE: 2>, False), (<FieldType.MEDIUM: 1>, False), (<FieldType.LARGE: 2>, False), (<FieldType.LARGE: 2>, False)]
Got next objective
[Red 4, Blush 7]
[White 8]
[(<FieldType.MEDIUM: 1>, True), (<FieldType.LARGE: 2>, False), (<FieldType.LARGE: 2>, False), (<FieldType.LARGE: 2>, False)]
[White 8]
[(<FieldType.LARGE: 2>, False), (<FieldType.LARGE: 2>, False), (<FieldType.LARGE: 2>, False)]
[White 8]
[(<FieldType.LARGE: 2>, False), (<FieldType.LARGE: 2>, False)]
Switched from next -> current
[Red 4, Blush 7]
[(<FieldType.LARGE: 2>, False)]
None
[]
[White 2, Sparkling 8]
[(<FieldType.MEDIUM: 1>, True)]
166
None
[]
[Red 7, Red 6]
[(<FieldType.LARGE: 2>, True)]
None
[]
[Red 8]
[(<FieldType.LARGE: 2>, False), (<FieldType.LARGE: 2>, False)]
Got next objective
[Red 2, White 2]
[Red 8]
[(<FieldType.MEDIUM: 1>, True), (<FieldType.LARGE: 2>, False)]
Switched from next -> current
[Red 2, White 2]
[(<FieldType.LARGE: 2>, False)]
None
[]
[White 3, Blush 7]
[(<FieldType.MEDIUM: 1>, True)]
None
[]
None
[]
167
None
[]
[Red 3, White 3]
[(<FieldType.LARGE: 2>, False)]
None
[]
None
[]
[Red 3, White 5]
[(<FieldType.LARGE: 2>, False)]
None
[]
None
[]
[Red 7, Red 6]
[(<FieldType.MEDIUM: 1>, False)]
None
[]
[Red 8]
[(<FieldType.MEDIUM: 1>, False), (<FieldType.LARGE: 2>, False)]
Got next objective
[White 3, Sparkling 8]
[Red 8]
[(<FieldType.MEDIUM: 1>, True), (<FieldType.MEDIUM: 1>, False)]
Switched from next -> current
168
None
[]
None
[]
None
[]
[Red 4, Blush 4]
[(<FieldType.MEDIUM: 1>, True)]
None
[]
[Red 4, Blush 7]
[(<FieldType.LARGE: 2>, True)]
None
[]
[White 8]
[(<FieldType.MEDIUM: 1>, False), (<FieldType.MEDIUM: 1>, False), (<FieldType.LARGE: 2>, False), (<FieldType.MEDIUM: 1>, False)]
Got next objective
[White 6]
[White 8]
[(<FieldType.LARGE: 2>, True), (<FieldType.MEDIUM: 1>, False), (<FieldType.LARGE: 2>, False), (<FieldType.MEDIUM: 1>, False)]
[White 8]
[(<FieldType.MEDIUM: 1>, False), (<FieldType.LARGE: 2>, False), (<FieldType.MEDIUM: 1>, False)]
[White 8]
[(<FieldType.LARGE: 2>, False), (<FieldType.MEDIUM: 1>, False)]
Switched from next -> current
[White 6]
[(<FieldType.MEDIUM: 1>, False)]
169
None
[]
[White 2, Sparkling 8]
[(<FieldType.MEDIUM: 1>, True)]
None
[]
[Red 3, White 1]
[(<FieldType.LARGE: 2>, False)]
None
[]
[White 4, Blush 4]
[(<FieldType.MEDIUM: 1>, True)]
None
[]
None
[]
[Red 3, White 5]
[(<FieldType.LARGE: 2>, False)]
None
[]
170
None
[]
[White 8]
[(<FieldType.MEDIUM: 1>, False), (<FieldType.MEDIUM: 1>, False), (<FieldType.MEDIUM: 1>, False), (<FieldType.LARGE: 2>, False)]
Got next objective
[White 2, Sparkling 8]
[White 8]
[(<FieldType.MEDIUM: 1>, True), (<FieldType.MEDIUM: 1>, False), (<FieldType.MEDIUM: 1>, False), (<FieldType.LARGE: 2>, False)]
[White 8]
[(<FieldType.MEDIUM: 1>, False), (<FieldType.MEDIUM: 1>, False), (<FieldType.LARGE: 2>, False)]
[White 8]
[(<FieldType.MEDIUM: 1>, False), (<FieldType.LARGE: 2>, False)]
Switched from next -> current
[White 2, Sparkling 8]
[(<FieldType.LARGE: 2>, False)]
None
[]
None
[]
None
[]
171
None
[]
[Red 5, White 3]
[(<FieldType.MEDIUM: 1>, True)]
None
[]
None
[]
None
[]
[Red 4, Red 3, Red 2]
[(<FieldType.LARGE: 2>, True)]
None
[]
[White 4, White 3]
[(<FieldType.MEDIUM: 1>, True)]
None
[]
[White 8]
[(<FieldType.LARGE: 2>, False), (<FieldType.MEDIUM: 1>, False), (<FieldType.MEDIUM: 1>, False), (<FieldType.LARGE: 2>, False)]
Got next objective
[White 4, Blush 4]
[White 8]
[(<FieldType.MEDIUM: 1>, True), (<FieldType.MEDIUM: 1>, True), (<FieldType.LARGE: 2>, False), (<FieldType.MEDIUM: 1>, False)]
[White 8]
[(<FieldType.MEDIUM: 1>, True), (<FieldType.LARGE: 2>, False), (<FieldType.MEDIUM: 1>, False)]
[White 8]
[(<FieldType.LARGE: 2>, False), (<FieldType.MEDIUM: 1>, False)]
Switched from next -> current
172
None
[]
None
[]
[Red 4, Red 3]
[(<FieldType.LARGE: 2>, True)]
None
[]
[Red 3, White 3]
[(<FieldType.MEDIUM: 1>, False)]
None
[]
None
[]
None
[]
[Red 6, White 6]
[(<FieldType.LARGE: 2>, False), (<FieldType.MEDIUM: 1>, False)]
Got next objective
[White 2, Sparkling 8]
[Red 6, White 6]
[(<FieldType.MEDIUM: 1>, True), (<FieldType.MEDIUM: 1>, True)]
Switched from next -> current
173
None
[]
[Red 6, White 6]
[(<FieldType.MEDIUM: 1>, True), (<FieldType.LARGE: 2>, True)]
[Red 6, White 6]
[(<FieldType.LARGE: 2>, True)]
None
[]
None
[]
None
[]
[White 5]
[(<FieldType.LARGE: 2>, False)]
None
[]
[White 4, Blush 4]
[(<FieldType.MEDIUM: 1>, True)]
None
[]
174
None
[]
None
[]
[Red 4, White 2]
[(<FieldType.LARGE: 2>, False)]
None
[]
None
[]
[White 3, Sparkling 7]
[(<FieldType.MEDIUM: 1>, True)]
None
[]
[White 7, White 6]
[(<FieldType.MEDIUM: 1>, True), (<FieldType.LARGE: 2>, True), (<FieldType.MEDIUM: 1>, True)]
[White 7, White 6]
[(<FieldType.LARGE: 2>, True), (<FieldType.MEDIUM: 1>, True)]
[White 7, White 6]
[(<FieldType.MEDIUM: 1>, True)]
None
[]
175
None
[]
[Red 7, Red 6]
[(<FieldType.LARGE: 2>, True)]
None
[]
[Red 4, Red 3]
[(<FieldType.LARGE: 2>, True)]
None
[]
None
[]
[White 8]
[(<FieldType.MEDIUM: 1>, False), (<FieldType.MEDIUM: 1>, False), (<FieldType.LARGE: 2>, False), (<FieldType.LARGE: 2>, False)]
Got next objective
[Red 1, White 3]
[White 8]
[(<FieldType.LARGE: 2>, True), (<FieldType.MEDIUM: 1>, False), (<FieldType.LARGE: 2>, False), (<FieldType.MEDIUM: 1>, False)]
[White 8]
[(<FieldType.MEDIUM: 1>, False), (<FieldType.LARGE: 2>, False), (<FieldType.MEDIUM: 1>, False)]
[White 8]
[(<FieldType.LARGE: 2>, False), (<FieldType.MEDIUM: 1>, False)]
Switched from next -> current
[Red 1, White 3]
[(<FieldType.MEDIUM: 1>, False)]
None
[]
176
None
[]
[White 8]
[(<FieldType.MEDIUM: 1>, False), (<FieldType.MEDIUM: 1>, False), (<FieldType.LARGE: 2>, False), (<FieldType.LARGE: 2>, False)]
Got next objective
[Red 4, White 2]
[White 8]
[(<FieldType.LARGE: 2>, True), (<FieldType.MEDIUM: 1>, False), (<FieldType.LARGE: 2>, False), (<FieldType.LARGE: 2>, False)]
[White 8]
[(<FieldType.MEDIUM: 1>, False), (<FieldType.LARGE: 2>, False), (<FieldType.LARGE: 2>, False)]
[White 8]
[(<FieldType.LARGE: 2>, False), (<FieldType.LARGE: 2>, False)]
Switched from next -> current
[Red 4, White 2]
[(<FieldType.LARGE: 2>, False)]
None
[]
None
[]
None
[]
None
[]
None
[]
177
None
[]
[White 4, Blush 4]
[(<FieldType.MEDIUM: 1>, True)]
None
[]
[White 5]
[(<FieldType.MEDIUM: 1>, False)]
None
[]
None
[]
[White 6]
[(<FieldType.MEDIUM: 1>, False), (<FieldType.MEDIUM: 1>, False)]
Got next objective
[Red 8]
[White 6]
[(<FieldType.MEDIUM: 1>, True), (<FieldType.LARGE: 2>, False)]
Switched from next -> current
[Red 8]
[(<FieldType.LARGE: 2>, False)]
None
[]
178
None
[]
[Sparkling 9]
[(<FieldType.LARGE: 2>, True)]
None
[]
None
[]
[White 3, Sparkling 7]
[(<FieldType.MEDIUM: 1>, True)]
None
[]
[Blush 6, Blush 5]
[(<FieldType.MEDIUM: 1>, True)]
None
[]
[White 7, White 6]
[(<FieldType.MEDIUM: 1>, True), (<FieldType.MEDIUM: 1>, True), (<FieldType.MEDIUM: 1>, True)]
[White 7, White 6]
[(<FieldType.MEDIUM: 1>, True), (<FieldType.MEDIUM: 1>, True)]
[White 7, White 6]
[(<FieldType.MEDIUM: 1>, True)]
179
None
[]
[Sparkling 9]
[(<FieldType.LARGE: 2>, True)]
None
[]
None
[]
[Blush 8]
[(<FieldType.LARGE: 2>, False)]
None
[]
[Red 2, White 2, Blush 5]
[(<FieldType.MEDIUM: 1>, True)]
None
[]
[White 4, Blush 4]
[(<FieldType.MEDIUM: 1>, True)]
180
None
[]
[White 3, Sparkling 7]
[(<FieldType.MEDIUM: 1>, True)]
None
[]
[Red 8]
[(<FieldType.LARGE: 2>, False), (<FieldType.LARGE: 2>, False)]
Got next objective
[Red 3, White 5]
[Red 8]
[(<FieldType.MEDIUM: 1>, True), (<FieldType.MEDIUM: 1>, False)]
Switched from next -> current
[Red 3, White 5]
[(<FieldType.MEDIUM: 1>, False)]
None
[]
181
None
[]
[White 4, White 3, White 2]
[(<FieldType.MEDIUM: 1>, True), (<FieldType.MEDIUM: 1>, True)]
[White 4, White 3, White 2]
[(<FieldType.MEDIUM: 1>, True)]
None
[]
[White 8]
[(<FieldType.MEDIUM: 1>, False), (<FieldType.LARGE: 2>, False), (<FieldType.LARGE: 2>, False), (<FieldType.LARGE: 2>, False)]
Got next objective
[Red 4, White 2]
[White 8]
[(<FieldType.MEDIUM: 1>, True), (<FieldType.LARGE: 2>, False), (<FieldType.LARGE: 2>, False), (<FieldType.MEDIUM: 1>, False)]
[White 8]
[(<FieldType.LARGE: 2>, False), (<FieldType.LARGE: 2>, False), (<FieldType.MEDIUM: 1>, False)]
[White 8]
[(<FieldType.LARGE: 2>, False), (<FieldType.MEDIUM: 1>, False)]
Switched from next -> current
[Red 4, White 2]
[(<FieldType.MEDIUM: 1>, False)]
None
[]
None
[]
[Red 2, White 2, Blush 5]
[(<FieldType.MEDIUM: 1>, True)]
None
[]
[White 3, Blush 7]
[(<FieldType.MEDIUM: 1>, True)]
182
None
[]
[Red 4, Red 3, Red 2]
[(<FieldType.LARGE: 2>, True), (<FieldType.MEDIUM: 1>, True)]
[Red 4, Red 3, Red 2]
[(<FieldType.MEDIUM: 1>, True)]
None
[]
[Red 2, White 2, Blush 5]
[(<FieldType.LARGE: 2>, True)]
None
[]
[White 4, White 3, White 2]
[(<FieldType.MEDIUM: 1>, True), (<FieldType.MEDIUM: 1>, True)]
[White 4, White 3, White 2]
[(<FieldType.MEDIUM: 1>, True)]
None
[]
[White 3, Blush 7]
[(<FieldType.MEDIUM: 1>, True)]
None
[]
183
None
[]
[Red 4, Blush 7]
[(<FieldType.LARGE: 2>, True)]
None
[]
[Red 5, White 3]
[(<FieldType.LARGE: 2>, True)]
None
[]
[White 3, Blush 7]
[(<FieldType.MEDIUM: 1>, True)]
None
[]
None
[]
[White 7, White 6]
[(<FieldType.MEDIUM: 1>, True), (<FieldType.MEDIUM: 1>, True), (<FieldType.MEDIUM: 1>, True)]
[White 7, White 6]
[(<FieldType.MEDIUM: 1>, True), (<FieldType.MEDIUM: 1>, True)]
[White 7, White 6]
[(<FieldType.MEDIUM: 1>, True)]
184
None
[]
[White 7, White 6]
[(<FieldType.MEDIUM: 1>, True), (<FieldType.LARGE: 2>, True), (<FieldType.LARGE: 2>, True)]
[White 7, White 6]
[(<FieldType.LARGE: 2>, True), (<FieldType.LARGE: 2>, True)]
[White 7, White 6]
[(<FieldType.LARGE: 2>, True)]
None
[]
None
[]
[White 8]
[(<FieldType.MEDIUM: 1>, False), (<FieldType.MEDIUM: 1>, False), (<FieldType.MEDIUM: 1>, False), (<FieldType.LARGE: 2>, False)]
Got next objective
[Red 4, Blush 7]
[White 8]
[(<FieldType.LARGE: 2>, True), (<FieldType.LARGE: 2>, False), (<FieldType.MEDIUM: 1>, False), (<FieldType.MEDIUM: 1>, False)]
[White 8]
[(<FieldType.LARGE: 2>, False), (<FieldType.MEDIUM: 1>, False), (<FieldType.MEDIUM: 1>, False)]
[White 8]
[(<FieldType.MEDIUM: 1>, False), (<FieldType.MEDIUM: 1>, False)]
Switched from next -> current
[Red 4, Blush 7]
[(<FieldType.MEDIUM: 1>, False)]
None
[]
185
None
[]
[Red 8]
[(<FieldType.LARGE: 2>, False), (<FieldType.LARGE: 2>, False)]
Got next objective
[Red 7, Red 6]
[Red 8]
[(<FieldType.LARGE: 2>, True), (<FieldType.MEDIUM: 1>, False)]
Switched from next -> current
[Red 7, Red 6]
[(<FieldType.MEDIUM: 1>, False)]
None
[]
None
[]
None
[]
[White 4, White 3, White 2]
[(<FieldType.MEDIUM: 1>, True)]
None
[]
186
None
[]
None
[]
[Red 4, Red 3, Red 2]
[(<FieldType.MEDIUM: 1>, True), (<FieldType.MEDIUM: 1>, True)]
[Red 4, Red 3, Red 2]
[(<FieldType.MEDIUM: 1>, True)]
None
[]
[Red 8]
[(<FieldType.LARGE: 2>, False), (<FieldType.LARGE: 2>, False)]
Got next objective
[Red 2, White 2]
[Red 8]
[(<FieldType.MEDIUM: 1>, True), (<FieldType.MEDIUM: 1>, False)]
Switched from next -> current
[Red 2, White 2]
[(<FieldType.MEDIUM: 1>, False)]
None
[]
None
[]
None
[]
187
None
[]
[White 3, Sparkling 8]
[(<FieldType.MEDIUM: 1>, True)]
None
[]
[Red 4, Red 3, Red 2]
[(<FieldType.MEDIUM: 1>, True), (<FieldType.LARGE: 2>, True)]
[Red 4, Red 3, Red 2]
[(<FieldType.LARGE: 2>, True)]
None
[]
None
[]
None
[]
[Sparkling 7]
[(<FieldType.MEDIUM: 1>, True)]
188
None
[]
[Red 4, Blush 7]
[(<FieldType.LARGE: 2>, True)]
None
[]
[Red 4, Red 3]
[(<FieldType.LARGE: 2>, True)]
None
[]
[White 5]
[(<FieldType.MEDIUM: 1>, False)]
None
[]
None
[]
189
None
[]
[White 4, Sparkling 7]
[(<FieldType.MEDIUM: 1>, True)]
None
[]
[White 5]
[(<FieldType.LARGE: 2>, False)]
None
[]
[White 4, White 3]
[(<FieldType.MEDIUM: 1>, True)]
None
[]
[White 6]
[(<FieldType.MEDIUM: 1>, False), (<FieldType.MEDIUM: 1>, False)]
Got next objective
[Red 7, Red 6]
[White 6]
[(<FieldType.MEDIUM: 1>, True), (<FieldType.LARGE: 2>, False)]
Switched from next -> current
[Red 7, Red 6]
[(<FieldType.LARGE: 2>, False)]
None
[]
190
None
[]
[Red 4, Red 3]
[(<FieldType.LARGE: 2>, True)]
None
[]
None
[]
[Sparkling 9]
[(<FieldType.LARGE: 2>, True)]
None
[]
[Red 7, Red 6]
[(<FieldType.LARGE: 2>, True)]
None
[]
[Blush 8]
[(<FieldType.MEDIUM: 1>, False)]
191
None
[]
[Red 5, White 3]
[(<FieldType.MEDIUM: 1>, True)]
None
[]
[Blush 8]
[(<FieldType.LARGE: 2>, False)]
None
[]
[White 2, Sparkling 8]
[(<FieldType.MEDIUM: 1>, True)]
None
[]
None
[]
192
None
[]
[White 3, Sparkling 8]
[(<FieldType.MEDIUM: 1>, True)]
None
[]
[White 5]
[(<FieldType.LARGE: 2>, False)]
None
[]
[Red 6, White 6]
[(<FieldType.MEDIUM: 1>, False), (<FieldType.LARGE: 2>, False)]
Got next objective
[Red 4, White 2]
[Red 6, White 6]
[(<FieldType.LARGE: 2>, True), (<FieldType.LARGE: 2>, False)]
Switched from next -> current
[Red 4, White 2]
[(<FieldType.LARGE: 2>, False)]
None
[]
None
[]
193
None
[]
[Red 3, White 5]
[(<FieldType.MEDIUM: 1>, False)]
None
[]
None
[]
[White 4, Blush 4]
[(<FieldType.MEDIUM: 1>, True)]
None
[]
[White 4, White 3]
[(<FieldType.MEDIUM: 1>, True)]
None
[]
None
[]
194
None
[]
[Sparkling 9]
[(<FieldType.LARGE: 2>, True)]
None
[]
[White 2, Sparkling 8]
[(<FieldType.MEDIUM: 1>, True)]
None
[]
[White 4, White 3]
[(<FieldType.MEDIUM: 1>, True)]
None
[]
[Red 6, White 6]
[(<FieldType.LARGE: 2>, False), (<FieldType.MEDIUM: 1>, False)]
Got next objective
[Red 4, Blush 4]
[Red 6, White 6]
[(<FieldType.MEDIUM: 1>, True), (<FieldType.LARGE: 2>, False)]
Switched from next -> current
[Red 4, Blush 4]
[(<FieldType.LARGE: 2>, False)]
195
None
[]
[White 4, Sparkling 7]
[(<FieldType.MEDIUM: 1>, True)]
None
[]
[Red 2, White 2, Blush 5]
[(<FieldType.MEDIUM: 1>, True)]
None
[]
[White 4, White 3, White 2]
[(<FieldType.MEDIUM: 1>, True), (<FieldType.MEDIUM: 1>, True)]
[White 4, White 3, White 2]
[(<FieldType.MEDIUM: 1>, True)]
None
[]
None
[]
[White 7, White 6]
[(<FieldType.MEDIUM: 1>, True), (<FieldType.LARGE: 2>, True), (<FieldType.MEDIUM: 1>, True)]
[White 7, White 6]
[(<FieldType.LARGE: 2>, True), (<FieldType.MEDIUM: 1>, True)]
[White 7, White 6]
[(<FieldType.MEDIUM: 1>, True)]
196
None
[]
[Sparkling 7]
[(<FieldType.MEDIUM: 1>, True)]
None
[]
None
[]
[Red 7, Red 6]
[(<FieldType.LARGE: 2>, True)]
None
[]
[Red 3, White 3]
[(<FieldType.MEDIUM: 1>, False)]
None
[]
197
None
[]
[White 4, White 3, White 2]
[(<FieldType.MEDIUM: 1>, True), (<FieldType.MEDIUM: 1>, True)]
[White 4, White 3, White 2]
[(<FieldType.MEDIUM: 1>, True)]
None
[]
[White 7, White 6]
[(<FieldType.MEDIUM: 1>, True), (<FieldType.MEDIUM: 1>, True), (<FieldType.MEDIUM: 1>, True)]
[White 7, White 6]
[(<FieldType.MEDIUM: 1>, True), (<FieldType.MEDIUM: 1>, True)]
[White 7, White 6]
[(<FieldType.MEDIUM: 1>, True)]
None
[]
None
[]
None
[]
198
None
[]
[Blush 8]
[(<FieldType.MEDIUM: 1>, False)]
None
[]
None
[]
[Red 7, Red 6]
[(<FieldType.LARGE: 2>, False)]
None
[]
[White 7, White 6]
[(<FieldType.LARGE: 2>, False), (<FieldType.LARGE: 2>, False)]
Got next objective
[Blush 6]
[White 7, White 6]
[(<FieldType.MEDIUM: 1>, True), (<FieldType.MEDIUM: 1>, False)]
Switched from next -> current
[Blush 6]
[(<FieldType.MEDIUM: 1>, False)]
199
None
[]
[White 5]
[(<FieldType.MEDIUM: 1>, False)]
None
[]
None
[]
None
[]
[White 2, Sparkling 8]
[(<FieldType.MEDIUM: 1>, True)]
None
[]
[White 4, White 3]
[(<FieldType.MEDIUM: 1>, True)]
200
None
[]
[Red 8]
[(<FieldType.LARGE: 2>, False), (<FieldType.LARGE: 2>, False)]
Got next objective
[Red 1, White 3]
[Red 8]
[(<FieldType.MEDIUM: 1>, True), (<FieldType.MEDIUM: 1>, False)]
Switched from next -> current
[Red 1, White 3]
[(<FieldType.MEDIUM: 1>, False)]
None
[]
None
[]
None
[]
None
[]
[Red 7, Red 6]
[(<FieldType.LARGE: 2>, True)]
201
None
[]
[Blush 6, Blush 5]
[(<FieldType.MEDIUM: 1>, True)]
None
[]
None
[]
[Red 4, Blush 4]
[(<FieldType.LARGE: 2>, True)]
None
[]
[White 3, Sparkling 7]
[(<FieldType.MEDIUM: 1>, True)]
None
[]
[White 4, Sparkling 7]
[(<FieldType.MEDIUM: 1>, True)]
202
None
[]
[White 8]
[(<FieldType.LARGE: 2>, False), (<FieldType.MEDIUM: 1>, False), (<FieldType.LARGE: 2>, False), (<FieldType.MEDIUM: 1>, False)]
Got next objective
[Blush 4]
[White 8]
[(<FieldType.MEDIUM: 1>, True), (<FieldType.MEDIUM: 1>, False), (<FieldType.LARGE: 2>, False), (<FieldType.LARGE: 2>, False)]
[White 8]
[(<FieldType.MEDIUM: 1>, False), (<FieldType.LARGE: 2>, False), (<FieldType.LARGE: 2>, False)]
[White 8]
[(<FieldType.LARGE: 2>, False), (<FieldType.LARGE: 2>, False)]
Switched from next -> current
[Blush 4]
[(<FieldType.LARGE: 2>, False)]
None
[]
None
[]
None
[]
None
[]
[White 4, Sparkling 7]
[(<FieldType.MEDIUM: 1>, True)]
203
None
[]
[White 8]
[(<FieldType.LARGE: 2>, False), (<FieldType.MEDIUM: 1>, False), (<FieldType.MEDIUM: 1>, False), (<FieldType.LARGE: 2>, False)]
Got next objective
[Red 7, Red 6]
[White 8]
[(<FieldType.LARGE: 2>, True), (<FieldType.MEDIUM: 1>, False), (<FieldType.LARGE: 2>, False), (<FieldType.MEDIUM: 1>, False)]
[White 8]
[(<FieldType.MEDIUM: 1>, False), (<FieldType.LARGE: 2>, False), (<FieldType.MEDIUM: 1>, False)]
[White 8]
[(<FieldType.LARGE: 2>, False), (<FieldType.MEDIUM: 1>, False)]
Switched from next -> current
[Red 7, Red 6]
[(<FieldType.MEDIUM: 1>, False)]
None
[]
None
[]
None
[]
None
[]
204
None
[]
None
[]
[Red 4, Red 3, Red 2]
[(<FieldType.MEDIUM: 1>, True), (<FieldType.MEDIUM: 1>, True)]
[Red 4, Red 3, Red 2]
[(<FieldType.MEDIUM: 1>, True)]
None
[]
[White 4, Sparkling 7]
[(<FieldType.MEDIUM: 1>, True)]
None
[]
None
[]
None
[]
205
None
[]
[White 7, White 6]
[(<FieldType.MEDIUM: 1>, True), (<FieldType.LARGE: 2>, True), (<FieldType.LARGE: 2>, True)]
[White 7, White 6]
[(<FieldType.LARGE: 2>, True), (<FieldType.LARGE: 2>, True)]
[White 7, White 6]
[(<FieldType.LARGE: 2>, True)]
None
[]
[White 3, Sparkling 8]
[(<FieldType.MEDIUM: 1>, True)]
None
[]
[White 3, Sparkling 7]
[(<FieldType.MEDIUM: 1>, True)]
None
[]
206
None
[]
[Red 3, White 1]
[(<FieldType.LARGE: 2>, False)]
None
[]
[Red 6, White 6]
[(<FieldType.LARGE: 2>, False), (<FieldType.MEDIUM: 1>, False)]
Got next objective
[Red 4, Red 3, Red 2]
[Red 6, White 6]
[(<FieldType.MEDIUM: 1>, True), (<FieldType.LARGE: 2>, False)]
Switched from next -> current
[Red 4, Red 3, Red 2]
[(<FieldType.LARGE: 2>, False)]
None
[]
None
[]
[Red 2, White 2, Blush 5]
[(<FieldType.MEDIUM: 1>, True)]
207
None
[]
None
[]
None
[]
[Red 4, Red 3, Red 2]
[(<FieldType.MEDIUM: 1>, True), (<FieldType.LARGE: 2>, True)]
[Red 4, Red 3, Red 2]
[(<FieldType.LARGE: 2>, True)]
None
[]
None
[]
[Red 3, White 3]
[(<FieldType.LARGE: 2>, False)]
None
[]
[Red 2, White 2, Blush 5]
[(<FieldType.MEDIUM: 1>, True)]
208
None
[]
[White 6]
[(<FieldType.MEDIUM: 1>, False), (<FieldType.MEDIUM: 1>, False)]
Got next objective
[Red 1, White 3]
[White 6]
[(<FieldType.MEDIUM: 1>, True), (<FieldType.LARGE: 2>, False)]
Switched from next -> current
[Red 1, White 3]
[(<FieldType.LARGE: 2>, False)]
None
[]
None
[]
None
[]
None
[]
[Red 2, White 2, Blush 5]
[(<FieldType.MEDIUM: 1>, True)]
None
[]
209
None
[]
[White 8]
[(<FieldType.MEDIUM: 1>, False), (<FieldType.LARGE: 2>, False), (<FieldType.LARGE: 2>, False), (<FieldType.MEDIUM: 1>, False)]
Got next objective
[Sparkling 9]
[White 8]
[(<FieldType.MEDIUM: 1>, True), (<FieldType.LARGE: 2>, False), (<FieldType.MEDIUM: 1>, False), (<FieldType.MEDIUM: 1>, False)]
[White 8]
[(<FieldType.LARGE: 2>, False), (<FieldType.MEDIUM: 1>, False), (<FieldType.MEDIUM: 1>, False)]
[White 8]
[(<FieldType.MEDIUM: 1>, False), (<FieldType.MEDIUM: 1>, False)]
Switched from next -> current
[Sparkling 9]
[(<FieldType.MEDIUM: 1>, False)]
None
[]
None
[]
None
[]
210
None
[]
None
[]
[Sparkling 7]
[(<FieldType.MEDIUM: 1>, True)]
None
[]
None
[]
[Red 6, White 6]
[(<FieldType.LARGE: 2>, False)]
None
[]
[Red 3, White 5]
[(<FieldType.LARGE: 2>, False)]
None
[]
211
None
[]
[Red 4, Red 3]
[(<FieldType.LARGE: 2>, True)]
None
[]
[White 6]
[(<FieldType.LARGE: 2>, False), (<FieldType.MEDIUM: 1>, False)]
Got next objective
[White 3, Blush 7]
[White 6]
[(<FieldType.MEDIUM: 1>, True), (<FieldType.MEDIUM: 1>, True)]
Switched from next -> current
[White 3, Blush 7]
[(<FieldType.MEDIUM: 1>, True)]
None
[]
None
[]
None
[]
[White 7, White 6]
[(<FieldType.MEDIUM: 1>, True), (<FieldType.LARGE: 2>, True), (<FieldType.MEDIUM: 1>, True)]
[White 7, White 6]
[(<FieldType.LARGE: 2>, True), (<FieldType.MEDIUM: 1>, True)]
[White 7, White 6]
[(<FieldType.MEDIUM: 1>, True)]
212
None
[]
[Red 4, Blush 7]
[(<FieldType.LARGE: 2>, True)]
None
[]
[Red 4, White 2]
[(<FieldType.LARGE: 2>, False)]
None
[]
None
[]
[Red 5, White 3]
[(<FieldType.LARGE: 2>, False)]
None
[]
213
None
[]
[White 3, Blush 7]
[(<FieldType.MEDIUM: 1>, True)]
None
[]
None
[]
[Blush 6, Blush 5]
[(<FieldType.MEDIUM: 1>, True)]
None
[]
[Red 3, White 5]
[(<FieldType.LARGE: 2>, False)]
None
[]
None
[]
214
None
[]
[Blush 6, Blush 5]
[(<FieldType.MEDIUM: 1>, True)]
None
[]
[White 3, Sparkling 8]
[(<FieldType.MEDIUM: 1>, True)]
None
[]
[Red 2, White 2, Blush 5]
[(<FieldType.MEDIUM: 1>, True)]
None
[]
[Red 4, White 2]
[(<FieldType.LARGE: 2>, False)]
215
None
[]
[White 4, White 3, White 2]
[(<FieldType.MEDIUM: 1>, True), (<FieldType.MEDIUM: 1>, True)]
[White 4, White 3, White 2]
[(<FieldType.MEDIUM: 1>, True)]
None
[]
None
[]
None
[]
[White 8]
[(<FieldType.LARGE: 2>, False), (<FieldType.LARGE: 2>, False), (<FieldType.MEDIUM: 1>, False), (<FieldType.LARGE: 2>, False)]
Got next objective
[Red 5]
[White 8]
[(<FieldType.MEDIUM: 1>, True), (<FieldType.LARGE: 2>, False), (<FieldType.MEDIUM: 1>, False), (<FieldType.MEDIUM: 1>, False)]
[White 8]
[(<FieldType.LARGE: 2>, False), (<FieldType.MEDIUM: 1>, False), (<FieldType.MEDIUM: 1>, False)]
[White 8]
[(<FieldType.MEDIUM: 1>, False), (<FieldType.MEDIUM: 1>, False)]
Switched from next -> current
[Red 5]
[(<FieldType.MEDIUM: 1>, False)]
None
[]
216
None
[]
[Sparkling 7]
[(<FieldType.LARGE: 2>, True)]
None
[]
[White 3, Sparkling 8]
[(<FieldType.MEDIUM: 1>, True)]
None
[]
[Red 7, Red 6]
[(<FieldType.LARGE: 2>, True)]
None
[]
None
[]
[White 3, Blush 7]
[(<FieldType.MEDIUM: 1>, True)]
217
None
[]
None
[]
[Blush 8]
[(<FieldType.LARGE: 2>, False)]
None
[]
None
[]
[White 4, Blush 4]
[(<FieldType.MEDIUM: 1>, True)]
None
[]
[Red 2, White 2, Blush 5]
[(<FieldType.MEDIUM: 1>, True)]
None
[]
218
None
[]
None
[]
None
[]
[Red 8]
[(<FieldType.LARGE: 2>, False), (<FieldType.MEDIUM: 1>, False)]
Got next objective
[Red 4, White 2]
[Red 8]
[(<FieldType.MEDIUM: 1>, True), (<FieldType.LARGE: 2>, False)]
Switched from next -> current
[Red 4, White 2]
[(<FieldType.LARGE: 2>, False)]
None
[]
None
[]
[White 4, Sparkling 7]
[(<FieldType.MEDIUM: 1>, True)]
None
[]
[White 3, Blush 7]
[(<FieldType.MEDIUM: 1>, True)]
219
None
[]
[White 4, Sparkling 7]
[(<FieldType.MEDIUM: 1>, True)]
None
[]
[Red 4, Blush 7]
[(<FieldType.LARGE: 2>, True)]
None
[]
None
[]
[Red 4, Red 3]
[(<FieldType.LARGE: 2>, True)]
None
[]
[Red 4, White 2]
[(<FieldType.LARGE: 2>, False)]
220
None
[]
[White 3, Blush 7]
[(<FieldType.MEDIUM: 1>, True)]
None
[]
[Red 3, White 5]
[(<FieldType.MEDIUM: 1>, False)]
None
[]
[White 4, White 3, White 2]
[(<FieldType.MEDIUM: 1>, True)]
None
[]
[Red 6, White 6]
[(<FieldType.LARGE: 2>, False), (<FieldType.MEDIUM: 1>, False)]
Got next objective
[Blush 6]
[Red 6, White 6]
[(<FieldType.MEDIUM: 1>, True), (<FieldType.LARGE: 2>, False)]
Switched from next -> current
[Blush 6]
[(<FieldType.LARGE: 2>, False)]
221
None
[]
[Blush 6, Blush 5]
[(<FieldType.MEDIUM: 1>, True)]
None
[]
[White 4, Blush 4]
[(<FieldType.MEDIUM: 1>, True)]
None
[]
[White 2, Sparkling 8]
[(<FieldType.MEDIUM: 1>, True)]
None
[]
[White 4, White 3]
[(<FieldType.MEDIUM: 1>, True)]
None
[]
222
None
[]
None
[]
[Sparkling 7]
[(<FieldType.LARGE: 2>, True)]
None
[]
[White 3, Sparkling 7]
[(<FieldType.MEDIUM: 1>, True)]
None
[]
[Red 3, White 1]
[(<FieldType.LARGE: 2>, False)]
None
[]
None
[]
[Red 4, White 2]
[(<FieldType.LARGE: 2>, False)]
223
None
[]
[Red 4, Red 3, Red 2]
[(<FieldType.LARGE: 2>, True), (<FieldType.LARGE: 2>, True)]
[Red 4, Red 3, Red 2]
[(<FieldType.LARGE: 2>, True)]
None
[]
[Red 6, White 6]
[(<FieldType.LARGE: 2>, True), (<FieldType.LARGE: 2>, True)]
[Red 6, White 6]
[(<FieldType.LARGE: 2>, True)]
None
[]
[White 2, Sparkling 8]
[(<FieldType.MEDIUM: 1>, True)]
None
[]
[White 6]
[(<FieldType.LARGE: 2>, False), (<FieldType.MEDIUM: 1>, False)]
Got next objective
[Sparkling 9]
[White 6]
[(<FieldType.MEDIUM: 1>, True), (<FieldType.LARGE: 2>, False)]
Switched from next -> current
[Sparkling 9]
[(<FieldType.LARGE: 2>, False)]
224
None
[]
[Red 5, White 3]
[(<FieldType.MEDIUM: 1>, True)]
None
[]
None
[]
[White 4, Sparkling 7]
[(<FieldType.MEDIUM: 1>, True)]
None
[]
[White 5]
[(<FieldType.LARGE: 2>, False)]
None
[]
[White 4, White 3, White 2]
[(<FieldType.MEDIUM: 1>, True), (<FieldType.MEDIUM: 1>, True)]
[White 4, White 3, White 2]
[(<FieldType.MEDIUM: 1>, True)]
225
None
[]
[White 4, White 3, White 2]
[(<FieldType.MEDIUM: 1>, True), (<FieldType.MEDIUM: 1>, True)]
[White 4, White 3, White 2]
[(<FieldType.MEDIUM: 1>, True)]
None
[]
[Blush 6, Blush 5]
[(<FieldType.MEDIUM: 1>, True)]
None
[]
[White 3, Blush 7]
[(<FieldType.MEDIUM: 1>, True)]
None
[]
[Red 3, White 5]
[(<FieldType.LARGE: 2>, False)]
None
[]
226
None
[]
[White 4, Sparkling 7]
[(<FieldType.MEDIUM: 1>, True)]
None
[]
[Blush 6, Blush 5]
[(<FieldType.MEDIUM: 1>, True)]
None
[]
None
[]
[White 8]
[(<FieldType.LARGE: 2>, False), (<FieldType.LARGE: 2>, False), (<FieldType.MEDIUM: 1>, False), (<FieldType.LARGE: 2>, False)]
Got next objective
[Blush 6]
[White 8]
[(<FieldType.MEDIUM: 1>, True), (<FieldType.LARGE: 2>, False), (<FieldType.LARGE: 2>, False), (<FieldType.LARGE: 2>, False)]
[White 8]
[(<FieldType.LARGE: 2>, False), (<FieldType.LARGE: 2>, False), (<FieldType.LARGE: 2>, False)]
[White 8]
[(<FieldType.LARGE: 2>, False), (<FieldType.LARGE: 2>, False)]
Switched from next -> current
[Blush 6]
[(<FieldType.LARGE: 2>, False)]
227
None
[]
[White 7, White 6]
[(<FieldType.MEDIUM: 1>, True), (<FieldType.MEDIUM: 1>, True), (<FieldType.LARGE: 2>, True)]
[White 7, White 6]
[(<FieldType.MEDIUM: 1>, True), (<FieldType.LARGE: 2>, True)]
[White 7, White 6]
[(<FieldType.LARGE: 2>, True)]
None
[]
None
[]
None
[]
None
[]
[Red 6, White 6]
[(<FieldType.MEDIUM: 1>, False), (<FieldType.LARGE: 2>, False)]
Got next objective
[Red 7, Red 6]
[Red 6, White 6]
[(<FieldType.LARGE: 2>, True), (<FieldType.MEDIUM: 1>, False)]
Switched from next -> current
228
None
[]
[White 4, Sparkling 7]
[(<FieldType.MEDIUM: 1>, True)]
None
[]
[White 3, Sparkling 8]
[(<FieldType.MEDIUM: 1>, True)]
None
[]
[White 8]
[(<FieldType.LARGE: 2>, False), (<FieldType.MEDIUM: 1>, False), (<FieldType.LARGE: 2>, False), (<FieldType.MEDIUM: 1>, False)]
Got next objective
[Red 2, White 2]
[White 8]
[(<FieldType.MEDIUM: 1>, True), (<FieldType.LARGE: 2>, False), (<FieldType.MEDIUM: 1>, False), (<FieldType.LARGE: 2>, False)]
[White 8]
[(<FieldType.LARGE: 2>, False), (<FieldType.MEDIUM: 1>, False), (<FieldType.LARGE: 2>, False)]
[White 8]
[(<FieldType.MEDIUM: 1>, False), (<FieldType.LARGE: 2>, False)]
Switched from next -> current
[Red 2, White 2]
[(<FieldType.LARGE: 2>, False)]
None
[]
229
None
[]
[Red 4, Blush 4]
[(<FieldType.LARGE: 2>, True)]
None
[]
[White 4, White 3]
[(<FieldType.MEDIUM: 1>, True)]
None
[]
[Red 8]
[(<FieldType.MEDIUM: 1>, False), (<FieldType.MEDIUM: 1>, False)]
Got next objective
[Red 4, Blush 7]
[Red 8]
[(<FieldType.LARGE: 2>, True), (<FieldType.MEDIUM: 1>, False)]
Switched from next -> current
[Red 4, Blush 7]
[(<FieldType.MEDIUM: 1>, False)]
None
[]
230
None
[]
[Red 3, White 1]
[(<FieldType.LARGE: 2>, False)]
None
[]
[Blush 6, Blush 5]
[(<FieldType.MEDIUM: 1>, True)]
None
[]
[Red 2, White 2, Blush 5]
[(<FieldType.MEDIUM: 1>, True)]
None
[]
None
[]
[White 8]
[(<FieldType.LARGE: 2>, False), (<FieldType.MEDIUM: 1>, False), (<FieldType.MEDIUM: 1>, False), (<FieldType.LARGE: 2>, False)]
Got next objective
[Red 6]
[White 8]
[(<FieldType.MEDIUM: 1>, True), (<FieldType.LARGE: 2>, False), (<FieldType.MEDIUM: 1>, False), (<FieldType.MEDIUM: 1>, False)]
[White 8]
[(<FieldType.LARGE: 2>, False), (<FieldType.MEDIUM: 1>, False), (<FieldType.MEDIUM: 1>, False)]
[White 8]
[(<FieldType.MEDIUM: 1>, False), (<FieldType.MEDIUM: 1>, False)]
Switched from next -> current
[Red 6]
[(<FieldType.MEDIUM: 1>, False)]
231
None
[]
[Red 3, White 3]
[(<FieldType.LARGE: 2>, False)]
None
[]
[White 4, Blush 4]
[(<FieldType.MEDIUM: 1>, True)]
None
[]
[White 4, White 3, White 2]
[(<FieldType.MEDIUM: 1>, True), (<FieldType.MEDIUM: 1>, True)]
[White 4, White 3, White 2]
[(<FieldType.MEDIUM: 1>, True)]
None
[]
None
[]
None
[]
[White 8]
[(<FieldType.LARGE: 2>, False), (<FieldType.LARGE: 2>, False), (<FieldType.MEDIUM: 1>, False), (<FieldType.MEDIUM: 1>, False)]
Got next objective
[Red 1, White 3]
[White 8]
[(<FieldType.MEDIUM: 1>, True), (<FieldType.LARGE: 2>, False), (<FieldType.LARGE: 2>, False), (<FieldType.MEDIUM: 1>, False)]
[White 8]
[(<FieldType.LARGE: 2>, False), (<FieldType.LARGE: 2>, False), (<FieldType.MEDIUM: 1>, False)]
[White 8]
[(<FieldType.LARGE: 2>, False), (<FieldType.MEDIUM: 1>, False)]
Switched from next -> current
232
None
[]
[White 8]
[(<FieldType.LARGE: 2>, False), (<FieldType.LARGE: 2>, False), (<FieldType.MEDIUM: 1>, False), (<FieldType.MEDIUM: 1>, False)]
Got next objective
[Red 3, White 3]
[White 8]
[(<FieldType.MEDIUM: 1>, True), (<FieldType.MEDIUM: 1>, False), (<FieldType.LARGE: 2>, False), (<FieldType.MEDIUM: 1>, False)]
[White 8]
[(<FieldType.MEDIUM: 1>, False), (<FieldType.LARGE: 2>, False), (<FieldType.MEDIUM: 1>, False)]
[White 8]
[(<FieldType.LARGE: 2>, False), (<FieldType.MEDIUM: 1>, False)]
Switched from next -> current
[Red 3, White 3]
[(<FieldType.MEDIUM: 1>, False)]
None
[]
None
[]
None
[]
None
[]
233
None
[]
[White 6]
[(<FieldType.LARGE: 2>, False), (<FieldType.MEDIUM: 1>, False)]
Got next objective
[Red 7, Red 6]
[White 6]
[(<FieldType.LARGE: 2>, True), (<FieldType.MEDIUM: 1>, False)]
Switched from next -> current
[Red 7, Red 6]
[(<FieldType.MEDIUM: 1>, False)]
None
[]
[White 7, White 6]
[(<FieldType.MEDIUM: 1>, False), (<FieldType.MEDIUM: 1>, False)]
Got next objective
[White 4, White 3]
[White 7, White 6]
[(<FieldType.MEDIUM: 1>, True), (<FieldType.MEDIUM: 1>, False)]
Switched from next -> current
[White 4, White 3]
[(<FieldType.MEDIUM: 1>, False)]
None
[]
None
[]
234
None
[]
[White 3, Sparkling 8]
[(<FieldType.MEDIUM: 1>, True)]
None
[]
[Blush 6, Blush 5]
[(<FieldType.MEDIUM: 1>, True)]
None
[]
[Red 4, Red 3, Red 2]
[(<FieldType.LARGE: 2>, True), (<FieldType.MEDIUM: 1>, True)]
[Red 4, Red 3, Red 2]
[(<FieldType.MEDIUM: 1>, True)]
None
[]
[Red 7, Red 6]
[(<FieldType.LARGE: 2>, True)]
235
None
[]
[Red 4, Blush 4]
[(<FieldType.MEDIUM: 1>, True)]
None
[]
[Red 3, White 5]
[(<FieldType.MEDIUM: 1>, False)]
None
[]
None
[]
[White 5]
[(<FieldType.LARGE: 2>, False)]
None
[]
[White 6]
[(<FieldType.MEDIUM: 1>, False), (<FieldType.MEDIUM: 1>, False)]
Got next objective
[Red 7, Red 6]
[White 6]
[(<FieldType.LARGE: 2>, True), (<FieldType.LARGE: 2>, False)]
Switched from next -> current
[Red 7, Red 6]
[(<FieldType.LARGE: 2>, False)]
236
None
[]
[Sparkling 9]
[(<FieldType.MEDIUM: 1>, True)]
None
[]
None
[]
None
[]
None
[]
[Blush 6, Blush 5]
[(<FieldType.MEDIUM: 1>, True)]
None
[]
[Red 3, White 1]
[(<FieldType.LARGE: 2>, False)]
237
None
[]
[Red 4, Red 3, Red 2]
[(<FieldType.LARGE: 2>, True), (<FieldType.MEDIUM: 1>, True)]
[Red 4, Red 3, Red 2]
[(<FieldType.MEDIUM: 1>, True)]
None
[]
None
[]
[Blush 8]
[(<FieldType.MEDIUM: 1>, False)]
None
[]
None
[]
None
[]
[Blush 6, Blush 5]
[(<FieldType.MEDIUM: 1>, True)]
238
None
[]
[Blush 8]
[(<FieldType.LARGE: 2>, False)]
None
[]
None
[]
None
[]
[Red 4, Blush 4]
[(<FieldType.MEDIUM: 1>, True)]
None
[]
[White 6]
[(<FieldType.MEDIUM: 1>, False), (<FieldType.LARGE: 2>, False)]
Got next objective
[Red 4, Red 3]
[White 6]
[(<FieldType.LARGE: 2>, True), (<FieldType.LARGE: 2>, False)]
Switched from next -> current
[Red 4, Red 3]
[(<FieldType.LARGE: 2>, False)]
239
None
[]
None
[]
[White 3, Sparkling 8]
[(<FieldType.MEDIUM: 1>, True)]
None
[]
None
[]
[Red 7, Red 6]
[(<FieldType.LARGE: 2>, True)]
None
[]
[White 8]
[(<FieldType.LARGE: 2>, False), (<FieldType.MEDIUM: 1>, False), (<FieldType.MEDIUM: 1>, False), (<FieldType.MEDIUM: 1>, False)]
Got next objective
[White 3, Sparkling 7]
[White 8]
[(<FieldType.MEDIUM: 1>, True), (<FieldType.MEDIUM: 1>, True), (<FieldType.LARGE: 2>, False), (<FieldType.MEDIUM: 1>, False)]
[White 8]
[(<FieldType.MEDIUM: 1>, True), (<FieldType.LARGE: 2>, False), (<FieldType.MEDIUM: 1>, False)]
[White 8]
[(<FieldType.LARGE: 2>, False), (<FieldType.MEDIUM: 1>, False)]
Switched from next -> current
240
None
[]
[White 3, Sparkling 7]
[(<FieldType.MEDIUM: 1>, True)]
None
[]
[Blush 8]
[(<FieldType.LARGE: 2>, False)]
None
[]
[White 4, Blush 4]
[(<FieldType.MEDIUM: 1>, True)]
None
[]
None
[]
[Red 4, Red 3]
[(<FieldType.LARGE: 2>, True)]
241
None
[]
[Red 8]
[(<FieldType.LARGE: 2>, False), (<FieldType.MEDIUM: 1>, False)]
Got next objective
[Blush 6]
[Red 8]
[(<FieldType.MEDIUM: 1>, True), (<FieldType.MEDIUM: 1>, False)]
Switched from next -> current
[Blush 6]
[(<FieldType.MEDIUM: 1>, False)]
None
[]
None
[]
[White 8]
[(<FieldType.LARGE: 2>, False), (<FieldType.LARGE: 2>, False), (<FieldType.LARGE: 2>, False)]
Got next objective
[White 4, White 3]
[White 8]
[(<FieldType.MEDIUM: 1>, True), (<FieldType.MEDIUM: 1>, False), (<FieldType.LARGE: 2>, False)]
[White 8]
[(<FieldType.MEDIUM: 1>, False), (<FieldType.LARGE: 2>, False)]
Switched from next -> current
[White 4, White 3]
[(<FieldType.LARGE: 2>, False)]
None
[]
242
None
[]
[White 4, White 3, White 2]
[(<FieldType.MEDIUM: 1>, True), (<FieldType.MEDIUM: 1>, True)]
[White 4, White 3, White 2]
[(<FieldType.MEDIUM: 1>, True)]
None
[]
None
[]
None
[]
None
[]
None
[]
[White 3, Sparkling 8]
[(<FieldType.MEDIUM: 1>, True)]
243
None
[]
None
[]
[Red 4, Blush 4]
[(<FieldType.LARGE: 2>, True)]
None
[]
[White 3, Sparkling 7]
[(<FieldType.MEDIUM: 1>, True)]
None
[]
[White 4, Blush 4]
[(<FieldType.MEDIUM: 1>, True)]
None
[]
[Red 4, Blush 7]
[(<FieldType.MEDIUM: 1>, False)]
244
None
[]
[Red 5, White 3]
[(<FieldType.MEDIUM: 1>, True)]
None
[]
[Red 2, White 2, Blush 5]
[(<FieldType.MEDIUM: 1>, True)]
None
[]
None
[]
[Red 7, Red 6]
[(<FieldType.LARGE: 2>, False)]
None
[]
None
[]
[White 4, Blush 4]
[(<FieldType.MEDIUM: 1>, True)]
245
None
[]
None
[]
[White 4, Blush 4]
[(<FieldType.MEDIUM: 1>, True)]
None
[]
[White 3, Blush 7]
[(<FieldType.MEDIUM: 1>, True)]
None
[]
None
[]
None
[]
[White 6]
[(<FieldType.LARGE: 2>, False), (<FieldType.MEDIUM: 1>, False)]
Got next objective
[Red 5]
[White 6]
[(<FieldType.LARGE: 2>, True), (<FieldType.LARGE: 2>, False)]
Switched from next -> current
246
None
[]
[Red 4, Red 3]
[(<FieldType.LARGE: 2>, True)]
None
[]
None
[]
[White 4, Sparkling 7]
[(<FieldType.MEDIUM: 1>, True)]
None
[]
None
[]
[White 5]
[(<FieldType.LARGE: 2>, False)]
None
[]
None
[]
[White 3, Sparkling 7]
[(<FieldType.MEDIUM: 1>, True)]
247
None
[]
[Red 4, Blush 4]
[(<FieldType.MEDIUM: 1>, True)]
None
[]
[White 3, Sparkling 7]
[(<FieldType.MEDIUM: 1>, True)]
None
[]
[Red 4, White 2]
[(<FieldType.LARGE: 2>, False)]
None
[]
[White 4, White 3, White 2]
[(<FieldType.MEDIUM: 1>, True), (<FieldType.MEDIUM: 1>, True)]
[White 4, White 3, White 2]
[(<FieldType.MEDIUM: 1>, True)]
None
[]
248
None
[]
[Red 5, White 3]
[(<FieldType.MEDIUM: 1>, True)]
None
[]
[White 6]
[(<FieldType.LARGE: 2>, False), (<FieldType.MEDIUM: 1>, False)]
Got next objective
[White 4, Sparkling 7]
[White 6]
[(<FieldType.MEDIUM: 1>, True), (<FieldType.MEDIUM: 1>, True)]
Switched from next -> current
[White 4, Sparkling 7]
[(<FieldType.MEDIUM: 1>, True)]
None
[]
None
[]
[White 4, White 3]
[(<FieldType.MEDIUM: 1>, True)]
None
[]
[White 3, Sparkling 7]
[(<FieldType.MEDIUM: 1>, True)]
249
None
[]
[Blush 6, Blush 5]
[(<FieldType.MEDIUM: 1>, True)]
None
[]
None
[]
[White 3, Blush 7]
[(<FieldType.MEDIUM: 1>, True)]
None
[]
[Blush 8]
[(<FieldType.MEDIUM: 1>, False)]
None
[]
250
None
[]
[Blush 6, Blush 5]
[(<FieldType.MEDIUM: 1>, True)]
None
[]
[White 7, White 6]
[(<FieldType.MEDIUM: 1>, True), (<FieldType.MEDIUM: 1>, True), (<FieldType.LARGE: 2>, True)]
[White 7, White 6]
[(<FieldType.MEDIUM: 1>, True), (<FieldType.LARGE: 2>, True)]
[White 7, White 6]
[(<FieldType.LARGE: 2>, True)]
None
[]
None
[]
None
[]
251
None
[]
[White 3, Sparkling 8]
[(<FieldType.MEDIUM: 1>, True)]
None
[]
[Red 3, White 5]
[(<FieldType.MEDIUM: 1>, False)]
None
[]
[White 6]
[(<FieldType.MEDIUM: 1>, False)]
None
[]
None
[]
252
None
[]
[White 4, White 3]
[(<FieldType.MEDIUM: 1>, True)]
None
[]
[Red 6, White 6]
[(<FieldType.MEDIUM: 1>, False), (<FieldType.MEDIUM: 1>, False)]
Got next objective
[White 7, White 6]
[Red 6, White 6]
[(<FieldType.MEDIUM: 1>, True), (<FieldType.LARGE: 2>, False), (<FieldType.MEDIUM: 1>, False), (<FieldType.LARGE: 2>, False)]
Switched from next -> current
[White 7, White 6]
[(<FieldType.LARGE: 2>, False), (<FieldType.MEDIUM: 1>, False), (<FieldType.LARGE: 2>, False)]
Got next objective
[Red 2, White 2]
[White 7, White 6]
[(<FieldType.MEDIUM: 1>, True), (<FieldType.LARGE: 2>, False), (<FieldType.MEDIUM: 1>, False)]
Switched from next -> current
[Red 2, White 2]
[(<FieldType.LARGE: 2>, False), (<FieldType.MEDIUM: 1>, False)]
None
[(<FieldType.MEDIUM: 1>, False)]
None
[]
[White 6]
[(<FieldType.MEDIUM: 1>, False), (<FieldType.MEDIUM: 1>, False)]
Got next objective
[Blush 4]
[White 6]
[(<FieldType.LARGE: 2>, True), (<FieldType.LARGE: 2>, False)]
Switched from next -> current
253
None
[]
[Red 3, White 1]
[(<FieldType.MEDIUM: 1>, False)]
None
[]
None
[]
[Red 7, Red 6]
[(<FieldType.LARGE: 2>, True)]
None
[]
[White 6]
[(<FieldType.MEDIUM: 1>, False), (<FieldType.LARGE: 2>, False)]
Got next objective
[Red 6, White 6]
[White 6]
[(<FieldType.LARGE: 2>, True), (<FieldType.LARGE: 2>, False), (<FieldType.LARGE: 2>, False)]
Switched from next -> current
[Red 6, White 6]
[(<FieldType.LARGE: 2>, False), (<FieldType.LARGE: 2>, False)]
254
None
[]
[White 4, White 3]
[(<FieldType.MEDIUM: 1>, True)]
None
[]
[White 5]
[(<FieldType.LARGE: 2>, False)]
None
[]
[White 3, Sparkling 7]
[(<FieldType.MEDIUM: 1>, True)]
None
[]
None
[]
None
[]
[Blush 6, Blush 5]
[(<FieldType.MEDIUM: 1>, True)]
255
None
[]
None
[]
None
[]
None
[]
None
[]
[White 5]
[(<FieldType.MEDIUM: 1>, False)]
None
[]
None
[]
256
None
[]
[Red 4, Blush 7]
[(<FieldType.LARGE: 2>, True)]
None
[]
[Sparkling 9]
[(<FieldType.MEDIUM: 1>, True)]
None
[]
[Red 3, White 1]
[(<FieldType.MEDIUM: 1>, False)]
None
[]
[White 4, White 3, White 2]
[(<FieldType.MEDIUM: 1>, True)]
None
[]
257
None
[]
[White 6]
[(<FieldType.MEDIUM: 1>, False), (<FieldType.LARGE: 2>, False)]
Got next objective
[Red 6, White 6]
[White 6]
[(<FieldType.MEDIUM: 1>, True), (<FieldType.MEDIUM: 1>, False), (<FieldType.LARGE: 2>, False)]
Switched from next -> current
[Red 6, White 6]
[(<FieldType.MEDIUM: 1>, False), (<FieldType.LARGE: 2>, False)]
Got next objective
[Red 4, Blush 7]
[Red 6, White 6]
[(<FieldType.LARGE: 2>, True), (<FieldType.LARGE: 2>, False)]
Switched from next -> current
[Red 4, Blush 7]
[(<FieldType.LARGE: 2>, False)]
None
[]
None
[]
258
None
[]
[Red 7, Red 6]
[(<FieldType.LARGE: 2>, True)]
None
[]
[Red 8]
[(<FieldType.MEDIUM: 1>, False), (<FieldType.MEDIUM: 1>, False)]
Got next objective
[Red 4, Blush 4]
[Red 8]
[(<FieldType.LARGE: 2>, True), (<FieldType.MEDIUM: 1>, False)]
Switched from next -> current
[Red 4, Blush 4]
[(<FieldType.MEDIUM: 1>, False)]
None
[]
None
[]
None
[]
259
None
[]
[Red 5, White 3]
[(<FieldType.LARGE: 2>, True)]
None
[]
None
[]
None
[]
[Red 2, White 2, Blush 5]
[(<FieldType.MEDIUM: 1>, True)]
None
[]
None
[]
260
None
[]
[Red 3, White 1]
[(<FieldType.LARGE: 2>, False)]
None
[]
[White 4, White 3, White 2]
[(<FieldType.MEDIUM: 1>, True), (<FieldType.MEDIUM: 1>, True)]
[White 4, White 3, White 2]
[(<FieldType.MEDIUM: 1>, True)]
None
[]
[White 3, Sparkling 8]
[(<FieldType.MEDIUM: 1>, True)]
None
[]
None
[]
261
None
[]
[White 8]
[(<FieldType.LARGE: 2>, False), (<FieldType.LARGE: 2>, False), (<FieldType.LARGE: 2>, False), (<FieldType.LARGE: 2>, False)]
Got next objective
[Red 4, Blush 7]
[White 8]
[(<FieldType.MEDIUM: 1>, True), (<FieldType.LARGE: 2>, False), (<FieldType.LARGE: 2>, False), (<FieldType.LARGE: 2>, False)]
[White 8]
[(<FieldType.LARGE: 2>, False), (<FieldType.LARGE: 2>, False), (<FieldType.LARGE: 2>, False)]
[White 8]
[(<FieldType.LARGE: 2>, False), (<FieldType.LARGE: 2>, False)]
Switched from next -> current
[Red 4, Blush 7]
[(<FieldType.LARGE: 2>, False)]
None
[]
None
[]
None
[]
None
[]
262
None
[]
[Red 3, White 3]
[(<FieldType.LARGE: 2>, False)]
None
[]
None
[]
[White 2, Sparkling 8]
[(<FieldType.MEDIUM: 1>, True)]
None
[]
[Red 4, Blush 7]
[(<FieldType.LARGE: 2>, True)]
None
[]
263
None
[]
None
[]
None
[]
[White 3, Sparkling 8]
[(<FieldType.MEDIUM: 1>, True)]
None
[]
[Red 7, Red 6]
[(<FieldType.LARGE: 2>, True)]
None
[]
[White 4, White 3]
[(<FieldType.MEDIUM: 1>, True)]
None
[]
264
None
[]
[Red 3, White 1]
[(<FieldType.MEDIUM: 1>, False)]
None
[]
None
[]
[White 3, Sparkling 7]
[(<FieldType.MEDIUM: 1>, True)]
None
[]
[White 4, White 3]
[(<FieldType.MEDIUM: 1>, True)]
None
[]
265
None
[]
[White 6]
[(<FieldType.LARGE: 2>, False), (<FieldType.LARGE: 2>, False)]
Got next objective
[Red 2, White 2, Blush 5]
[White 6]
[(<FieldType.MEDIUM: 1>, True), (<FieldType.MEDIUM: 1>, True)]
Switched from next -> current
[Red 2, White 2, Blush 5]
[(<FieldType.MEDIUM: 1>, True)]
None
[]
None
[]
None
[]
None
[]
266
None
[]
[White 3, Sparkling 8]
[(<FieldType.MEDIUM: 1>, True)]
None
[]
None
[]
None
[]
None
[]
[Red 3, White 5]
[(<FieldType.MEDIUM: 1>, False)]
None
[]
None
[]
[White 4, Blush 4]
[(<FieldType.MEDIUM: 1>, True)]
267
None
[]
[Blush 6, Blush 5]
[(<FieldType.MEDIUM: 1>, True)]
None
[]
[White 4, Sparkling 7]
[(<FieldType.MEDIUM: 1>, True)]
None
[]
[Red 3, White 5]
[(<FieldType.LARGE: 2>, False)]
None
[]
[White 7, White 6]
[(<FieldType.MEDIUM: 1>, True), (<FieldType.LARGE: 2>, True), (<FieldType.LARGE: 2>, True)]
[White 7, White 6]
[(<FieldType.LARGE: 2>, True), (<FieldType.LARGE: 2>, True)]
[White 7, White 6]
[(<FieldType.LARGE: 2>, True)]
268
None
[]
[Red 3, White 1]
[(<FieldType.MEDIUM: 1>, False)]
None
[]
None
[]
None
[]
None
[]
None
[]
[Red 4, Red 3, Red 2]
[(<FieldType.LARGE: 2>, True), (<FieldType.LARGE: 2>, True)]
[Red 4, Red 3, Red 2]
[(<FieldType.LARGE: 2>, True)]
None
[]
[Red 4, Blush 4]
[(<FieldType.MEDIUM: 1>, True)]
269
None
[]
[White 2, Sparkling 8]
[(<FieldType.MEDIUM: 1>, True)]
None
[]
[White 6]
[(<FieldType.MEDIUM: 1>, False), (<FieldType.MEDIUM: 1>, False)]
Got next objective
[Red 4, Blush 7]
[White 6]
[(<FieldType.LARGE: 2>, True), (<FieldType.LARGE: 2>, False)]
Switched from next -> current
[Red 4, Blush 7]
[(<FieldType.LARGE: 2>, False)]
None
[]
[White 3, Sparkling 8]
[(<FieldType.MEDIUM: 1>, True)]
270
None
[]
[White 5]
[(<FieldType.MEDIUM: 1>, False)]
None
[]
None
[]
None
[]
None
[]
None
[]
None
[]
[White 8]
[(<FieldType.LARGE: 2>, False), (<FieldType.LARGE: 2>, False), (<FieldType.MEDIUM: 1>, False), (<FieldType.MEDIUM: 1>, False)]
Got next objective
[Red 7, Red 6]
[White 8]
[(<FieldType.LARGE: 2>, True), (<FieldType.MEDIUM: 1>, False), (<FieldType.MEDIUM: 1>, False), (<FieldType.MEDIUM: 1>, False)]
[White 8]
[(<FieldType.MEDIUM: 1>, False), (<FieldType.MEDIUM: 1>, False), (<FieldType.MEDIUM: 1>, False)]
[White 8]
[(<FieldType.MEDIUM: 1>, False), (<FieldType.MEDIUM: 1>, False)]
Switched from next -> current
271
None
[]
None
[]
[White 8]
[(<FieldType.MEDIUM: 1>, False), (<FieldType.MEDIUM: 1>, False), (<FieldType.MEDIUM: 1>, False), (<FieldType.MEDIUM: 1>, False)]
Got next objective
[Red 8]
[White 8]
[(<FieldType.LARGE: 2>, True), (<FieldType.LARGE: 2>, False), (<FieldType.LARGE: 2>, False), (<FieldType.MEDIUM: 1>, False)]
[White 8]
[(<FieldType.LARGE: 2>, False), (<FieldType.LARGE: 2>, False), (<FieldType.MEDIUM: 1>, False)]
[White 8]
[(<FieldType.LARGE: 2>, False), (<FieldType.MEDIUM: 1>, False)]
Switched from next -> current
[Red 8]
[(<FieldType.MEDIUM: 1>, False)]
None
[]
None
[]
[White 4, White 3, White 2]
[(<FieldType.MEDIUM: 1>, True), (<FieldType.MEDIUM: 1>, True)]
[White 4, White 3, White 2]
[(<FieldType.MEDIUM: 1>, True)]
272
None
[]
[Red 7, Red 6]
[(<FieldType.LARGE: 2>, True)]
None
[]
[White 6]
[(<FieldType.LARGE: 2>, False), (<FieldType.LARGE: 2>, False)]
Got next objective
[Red 4, Red 3, Red 2]
[White 6]
[(<FieldType.MEDIUM: 1>, True), (<FieldType.MEDIUM: 1>, False)]
Switched from next -> current
[Red 4, Red 3, Red 2]
[(<FieldType.MEDIUM: 1>, False)]
None
[]
None
[]
[Blush 6, Blush 5]
[(<FieldType.MEDIUM: 1>, True)]
273
None
[]
[Sparkling 9]
[(<FieldType.LARGE: 2>, True)]
None
[]
None
[]
None
[]
[White 8]
[(<FieldType.LARGE: 2>, False), (<FieldType.MEDIUM: 1>, False), (<FieldType.LARGE: 2>, False), (<FieldType.MEDIUM: 1>, False)]
Got next objective
[Red 6]
[White 8]
[(<FieldType.LARGE: 2>, True), (<FieldType.LARGE: 2>, False), (<FieldType.LARGE: 2>, False), (<FieldType.MEDIUM: 1>, False)]
[White 8]
[(<FieldType.LARGE: 2>, False), (<FieldType.LARGE: 2>, False), (<FieldType.MEDIUM: 1>, False)]
[White 8]
[(<FieldType.LARGE: 2>, False), (<FieldType.MEDIUM: 1>, False)]
Switched from next -> current
[Red 6]
[(<FieldType.MEDIUM: 1>, False)]
None
[]
274
None
[]
None
[]
[White 6]
[(<FieldType.LARGE: 2>, False), (<FieldType.LARGE: 2>, False)]
Got next objective
[White 4, Sparkling 7]
[White 6]
[(<FieldType.MEDIUM: 1>, True), (<FieldType.MEDIUM: 1>, True)]
Switched from next -> current
[White 4, Sparkling 7]
[(<FieldType.MEDIUM: 1>, True)]
None
[]
None
[]
[White 8]
[(<FieldType.MEDIUM: 1>, False), (<FieldType.MEDIUM: 1>, False), (<FieldType.MEDIUM: 1>, False), (<FieldType.LARGE: 2>, False)]
Got next objective
[White 3, Blush 7]
[White 8]
[(<FieldType.MEDIUM: 1>, True), (<FieldType.LARGE: 2>, False), (<FieldType.LARGE: 2>, False), (<FieldType.LARGE: 2>, False)]
[White 8]
[(<FieldType.LARGE: 2>, False), (<FieldType.LARGE: 2>, False), (<FieldType.LARGE: 2>, False)]
[White 8]
[(<FieldType.LARGE: 2>, False), (<FieldType.LARGE: 2>, False)]
Switched from next -> current
[White 3, Blush 7]
[(<FieldType.LARGE: 2>, False)]
275
None
[]
[Red 4, Blush 4]
[(<FieldType.MEDIUM: 1>, True)]
None
[]
[White 2, Sparkling 8]
[(<FieldType.MEDIUM: 1>, True)]
None
[]
[Red 4, Red 3]
[(<FieldType.LARGE: 2>, True)]
None
[]
None
[]
[White 5]
[(<FieldType.LARGE: 2>, False)]
None
[]
276
None
[]
[White 6]
[(<FieldType.LARGE: 2>, False), (<FieldType.LARGE: 2>, False)]
Got next objective
[White 3, Sparkling 7]
[White 6]
[(<FieldType.MEDIUM: 1>, True), (<FieldType.MEDIUM: 1>, True)]
Switched from next -> current
[White 3, Sparkling 7]
[(<FieldType.MEDIUM: 1>, True)]
None
[]
None
[]
None
[]
[White 3, Blush 7]
[(<FieldType.MEDIUM: 1>, True)]
277
None
[]
[Red 3, White 5]
[(<FieldType.MEDIUM: 1>, False)]
None
[]
None
[]
[Red 4, Blush 7]
[(<FieldType.MEDIUM: 1>, False)]
None
[]
None
[]
None
[]
[Red 4, Blush 4]
[(<FieldType.MEDIUM: 1>, True)]
278
None
[]
[Blush 8]
[(<FieldType.MEDIUM: 1>, False)]
None
[]
[Red 7, Red 6]
[(<FieldType.LARGE: 2>, True)]
None
[]
None
[]
[Red 4, White 2]
[(<FieldType.LARGE: 2>, False)]
None
[]
279
None
[]
[Sparkling 7]
[(<FieldType.LARGE: 2>, True)]
None
[]
[White 3, Blush 7]
[(<FieldType.MEDIUM: 1>, True)]
None
[]
None
[]
None
[]
280
None
[]
None
[]
[White 5]
[(<FieldType.MEDIUM: 1>, False)]
None
[]
[White 7, White 6]
[(<FieldType.LARGE: 2>, False), (<FieldType.LARGE: 2>, False)]
Got next objective
[Red 2, White 4]
[White 7, White 6]
[(<FieldType.MEDIUM: 1>, True), (<FieldType.LARGE: 2>, False)]
Switched from next -> current
[Red 2, White 4]
[(<FieldType.LARGE: 2>, False)]
None
[]
None
[]
281
None
[]
[Blush 8]
[(<FieldType.LARGE: 2>, False)]
None
[]
[White 7, White 6]
[(<FieldType.MEDIUM: 1>, True), (<FieldType.LARGE: 2>, True), (<FieldType.LARGE: 2>, True)]
[White 7, White 6]
[(<FieldType.LARGE: 2>, True), (<FieldType.LARGE: 2>, True)]
[White 7, White 6]
[(<FieldType.LARGE: 2>, True)]
None
[]
None
[]
[Blush 6, Blush 5]
[(<FieldType.MEDIUM: 1>, True)]
None
[]
[White 6]
[(<FieldType.LARGE: 2>, False), (<FieldType.LARGE: 2>, False)]
Got next objective
[White 2, Sparkling 8]
[White 6]
[(<FieldType.MEDIUM: 1>, True), (<FieldType.MEDIUM: 1>, True)]
Switched from next -> current
282
None
[]
[Red 5, White 3]
[(<FieldType.MEDIUM: 1>, True)]
None
[]
None
[]
None
[]
None
[]
None
[]
[Red 3, White 5]
[(<FieldType.MEDIUM: 1>, False)]
283
None
[]
None
[]
[Red 4, Blush 4]
[(<FieldType.MEDIUM: 1>, True)]
None
[]
None
[]
[White 4, Blush 4]
[(<FieldType.MEDIUM: 1>, True)]
None
[]
None
[]
[White 3, Sparkling 7]
[(<FieldType.MEDIUM: 1>, True)]
284
None
[]
[Red 5, White 3]
[(<FieldType.LARGE: 2>, True)]
None
[]
[White 4, White 3, White 2]
[(<FieldType.MEDIUM: 1>, True), (<FieldType.MEDIUM: 1>, True)]
[White 4, White 3, White 2]
[(<FieldType.MEDIUM: 1>, True)]
None
[]
[White 3, Blush 7]
[(<FieldType.MEDIUM: 1>, True)]
None
[]
[Red 3, White 5]
[(<FieldType.MEDIUM: 1>, False)]
None
[]
None
[]
285
None
[]
[Red 3, White 1]
[(<FieldType.MEDIUM: 1>, False)]
None
[]
None
[]
[White 7, White 6]
[(<FieldType.LARGE: 2>, False), (<FieldType.MEDIUM: 1>, False)]
Got next objective
[Red 2, White 2]
[White 7, White 6]
[(<FieldType.MEDIUM: 1>, True), (<FieldType.MEDIUM: 1>, False)]
Switched from next -> current
[Red 2, White 2]
[(<FieldType.MEDIUM: 1>, False)]
None
[]
None
[]
286
None
[]
[Blush 8]
[(<FieldType.LARGE: 2>, False)]
None
[]
None
[]
[Red 3, White 5]
[(<FieldType.MEDIUM: 1>, False)]
None
[]
None
[]
287
None
[]
[Red 4, Red 3, Red 2]
[(<FieldType.LARGE: 2>, True), (<FieldType.MEDIUM: 1>, True)]
[Red 4, Red 3, Red 2]
[(<FieldType.MEDIUM: 1>, True)]
None
[]
None
[]
[White 6]
[(<FieldType.MEDIUM: 1>, False), (<FieldType.LARGE: 2>, False)]
Got next objective
[White 7, White 6]
[White 6]
[(<FieldType.MEDIUM: 1>, True), (<FieldType.MEDIUM: 1>, False), (<FieldType.LARGE: 2>, False), (<FieldType.MEDIUM: 1>, False)]
Switched from next -> current
[White 7, White 6]
[(<FieldType.MEDIUM: 1>, False), (<FieldType.LARGE: 2>, False), (<FieldType.MEDIUM: 1>, False)]
Got next objective
[White 4, Blush 4]
[White 7, White 6]
[(<FieldType.MEDIUM: 1>, True), (<FieldType.MEDIUM: 1>, False), (<FieldType.MEDIUM: 1>, False)]
Switched from next -> current
[White 4, Blush 4]
[(<FieldType.MEDIUM: 1>, False), (<FieldType.MEDIUM: 1>, False)]
None
[(<FieldType.MEDIUM: 1>, False)]
288
None
[]
[Red 3, White 5]
[(<FieldType.MEDIUM: 1>, False)]
None
[]
None
[]
[White 3, Blush 7]
[(<FieldType.MEDIUM: 1>, True)]
None
[]
None
[]
[Red 4, Blush 4]
[(<FieldType.MEDIUM: 1>, False)]
289
None
[]
[Red 3, White 1]
[(<FieldType.LARGE: 2>, False)]
None
[]
[White 4, Sparkling 7]
[(<FieldType.MEDIUM: 1>, True)]
None
[]
None
[]
[Red 4, Blush 7]
[(<FieldType.MEDIUM: 1>, False)]
None
[]
[Red 8]
[(<FieldType.MEDIUM: 1>, False), (<FieldType.MEDIUM: 1>, False)]
Got next objective
[Red 2, White 2]
[Red 8]
[(<FieldType.MEDIUM: 1>, True), (<FieldType.LARGE: 2>, False)]
Switched from next -> current
[Red 2, White 2]
[(<FieldType.LARGE: 2>, False)]
290
None
[]
[Red 8]
[(<FieldType.LARGE: 2>, False), (<FieldType.MEDIUM: 1>, False)]
Got next objective
[Sparkling 9]
[Red 8]
[(<FieldType.MEDIUM: 1>, True), (<FieldType.MEDIUM: 1>, False)]
Switched from next -> current
[Sparkling 9]
[(<FieldType.MEDIUM: 1>, False)]
None
[]
[Red 4, Red 3, Red 2]
[(<FieldType.LARGE: 2>, True)]
None
[]
[Red 2, White 2, Blush 5]
[(<FieldType.LARGE: 2>, True)]
None
[]
291
None
[]
[Red 3, White 3]
[(<FieldType.LARGE: 2>, False)]
None
[]
[Red 3, White 5]
[(<FieldType.MEDIUM: 1>, False)]
None
[]
None
[]
None
[]
[White 4, White 3, White 2]
[(<FieldType.MEDIUM: 1>, True), (<FieldType.MEDIUM: 1>, True)]
[White 4, White 3, White 2]
[(<FieldType.MEDIUM: 1>, True)]
None
[]
None
[]
292
None
[]
None
[]
[White 3, Blush 7]
[(<FieldType.MEDIUM: 1>, True)]
None
[]
[White 4, Sparkling 7]
[(<FieldType.MEDIUM: 1>, True)]
None
[]
[White 8]
[(<FieldType.MEDIUM: 1>, False), (<FieldType.LARGE: 2>, False), (<FieldType.LARGE: 2>, False), (<FieldType.LARGE: 2>, False)]
Got next objective
[Sparkling 9]
[White 8]
[(<FieldType.LARGE: 2>, True), (<FieldType.MEDIUM: 1>, False), (<FieldType.LARGE: 2>, False), (<FieldType.LARGE: 2>, False)]
[White 8]
[(<FieldType.MEDIUM: 1>, False), (<FieldType.LARGE: 2>, False), (<FieldType.LARGE: 2>, False)]
[White 8]
[(<FieldType.LARGE: 2>, False), (<FieldType.LARGE: 2>, False)]
Switched from next -> current
[Sparkling 9]
[(<FieldType.LARGE: 2>, False)]
293
None
[]
[White 3, Sparkling 8]
[(<FieldType.MEDIUM: 1>, True)]
None
[]
[Red 6, White 6]
[(<FieldType.MEDIUM: 1>, True), (<FieldType.LARGE: 2>, True)]
[Red 6, White 6]
[(<FieldType.LARGE: 2>, True)]
None
[]
None
[]
294
None
[]
[Red 4, Blush 7]
[(<FieldType.LARGE: 2>, True)]
None
[]
[White 7, White 6]
[(<FieldType.MEDIUM: 1>, True), (<FieldType.MEDIUM: 1>, True), (<FieldType.MEDIUM: 1>, True)]
[White 7, White 6]
[(<FieldType.MEDIUM: 1>, True), (<FieldType.MEDIUM: 1>, True)]
[White 7, White 6]
[(<FieldType.MEDIUM: 1>, True)]
None
[]
None
[]
None
[]
None
[]
295
None
[]
[White 3, Blush 7]
[(<FieldType.MEDIUM: 1>, True)]
None
[]
[Red 4, Blush 7]
[(<FieldType.MEDIUM: 1>, False)]
None
[]
None
[]
None
[]
None
[]
296
None
[]
[Red 4, Red 3, Red 2]
[(<FieldType.LARGE: 2>, True), (<FieldType.LARGE: 2>, True)]
[Red 4, Red 3, Red 2]
[(<FieldType.LARGE: 2>, True)]
None
[]
[Red 4, Blush 4]
[(<FieldType.MEDIUM: 1>, True)]
None
[]
[White 7, White 6]
[(<FieldType.MEDIUM: 1>, False), (<FieldType.LARGE: 2>, False)]
Got next objective
[White 6]
[White 7, White 6]
[(<FieldType.LARGE: 2>, True), (<FieldType.MEDIUM: 1>, False), (<FieldType.MEDIUM: 1>, False)]
Switched from next -> current
[White 6]
[(<FieldType.MEDIUM: 1>, False), (<FieldType.MEDIUM: 1>, False)]
None
[(<FieldType.MEDIUM: 1>, False)]
None
[]
[White 5]
[(<FieldType.LARGE: 2>, False)]
297
None
[]
[Red 3, White 1]
[(<FieldType.LARGE: 2>, False)]
None
[]
None
[]
None
[]
[Red 7, Red 6]
[(<FieldType.LARGE: 2>, False)]
None
[]
None
[]
[White 4, Blush 4]
[(<FieldType.MEDIUM: 1>, True)]
None
[]
298
None
[]
[Red 4, Red 3, Red 2]
[(<FieldType.MEDIUM: 1>, True), (<FieldType.LARGE: 2>, True)]
[Red 4, Red 3, Red 2]
[(<FieldType.LARGE: 2>, True)]
None
[]
None
[]
[White 5]
[(<FieldType.MEDIUM: 1>, False)]
None
[]
None
[]
None
[]
None
[]
299
None
[]
[White 2, Sparkling 8]
[(<FieldType.MEDIUM: 1>, True)]
None
[]
None
[]
[Red 3, White 3]
[(<FieldType.LARGE: 2>, False)]
None
[]
None
[]
None
[]
None
[]
[White 4, White 3, White 2]
[(<FieldType.MEDIUM: 1>, True), (<FieldType.MEDIUM: 1>, True)]
[White 4, White 3, White 2]
[(<FieldType.MEDIUM: 1>, True)]
300
None
[]
None
[]
[Red 4, Red 3]
[(<FieldType.LARGE: 2>, True)]
None
[]
[Red 8]
[(<FieldType.MEDIUM: 1>, False), (<FieldType.LARGE: 2>, False)]
Got next objective
[Red 6]
[Red 8]
[(<FieldType.LARGE: 2>, True), (<FieldType.MEDIUM: 1>, False)]
Switched from next -> current
[Red 6]
[(<FieldType.MEDIUM: 1>, False)]
None
[]
None
[]
None
[]
301
None
[]
[Blush 6, Blush 5]
[(<FieldType.MEDIUM: 1>, True)]
None
[]
[White 3, Blush 7]
[(<FieldType.MEDIUM: 1>, True)]
None
[]
[White 5]
[(<FieldType.LARGE: 2>, False)]
None
[]
[Red 8]
[(<FieldType.MEDIUM: 1>, False)]
None
[]
None
[]
302
None
[]
[White 6]
[(<FieldType.LARGE: 2>, False), (<FieldType.MEDIUM: 1>, False)]
Got next objective
[White 3, Blush 7]
[White 6]
[(<FieldType.MEDIUM: 1>, True), (<FieldType.MEDIUM: 1>, True)]
Switched from next -> current
[White 3, Blush 7]
[(<FieldType.MEDIUM: 1>, True)]
None
[]
None
[]
[Red 2, White 2, Blush 5]
[(<FieldType.MEDIUM: 1>, True)]
None
[]
None
[]
303
None
[]
[White 3, Blush 7]
[(<FieldType.MEDIUM: 1>, True)]
None
[]
None
[]
[White 6]
[(<FieldType.LARGE: 2>, False), (<FieldType.LARGE: 2>, False)]
Got next objective
[Sparkling 9]
[White 6]
[(<FieldType.MEDIUM: 1>, True), (<FieldType.MEDIUM: 1>, False)]
Switched from next -> current
[Sparkling 9]
[(<FieldType.MEDIUM: 1>, False)]
None
[]
None
[]
[White 4, Sparkling 7]
[(<FieldType.MEDIUM: 1>, True)]
304
None
[]
[White 7, White 6]
[(<FieldType.MEDIUM: 1>, True), (<FieldType.LARGE: 2>, True), (<FieldType.LARGE: 2>, True)]
[White 7, White 6]
[(<FieldType.LARGE: 2>, True), (<FieldType.LARGE: 2>, True)]
[White 7, White 6]
[(<FieldType.LARGE: 2>, True)]
None
[]
None
[]
None
[]
None
[]
[White 8]
[(<FieldType.LARGE: 2>, False), (<FieldType.LARGE: 2>, False), (<FieldType.MEDIUM: 1>, False), (<FieldType.LARGE: 2>, False)]
Got next objective
[White 4, White 3, White 2]
[White 8]
[(<FieldType.MEDIUM: 1>, True), (<FieldType.MEDIUM: 1>, True), (<FieldType.MEDIUM: 1>, True), (<FieldType.MEDIUM: 1>, False)]
[White 8]
[(<FieldType.MEDIUM: 1>, True), (<FieldType.MEDIUM: 1>, True), (<FieldType.MEDIUM: 1>, False)]
[White 8]
[(<FieldType.MEDIUM: 1>, True), (<FieldType.MEDIUM: 1>, False)]
Switched from next -> current
305
None
[]
None
[]
[White 4, White 3]
[(<FieldType.MEDIUM: 1>, True)]
None
[]
None
[]
None
[]
None
[]
[Red 4, Red 3, Red 2]
[(<FieldType.MEDIUM: 1>, True)]
306
None
[]
[Red 8]
[(<FieldType.MEDIUM: 1>, False), (<FieldType.LARGE: 2>, False)]
Got next objective
[Red 3, White 1]
[Red 8]
[(<FieldType.LARGE: 2>, True), (<FieldType.MEDIUM: 1>, False)]
Switched from next -> current
[Red 3, White 1]
[(<FieldType.MEDIUM: 1>, False)]
None
[]
None
[]
None
[]
None
[]
307
None
[]
[White 3, Blush 7]
[(<FieldType.MEDIUM: 1>, True)]
None
[]
None
[]
None
[]
[Red 7, Red 6]
[(<FieldType.LARGE: 2>, True)]
None
[]
None
[]
[Red 6, White 6]
[(<FieldType.MEDIUM: 1>, False), (<FieldType.LARGE: 2>, False)]
Got next objective
[Red 4, Blush 4]
[Red 6, White 6]
[(<FieldType.LARGE: 2>, True), (<FieldType.MEDIUM: 1>, False)]
Switched from next -> current
308
None
[]
[Red 4, Blush 4]
[(<FieldType.LARGE: 2>, True)]
None
[]
[Red 6, White 6]
[(<FieldType.MEDIUM: 1>, True), (<FieldType.LARGE: 2>, True)]
[Red 6, White 6]
[(<FieldType.LARGE: 2>, True)]
None
[]
None
[]
None
[]
[Red 4, Red 3, Red 2]
[(<FieldType.MEDIUM: 1>, True)]
309
None
[]
None
[]
None
[]
[Red 4, Blush 4]
[(<FieldType.LARGE: 2>, True)]
None
[]
[White 4, White 3, White 2]
[(<FieldType.MEDIUM: 1>, True), (<FieldType.MEDIUM: 1>, True)]
[White 4, White 3, White 2]
[(<FieldType.MEDIUM: 1>, True)]
None
[]
None
[]
310
None
[]
[Sparkling 9]
[(<FieldType.LARGE: 2>, True)]
None
[]
[White 8]
[(<FieldType.LARGE: 2>, False), (<FieldType.LARGE: 2>, False), (<FieldType.MEDIUM: 1>, False), (<FieldType.LARGE: 2>, False)]
Got next objective
[Red 4, White 2]
[White 8]
[(<FieldType.MEDIUM: 1>, True), (<FieldType.MEDIUM: 1>, False), (<FieldType.MEDIUM: 1>, False), (<FieldType.MEDIUM: 1>, False)]
[White 8]
[(<FieldType.MEDIUM: 1>, False), (<FieldType.MEDIUM: 1>, False), (<FieldType.MEDIUM: 1>, False)]
[White 8]
[(<FieldType.MEDIUM: 1>, False), (<FieldType.MEDIUM: 1>, False)]
Switched from next -> current
[Red 4, White 2]
[(<FieldType.MEDIUM: 1>, False)]
None
[]
None
[]
311
None
[]
[White 6]
[(<FieldType.MEDIUM: 1>, False), (<FieldType.LARGE: 2>, False)]
Got next objective
[White 3, Blush 7]
[White 6]
[(<FieldType.MEDIUM: 1>, True), (<FieldType.LARGE: 2>, False)]
Switched from next -> current
[White 3, Blush 7]
[(<FieldType.LARGE: 2>, False)]
None
[]
None
[]
[Red 2, White 2, Blush 5]
[(<FieldType.MEDIUM: 1>, True)]
None
[]
312
None
[]
None
[]
[White 8]
[(<FieldType.MEDIUM: 1>, False), (<FieldType.MEDIUM: 1>, False), (<FieldType.LARGE: 2>, False), (<FieldType.LARGE: 2>, False)]
Got next objective
[White 3, Sparkling 8]
[White 8]
[(<FieldType.MEDIUM: 1>, True), (<FieldType.MEDIUM: 1>, False), (<FieldType.LARGE: 2>, False), (<FieldType.LARGE: 2>, False)]
[White 8]
[(<FieldType.MEDIUM: 1>, False), (<FieldType.LARGE: 2>, False), (<FieldType.LARGE: 2>, False)]
[White 8]
[(<FieldType.LARGE: 2>, False), (<FieldType.LARGE: 2>, False)]
Switched from next -> current
[White 3, Sparkling 8]
[(<FieldType.LARGE: 2>, False)]
None
[]
None
[]
313
None
[]
[Sparkling 9]
[(<FieldType.MEDIUM: 1>, True)]
None
[]
None
[]
[White 4, Blush 4]
[(<FieldType.MEDIUM: 1>, True)]
None
[]
None
[]
314
None
[]
[White 3, Sparkling 7]
[(<FieldType.MEDIUM: 1>, True)]
None
[]
[Blush 6, Blush 5]
[(<FieldType.MEDIUM: 1>, True)]
None
[]
[White 3, Sparkling 8]
[(<FieldType.MEDIUM: 1>, True)]
None
[]
[Red 4, Blush 4]
[(<FieldType.LARGE: 2>, True)]
315
None
[]
[White 5]
[(<FieldType.LARGE: 2>, False)]
None
[]
None
[]
None
[]
None
[]
[White 3, Sparkling 7]
[(<FieldType.MEDIUM: 1>, True)]
316
None
[]
[Red 2, White 2, Blush 5]
[(<FieldType.MEDIUM: 1>, True)]
None
[]
[White 7, White 6]
[(<FieldType.MEDIUM: 1>, True), (<FieldType.MEDIUM: 1>, True), (<FieldType.MEDIUM: 1>, True)]
[White 7, White 6]
[(<FieldType.MEDIUM: 1>, True), (<FieldType.MEDIUM: 1>, True)]
[White 7, White 6]
[(<FieldType.MEDIUM: 1>, True)]
None
[]
[Red 7, Red 6]
[(<FieldType.MEDIUM: 1>, False)]
None
[]
None
[]
317
None
[]
[Red 4, Red 3]
[(<FieldType.LARGE: 2>, True)]
None
[]
[Sparkling 9]
[(<FieldType.LARGE: 2>, True)]
None
[]
[White 7, White 6]
[(<FieldType.MEDIUM: 1>, True), (<FieldType.LARGE: 2>, True), (<FieldType.LARGE: 2>, True)]
[White 7, White 6]
[(<FieldType.LARGE: 2>, True), (<FieldType.LARGE: 2>, True)]
[White 7, White 6]
[(<FieldType.LARGE: 2>, True)]
None
[]
None
[]
318
None
[]
[Red 5, White 3]
[(<FieldType.MEDIUM: 1>, True)]
None
[]
[White 4, Sparkling 7]
[(<FieldType.MEDIUM: 1>, True)]
None
[]
None
[]
[Red 4, White 2]
[(<FieldType.MEDIUM: 1>, False)]
None
[]
[White 8]
[(<FieldType.LARGE: 2>, False), (<FieldType.LARGE: 2>, False)]
Got next objective
[White 4, White 3, White 2]
[White 8]
[(<FieldType.MEDIUM: 1>, True), (<FieldType.MEDIUM: 1>, True), (<FieldType.MEDIUM: 1>, True)]
Switched from next -> current
319
None
[]
[White 4, Blush 4]
[(<FieldType.MEDIUM: 1>, True)]
None
[]
None
[]
None
[]
None
[]
[Red 4, Blush 4]
[(<FieldType.LARGE: 2>, False)]
None
[]
None
[]
320
None
[]
[Red 4, Red 3, Red 2]
[(<FieldType.LARGE: 2>, True), (<FieldType.MEDIUM: 1>, True)]
[Red 4, Red 3, Red 2]
[(<FieldType.MEDIUM: 1>, True)]
None
[]
[Red 4, Red 3]
[(<FieldType.LARGE: 2>, True)]
None
[]
None
[]
None
[]
None
[]
321
None
[]
[White 4, White 3, White 2]
[(<FieldType.MEDIUM: 1>, True), (<FieldType.MEDIUM: 1>, True)]
[White 4, White 3, White 2]
[(<FieldType.MEDIUM: 1>, True)]
None
[]
None
[]
None
[]
None
[]
None
[]
[White 3, Blush 7]
[(<FieldType.MEDIUM: 1>, True)]
322
None
[]
[White 4, White 3]
[(<FieldType.MEDIUM: 1>, True)]
None
[]
None
[]
[Red 2, White 2, Blush 5]
[(<FieldType.MEDIUM: 1>, True)]
None
[]
[Red 4, Red 3, Red 2]
[(<FieldType.MEDIUM: 1>, True)]
None
[]
[White 3, Sparkling 7]
[(<FieldType.LARGE: 2>, True)]
323
None
[]
[Red 4, Blush 7]
[(<FieldType.LARGE: 2>, True)]
None
[]
[Red 3, White 1]
[(<FieldType.MEDIUM: 1>, False)]
None
[]
None
[]
[Sparkling 7]
[(<FieldType.MEDIUM: 1>, True)]
None
[]
[Red 4, White 2]
[(<FieldType.LARGE: 2>, False)]
None
[]
[Red 5, White 3]
[(<FieldType.MEDIUM: 1>, False)]
324
None
[]
[Red 6, White 6]
[(<FieldType.LARGE: 2>, True), (<FieldType.LARGE: 2>, True)]
[Red 6, White 6]
[(<FieldType.LARGE: 2>, True)]
None
[]
None
[]
None
[]
None
[]
None
[]
[Red 4, White 2]
[(<FieldType.LARGE: 2>, False)]
325
None
[]
[White 4, White 3]
[(<FieldType.MEDIUM: 1>, True)]
None
[]
[White 3, Sparkling 7]
[(<FieldType.MEDIUM: 1>, True)]
None
[]
[White 6]
[(<FieldType.MEDIUM: 1>, False), (<FieldType.LARGE: 2>, False)]
Got next objective
[White 3, Sparkling 8]
[White 6]
[(<FieldType.MEDIUM: 1>, True), (<FieldType.LARGE: 2>, False)]
Switched from next -> current
[White 3, Sparkling 8]
[(<FieldType.LARGE: 2>, False)]
None
[]
326
None
[]
[Red 4, Blush 7]
[(<FieldType.LARGE: 2>, True)]
None
[]
None
[]
[Sparkling 7]
[(<FieldType.LARGE: 2>, True)]
None
[]
[White 6]
[(<FieldType.MEDIUM: 1>, False), (<FieldType.MEDIUM: 1>, False)]
Got next objective
[White 3, Blush 7]
[White 6]
[(<FieldType.MEDIUM: 1>, True), (<FieldType.LARGE: 2>, False)]
Switched from next -> current
[White 3, Blush 7]
[(<FieldType.LARGE: 2>, False)]
327
None
[]
[Red 3, White 3]
[(<FieldType.LARGE: 2>, False)]
None
[]
[Red 2, White 2, Blush 5]
[(<FieldType.MEDIUM: 1>, True)]
None
[]
[Red 4, Blush 7]
[(<FieldType.MEDIUM: 1>, False)]
None
[]
None
[]
None
[]
328
None
[]
[White 4, White 3, White 2]
[(<FieldType.MEDIUM: 1>, True), (<FieldType.MEDIUM: 1>, True)]
[White 4, White 3, White 2]
[(<FieldType.MEDIUM: 1>, True)]
None
[]
[White 6]
[(<FieldType.MEDIUM: 1>, False), (<FieldType.MEDIUM: 1>, False)]
Got next objective
[Red 6]
[White 6]
[(<FieldType.LARGE: 2>, True), (<FieldType.MEDIUM: 1>, False)]
Switched from next -> current
[Red 6]
[(<FieldType.MEDIUM: 1>, False)]
None
[]
None
[]
None
[]
329
None
[]
[White 8]
[(<FieldType.MEDIUM: 1>, False), (<FieldType.LARGE: 2>, False), (<FieldType.MEDIUM: 1>, False), (<FieldType.LARGE: 2>, False)]
Got next objective
[Red 4, White 2]
[White 8]
[(<FieldType.LARGE: 2>, True), (<FieldType.MEDIUM: 1>, False), (<FieldType.MEDIUM: 1>, False), (<FieldType.LARGE: 2>, False)]
[White 8]
[(<FieldType.MEDIUM: 1>, False), (<FieldType.MEDIUM: 1>, False), (<FieldType.LARGE: 2>, False)]
[White 8]
[(<FieldType.MEDIUM: 1>, False), (<FieldType.LARGE: 2>, False)]
Switched from next -> current
[Red 4, White 2]
[(<FieldType.LARGE: 2>, False)]
None
[]
None
[]
None
[]
[White 5]
[(<FieldType.LARGE: 2>, False)]
None
[]
[White 3, Blush 7]
[(<FieldType.MEDIUM: 1>, True)]
330
None
[]
[White 3, Sparkling 7]
[(<FieldType.MEDIUM: 1>, True)]
None
[]
[White 3, Blush 7]
[(<FieldType.MEDIUM: 1>, True)]
None
[]
None
[]
None
[]
[Red 4, Blush 7]
[(<FieldType.LARGE: 2>, True)]
331
None
[]
None
[]
[Red 3, White 5]
[(<FieldType.LARGE: 2>, False)]
None
[]
[White 3, Blush 7]
[(<FieldType.MEDIUM: 1>, True)]
None
[]
[White 8]
[(<FieldType.LARGE: 2>, False), (<FieldType.MEDIUM: 1>, False), (<FieldType.MEDIUM: 1>, False), (<FieldType.MEDIUM: 1>, False)]
Got next objective
[Red 5]
[White 8]
[(<FieldType.LARGE: 2>, True), (<FieldType.MEDIUM: 1>, False), (<FieldType.MEDIUM: 1>, False), (<FieldType.MEDIUM: 1>, False)]
[White 8]
[(<FieldType.MEDIUM: 1>, False), (<FieldType.MEDIUM: 1>, False), (<FieldType.MEDIUM: 1>, False)]
[White 8]
[(<FieldType.MEDIUM: 1>, False), (<FieldType.MEDIUM: 1>, False)]
Switched from next -> current
[Red 5]
[(<FieldType.MEDIUM: 1>, False)]
None
[]
None
[]
332
None
[]
[Blush 6, Blush 5]
[(<FieldType.MEDIUM: 1>, True)]
None
[]
[White 8]
[(<FieldType.MEDIUM: 1>, False), (<FieldType.MEDIUM: 1>, False), (<FieldType.MEDIUM: 1>, False), (<FieldType.MEDIUM: 1>, False)]
Got next objective
[White 4, Sparkling 7]
[White 8]
[(<FieldType.MEDIUM: 1>, True), (<FieldType.MEDIUM: 1>, False), (<FieldType.LARGE: 2>, False), (<FieldType.LARGE: 2>, False)]
[White 8]
[(<FieldType.MEDIUM: 1>, False), (<FieldType.LARGE: 2>, False), (<FieldType.LARGE: 2>, False)]
[White 8]
[(<FieldType.LARGE: 2>, False), (<FieldType.LARGE: 2>, False)]
Switched from next -> current
[White 4, Sparkling 7]
[(<FieldType.LARGE: 2>, False)]
None
[]
None
[]
[White 3, Blush 7]
[(<FieldType.MEDIUM: 1>, True)]
333
None
[]
[Sparkling 7]
[(<FieldType.MEDIUM: 1>, True)]
None
[]
[White 3, Blush 7]
[(<FieldType.MEDIUM: 1>, True)]
None
[]
[Red 7, Red 6]
[(<FieldType.LARGE: 2>, True)]
None
[]
[Red 3, White 5]
[(<FieldType.LARGE: 2>, False)]
None
[]
[White 7, White 6]
[(<FieldType.MEDIUM: 1>, True), (<FieldType.MEDIUM: 1>, True), (<FieldType.MEDIUM: 1>, True)]
[White 7, White 6]
[(<FieldType.MEDIUM: 1>, True), (<FieldType.MEDIUM: 1>, True)]
[White 7, White 6]
[(<FieldType.MEDIUM: 1>, True)]
334
None
[]
[Red 6, White 6]
[(<FieldType.LARGE: 2>, True), (<FieldType.MEDIUM: 1>, True)]
[Red 6, White 6]
[(<FieldType.MEDIUM: 1>, True)]
None
[]
None
[]
[White 6]
[(<FieldType.LARGE: 2>, False), (<FieldType.MEDIUM: 1>, False)]
Got next objective
[Red 2, White 2, Blush 5]
[White 6]
[(<FieldType.MEDIUM: 1>, True), (<FieldType.MEDIUM: 1>, True)]
Switched from next -> current
[Red 2, White 2, Blush 5]
[(<FieldType.MEDIUM: 1>, True)]
None
[]
[White 4, White 3, White 2]
[(<FieldType.MEDIUM: 1>, True), (<FieldType.MEDIUM: 1>, True)]
[White 4, White 3, White 2]
[(<FieldType.MEDIUM: 1>, True)]
335
None
[]
[Red 4, Red 3, Red 2]
[(<FieldType.LARGE: 2>, True), (<FieldType.LARGE: 2>, True)]
[Red 4, Red 3, Red 2]
[(<FieldType.LARGE: 2>, True)]
None
[]
[White 7, White 6]
[(<FieldType.MEDIUM: 1>, True), (<FieldType.MEDIUM: 1>, True), (<FieldType.MEDIUM: 1>, True)]
[White 7, White 6]
[(<FieldType.MEDIUM: 1>, True), (<FieldType.MEDIUM: 1>, True)]
[White 7, White 6]
[(<FieldType.MEDIUM: 1>, True)]
None
[]
None
[]
None
[]
None
[]
[White 3, Blush 7]
[(<FieldType.MEDIUM: 1>, True)]
336
None
[]
[Red 4, Red 3, Red 2]
[(<FieldType.MEDIUM: 1>, True), (<FieldType.MEDIUM: 1>, True)]
[Red 4, Red 3, Red 2]
[(<FieldType.MEDIUM: 1>, True)]
None
[]
[White 3, Sparkling 7]
[(<FieldType.MEDIUM: 1>, True)]
None
[]
None
[]
337
None
[]
[Red 3, White 1]
[(<FieldType.MEDIUM: 1>, False)]
None
[]
[Red 4, Red 3, Red 2]
[(<FieldType.LARGE: 2>, True)]
None
[]
None
[]
[Red 6, White 6]
[(<FieldType.LARGE: 2>, False)]
None
[]
[White 5]
[(<FieldType.MEDIUM: 1>, False)]
None
[]
None
[]
338
None
[]
None
[]
[Sparkling 9]
[(<FieldType.MEDIUM: 1>, True)]
None
[]
None
[]
[White 8]
[(<FieldType.MEDIUM: 1>, False), (<FieldType.MEDIUM: 1>, False), (<FieldType.LARGE: 2>, False), (<FieldType.LARGE: 2>, False)]
Got next objective
[Red 1, White 3]
[White 8]
[(<FieldType.LARGE: 2>, True), (<FieldType.LARGE: 2>, False), (<FieldType.LARGE: 2>, False), (<FieldType.MEDIUM: 1>, False)]
[White 8]
[(<FieldType.LARGE: 2>, False), (<FieldType.LARGE: 2>, False), (<FieldType.MEDIUM: 1>, False)]
[White 8]
[(<FieldType.LARGE: 2>, False), (<FieldType.MEDIUM: 1>, False)]
Switched from next -> current
[Red 1, White 3]
[(<FieldType.MEDIUM: 1>, False)]
None
[]
339
None
[]
None
[]
[Blush 6, Blush 5]
[(<FieldType.MEDIUM: 1>, True)]
None
[]
[White 3, Sparkling 7]
[(<FieldType.MEDIUM: 1>, True)]
None
[]
[White 3, Sparkling 8]
[(<FieldType.MEDIUM: 1>, True)]
340
None
[]
None
[]
[White 4, White 3, White 2]
[(<FieldType.MEDIUM: 1>, True), (<FieldType.MEDIUM: 1>, True)]
[White 4, White 3, White 2]
[(<FieldType.MEDIUM: 1>, True)]
None
[]
None
[]
[White 3, Sparkling 8]
[(<FieldType.MEDIUM: 1>, True)]
None
[]
None
[]
[White 2, Sparkling 8]
[(<FieldType.MEDIUM: 1>, True)]
341
None
[]
[White 4, Blush 4]
[(<FieldType.MEDIUM: 1>, True)]
None
[]
[White 6]
[(<FieldType.LARGE: 2>, False), (<FieldType.MEDIUM: 1>, False)]
Got next objective
[White 4, Sparkling 7]
[White 6]
[(<FieldType.MEDIUM: 1>, True), (<FieldType.MEDIUM: 1>, True)]
Switched from next -> current
[White 4, Sparkling 7]
[(<FieldType.MEDIUM: 1>, True)]
None
[]
[White 3, Blush 7]
[(<FieldType.MEDIUM: 1>, True)]
None
[]
342
None
[]
[Red 4, Blush 7]
[(<FieldType.LARGE: 2>, True)]
None
[]
[White 3, Blush 7]
[(<FieldType.MEDIUM: 1>, True)]
None
[]
[Blush 6, Blush 5]
[(<FieldType.MEDIUM: 1>, True)]
None
[]
343
None
[]
[Red 3, White 5]
[(<FieldType.LARGE: 2>, False)]
None
[]
[White 2, Sparkling 8]
[(<FieldType.MEDIUM: 1>, True)]
None
[]
[White 3, Sparkling 7]
[(<FieldType.MEDIUM: 1>, True)]
None
[]
[White 8]
[(<FieldType.MEDIUM: 1>, False), (<FieldType.LARGE: 2>, False), (<FieldType.LARGE: 2>, False), (<FieldType.LARGE: 2>, False)]
Got next objective
[Sparkling 9]
[White 8]
[(<FieldType.MEDIUM: 1>, True), (<FieldType.MEDIUM: 1>, False), (<FieldType.MEDIUM: 1>, False), (<FieldType.LARGE: 2>, False)]
[White 8]
[(<FieldType.MEDIUM: 1>, False), (<FieldType.MEDIUM: 1>, False), (<FieldType.LARGE: 2>, False)]
[White 8]
[(<FieldType.MEDIUM: 1>, False), (<FieldType.LARGE: 2>, False)]
Switched from next -> current
344
None
[]
None
[]
[Blush 8]
[(<FieldType.MEDIUM: 1>, False)]
None
[]
None
[]
[Red 7, Red 6]
[(<FieldType.LARGE: 2>, True)]
None
[]
None
[]
345
None
[]
[White 4, Blush 4]
[(<FieldType.MEDIUM: 1>, True)]
None
[]
None
[]
[Red 3, White 3]
[(<FieldType.MEDIUM: 1>, False)]
None
[]
None
[]
[White 6]
[(<FieldType.MEDIUM: 1>, False), (<FieldType.MEDIUM: 1>, False)]
Got next objective
[Blush 8]
[White 6]
[(<FieldType.LARGE: 2>, True), (<FieldType.LARGE: 2>, False)]
Switched from next -> current
[Blush 8]
[(<FieldType.LARGE: 2>, False)]
346
None
[]
[White 4, White 3, White 2]
[(<FieldType.MEDIUM: 1>, True), (<FieldType.MEDIUM: 1>, True)]
[White 4, White 3, White 2]
[(<FieldType.MEDIUM: 1>, True)]
None
[]
[Red 2, White 2, Blush 5]
[(<FieldType.MEDIUM: 1>, True)]
None
[]
None
[]
[Red 3, White 5]
[(<FieldType.MEDIUM: 1>, False)]
None
[]
None
[]
347
None
[]
[White 5]
[(<FieldType.MEDIUM: 1>, False)]
None
[]
None
[]
[White 3, Sparkling 7]
[(<FieldType.MEDIUM: 1>, True)]
None
[]
None
[]
[White 4, White 3, White 2]
[(<FieldType.MEDIUM: 1>, True), (<FieldType.MEDIUM: 1>, True)]
[White 4, White 3, White 2]
[(<FieldType.MEDIUM: 1>, True)]
348
None
[]
[White 4, Blush 4]
[(<FieldType.MEDIUM: 1>, True)]
None
[]
None
[]
None
[]
[White 6]
[(<FieldType.LARGE: 2>, False), (<FieldType.LARGE: 2>, False)]
Got next objective
[White 3, Blush 7]
[White 6]
[(<FieldType.MEDIUM: 1>, True), (<FieldType.MEDIUM: 1>, True)]
Switched from next -> current
[White 3, Blush 7]
[(<FieldType.MEDIUM: 1>, True)]
None
[]
[Red 3, White 5]
[(<FieldType.MEDIUM: 1>, False)]
349
None
[]
[Red 3, White 5]
[(<FieldType.MEDIUM: 1>, False)]
None
[]
None
[]
None
[]
None
[]
[Red 2, White 2, Blush 5]
[(<FieldType.MEDIUM: 1>, True)]
None
[]
[Red 7, Red 6]
[(<FieldType.LARGE: 2>, False)]
350
None
[]
[Red 3, White 1]
[(<FieldType.LARGE: 2>, False)]
None
[]
None
[]
None
[]
[White 4, White 3, White 2]
[(<FieldType.MEDIUM: 1>, True), (<FieldType.MEDIUM: 1>, True)]
[White 4, White 3, White 2]
[(<FieldType.MEDIUM: 1>, True)]
None
[]
None
[]
[White 2, Sparkling 8]
[(<FieldType.MEDIUM: 1>, True)]
351
None
[]
[Sparkling 7]
[(<FieldType.LARGE: 2>, True)]
None
[]
[Red 7, Red 6]
[(<FieldType.LARGE: 2>, True)]
None
[]
None
[]
[Red 4, Red 3, Red 2]
[(<FieldType.MEDIUM: 1>, True), (<FieldType.MEDIUM: 1>, True)]
[Red 4, Red 3, Red 2]
[(<FieldType.MEDIUM: 1>, True)]
None
[]
[White 3, Sparkling 8]
[(<FieldType.LARGE: 2>, True)]
352
None
[]
[White 4, White 3, White 2]
[(<FieldType.MEDIUM: 1>, True), (<FieldType.MEDIUM: 1>, True)]
[White 4, White 3, White 2]
[(<FieldType.MEDIUM: 1>, True)]
None
[]
None
[]
None
[]
[White 3, Sparkling 8]
[(<FieldType.MEDIUM: 1>, True)]
None
[]
353
None
[]
[White 3, Sparkling 7]
[(<FieldType.MEDIUM: 1>, True)]
None
[]
[White 2, Sparkling 8]
[(<FieldType.MEDIUM: 1>, True)]
None
[]
[White 3, Blush 7]
[(<FieldType.MEDIUM: 1>, True)]
None
[]
354
None
[]
[White 3, Sparkling 7]
[(<FieldType.MEDIUM: 1>, True)]
None
[]
[White 4, White 3, White 2]
[(<FieldType.MEDIUM: 1>, True), (<FieldType.MEDIUM: 1>, True)]
[White 4, White 3, White 2]
[(<FieldType.MEDIUM: 1>, True)]
None
[]
[White 3, Blush 7]
[(<FieldType.MEDIUM: 1>, True)]
None
[]
None
[]
355
None
[]
[Red 2, White 2, Blush 5]
[(<FieldType.MEDIUM: 1>, True)]
None
[]
[Red 6, White 6]
[(<FieldType.MEDIUM: 1>, True), (<FieldType.LARGE: 2>, True)]
[Red 6, White 6]
[(<FieldType.LARGE: 2>, True)]
None
[]
None
[]
[White 3, Sparkling 7]
[(<FieldType.MEDIUM: 1>, True)]
356
None
[]
[White 4, White 3]
[(<FieldType.MEDIUM: 1>, True)]
None
[]
None
[]
[White 3, Sparkling 7]
[(<FieldType.MEDIUM: 1>, True)]
None
[]
[Red 8]
[(<FieldType.MEDIUM: 1>, False)]
None
[]
None
[]
357
None
[]
[White 5]
[(<FieldType.MEDIUM: 1>, False)]
None
[]
[Red 6, White 6]
[(<FieldType.LARGE: 2>, False)]
None
[]
None
[]
None
[]
None
[]
358
None
[]
None
[]
[Red 3, White 5]
[(<FieldType.MEDIUM: 1>, False)]
None
[]
[Red 6, White 6]
[(<FieldType.LARGE: 2>, False)]
None
[]
None
[]
359
None
[]
[Red 3, White 5]
[(<FieldType.MEDIUM: 1>, False)]
None
[]
None
[]
[White 6]
[(<FieldType.LARGE: 2>, False), (<FieldType.MEDIUM: 1>, False)]
Got next objective
[Red 5]
[White 6]
[(<FieldType.LARGE: 2>, True), (<FieldType.LARGE: 2>, False)]
Switched from next -> current
[Red 5]
[(<FieldType.LARGE: 2>, False)]
None
[]
None
[]
360
None
[]
[White 7, White 6]
[(<FieldType.MEDIUM: 1>, True), (<FieldType.MEDIUM: 1>, True), (<FieldType.LARGE: 2>, True)]
[White 7, White 6]
[(<FieldType.MEDIUM: 1>, True), (<FieldType.LARGE: 2>, True)]
[White 7, White 6]
[(<FieldType.LARGE: 2>, True)]
None
[]
None
[]
None
[]
None
[]
[Blush 6, Blush 5]
[(<FieldType.MEDIUM: 1>, True)]
361
None
[]
[White 4, White 3]
[(<FieldType.MEDIUM: 1>, True)]
None
[]
None
[]
[Red 8]
[(<FieldType.LARGE: 2>, False), (<FieldType.LARGE: 2>, False)]
Got next objective
[White 8]
[Red 8]
[(<FieldType.MEDIUM: 1>, True), (<FieldType.MEDIUM: 1>, False), (<FieldType.LARGE: 2>, False), (<FieldType.LARGE: 2>, False), (<FieldType.MEDIUM: 1>, False)]
Switched from next -> current
[White 8]
[(<FieldType.MEDIUM: 1>, False), (<FieldType.LARGE: 2>, False), (<FieldType.LARGE: 2>, False), (<FieldType.MEDIUM: 1>, False)]
Got next objective
[Red 6, White 6]
[White 8]
[(<FieldType.LARGE: 2>, True), (<FieldType.LARGE: 2>, False), (<FieldType.LARGE: 2>, False), (<FieldType.MEDIUM: 1>, False)]
[White 8]
[(<FieldType.LARGE: 2>, False), (<FieldType.LARGE: 2>, False), (<FieldType.MEDIUM: 1>, False)]
[White 8]
[(<FieldType.LARGE: 2>, False), (<FieldType.MEDIUM: 1>, False)]
Switched from next -> current
[Red 6, White 6]
[(<FieldType.MEDIUM: 1>, False)]
None
[]
362
None
[]
None
[]
[Sparkling 9]
[(<FieldType.MEDIUM: 1>, True)]
None
[]
None
[]
None
[]
[White 2, Sparkling 8]
[(<FieldType.MEDIUM: 1>, True)]
None
[]
363
None
[]
[White 6]
[(<FieldType.LARGE: 2>, False), (<FieldType.LARGE: 2>, False)]
Got next objective
[White 3, Blush 7]
[White 6]
[(<FieldType.MEDIUM: 1>, True), (<FieldType.MEDIUM: 1>, True)]
Switched from next -> current
[White 3, Blush 7]
[(<FieldType.MEDIUM: 1>, True)]
None
[]
None
[]
[White 7, White 6]
[(<FieldType.MEDIUM: 1>, True), (<FieldType.MEDIUM: 1>, True), (<FieldType.LARGE: 2>, True)]
[White 7, White 6]
[(<FieldType.MEDIUM: 1>, True), (<FieldType.LARGE: 2>, True)]
[White 7, White 6]
[(<FieldType.LARGE: 2>, True)]
None
[]
None
[]
364
None
[]
[White 3, Sparkling 8]
[(<FieldType.MEDIUM: 1>, True)]
None
[]
[White 4, Blush 4]
[(<FieldType.MEDIUM: 1>, True)]
None
[]
[White 6]
[(<FieldType.MEDIUM: 1>, False), (<FieldType.LARGE: 2>, False)]
Got next objective
[Red 3, White 3]
[White 6]
[(<FieldType.MEDIUM: 1>, True), (<FieldType.MEDIUM: 1>, False)]
Switched from next -> current
[Red 3, White 3]
[(<FieldType.MEDIUM: 1>, False)]
None
[]
365
None
[]
[Red 4, Blush 7]
[(<FieldType.LARGE: 2>, True)]
None
[]
[White 7, White 6]
[(<FieldType.MEDIUM: 1>, True), (<FieldType.LARGE: 2>, True), (<FieldType.LARGE: 2>, True)]
[White 7, White 6]
[(<FieldType.LARGE: 2>, True), (<FieldType.LARGE: 2>, True)]
[White 7, White 6]
[(<FieldType.LARGE: 2>, True)]
None
[]
None
[]
[White 3, Sparkling 8]
[(<FieldType.MEDIUM: 1>, True)]
None
[]
366
None
[]
[White 4, Sparkling 7]
[(<FieldType.MEDIUM: 1>, True)]
None
[]
[White 3, Blush 7]
[(<FieldType.MEDIUM: 1>, True)]
None
[]
None
[]
[Red 7, Red 6]
[(<FieldType.LARGE: 2>, False)]
None
[]
367
None
[]
[Blush 8]
[(<FieldType.MEDIUM: 1>, False)]
None
[]
None
[]
[Red 4, Blush 7]
[(<FieldType.LARGE: 2>, True)]
None
[]
[Red 3, White 5]
[(<FieldType.MEDIUM: 1>, False)]
None
[]
368
None
[]
[White 3, Sparkling 7]
[(<FieldType.MEDIUM: 1>, True)]
None
[]
[White 3, Blush 7]
[(<FieldType.MEDIUM: 1>, True)]
None
[]
None
[]
None
[]
[Blush 6, Blush 5]
[(<FieldType.MEDIUM: 1>, True)]
369
None
[]
[Red 4, Red 3]
[(<FieldType.LARGE: 2>, True)]
None
[]
None
[]
None
[]
[Red 4, White 2]
[(<FieldType.LARGE: 2>, False)]
None
[]
[Red 4, Blush 7]
[(<FieldType.LARGE: 2>, False)]
None
[]
[Blush 6, Blush 5]
[(<FieldType.MEDIUM: 1>, True)]
370
None
[]
[Red 3, White 5]
[(<FieldType.LARGE: 2>, False)]
None
[]
[White 3, Sparkling 8]
[(<FieldType.MEDIUM: 1>, True)]
None
[]
None
[]
[Red 4, Blush 7]
[(<FieldType.LARGE: 2>, True)]
None
[]
371
None
[]
[Red 4, Blush 7]
[(<FieldType.LARGE: 2>, True)]
None
[]
None
[]
[Red 3, White 3]
[(<FieldType.LARGE: 2>, False)]
None
[]
None
[]
[White 4, Sparkling 7]
[(<FieldType.MEDIUM: 1>, True)]
372
None
[]
None
[]
[White 3, Sparkling 7]
[(<FieldType.MEDIUM: 1>, True)]
None
[]
[White 5]
[(<FieldType.LARGE: 2>, False)]
None
[]
None
[]
[White 4, Blush 4]
[(<FieldType.MEDIUM: 1>, True)]
None
[]
373
None
[]
None
[]
[Red 4, Red 3, Red 2]
[(<FieldType.LARGE: 2>, True), (<FieldType.MEDIUM: 1>, True)]
[Red 4, Red 3, Red 2]
[(<FieldType.MEDIUM: 1>, True)]
None
[]
None
[]
[Red 4, Blush 4]
[(<FieldType.MEDIUM: 1>, True)]
None
[]
None
[]
None
[]
374
None
[]
[Red 6, White 6]
[(<FieldType.LARGE: 2>, True), (<FieldType.MEDIUM: 1>, True)]
[Red 6, White 6]
[(<FieldType.MEDIUM: 1>, True)]
None
[]
None
[]
[Red 8]
[(<FieldType.MEDIUM: 1>, False), (<FieldType.MEDIUM: 1>, False)]
Got next objective
[White 7, White 6]
[Red 8]
[(<FieldType.MEDIUM: 1>, True), (<FieldType.MEDIUM: 1>, False)]
Switched from next -> current
[White 7, White 6]
[(<FieldType.MEDIUM: 1>, False)]
None
[]
375
None
[]
[White 4, White 3]
[(<FieldType.MEDIUM: 1>, True)]
None
[]
None
[]
None
[]
[White 3, Blush 7]
[(<FieldType.MEDIUM: 1>, True)]
None
[]
[White 3, Sparkling 8]
[(<FieldType.MEDIUM: 1>, True)]
None
[]
376
None
[]
None
[]
[Sparkling 7]
[(<FieldType.LARGE: 2>, True)]
None
[]
[Sparkling 9]
[(<FieldType.MEDIUM: 1>, True)]
None
[]
None
[]
[Red 3, White 1]
[(<FieldType.LARGE: 2>, False)]
None
[]
[White 2, Sparkling 8]
[(<FieldType.MEDIUM: 1>, True)]
377
None
[]
[Blush 8]
[(<FieldType.LARGE: 2>, False)]
None
[]
[White 2, Sparkling 8]
[(<FieldType.MEDIUM: 1>, True)]
None
[]
None
[]
[White 3, Sparkling 7]
[(<FieldType.MEDIUM: 1>, True)]
378
None
[]
[White 2, Sparkling 8]
[(<FieldType.MEDIUM: 1>, True)]
None
[]
[White 4, White 3]
[(<FieldType.MEDIUM: 1>, True)]
None
[]
[Red 7, Red 6]
[(<FieldType.LARGE: 2>, False)]
None
[]
[Blush 6, Blush 5]
[(<FieldType.MEDIUM: 1>, True)]
379
None
[]
[White 4, Sparkling 7]
[(<FieldType.MEDIUM: 1>, True)]
None
[]
[Red 4, Red 3]
[(<FieldType.LARGE: 2>, True)]
None
[]
None
[]
None
[]
None
[]
[Blush 6, Blush 5]
[(<FieldType.MEDIUM: 1>, True)]
380
None
[]
None
[]
[White 3, Blush 7]
[(<FieldType.MEDIUM: 1>, True)]
None
[]
[White 2, Sparkling 8]
[(<FieldType.MEDIUM: 1>, True)]
None
[]
[Red 6, White 6]
[(<FieldType.LARGE: 2>, False), (<FieldType.LARGE: 2>, False)]
Got next objective
[White 4, White 3]
[Red 6, White 6]
[(<FieldType.MEDIUM: 1>, True), (<FieldType.MEDIUM: 1>, True)]
Switched from next -> current
[White 4, White 3]
[(<FieldType.MEDIUM: 1>, True)]
381
None
[]
[White 2, Sparkling 8]
[(<FieldType.MEDIUM: 1>, True)]
None
[]
[White 3, Sparkling 8]
[(<FieldType.MEDIUM: 1>, True)]
None
[]
[White 4, White 3, White 2]
[(<FieldType.MEDIUM: 1>, True), (<FieldType.MEDIUM: 1>, True)]
[White 4, White 3, White 2]
[(<FieldType.MEDIUM: 1>, True)]
None
[]
382
None
[]
[Red 3, White 3]
[(<FieldType.LARGE: 2>, False)]
None
[]
[Red 8]
[(<FieldType.LARGE: 2>, False)]
None
[]
None
[]
None
[]
[White 3, Blush 7]
[(<FieldType.MEDIUM: 1>, True)]
None
[]
[Red 3, White 5]
[(<FieldType.MEDIUM: 1>, False)]
383
None
[]
[White 6]
[(<FieldType.LARGE: 2>, False), (<FieldType.LARGE: 2>, False)]
Got next objective
[Red 4, Blush 4]
[White 6]
[(<FieldType.MEDIUM: 1>, True), (<FieldType.LARGE: 2>, False)]
Switched from next -> current
[Red 4, Blush 4]
[(<FieldType.LARGE: 2>, False)]
None
[]
[Blush 6, Blush 5]
[(<FieldType.MEDIUM: 1>, True)]
None
[]
[White 2, Sparkling 8]
[(<FieldType.MEDIUM: 1>, True)]
None
[]
384
None
[]
None
[]
[White 4, White 3, White 2]
[(<FieldType.MEDIUM: 1>, True), (<FieldType.MEDIUM: 1>, True)]
[White 4, White 3, White 2]
[(<FieldType.MEDIUM: 1>, True)]
None
[]
None
[]
[Blush 6, Blush 5]
[(<FieldType.MEDIUM: 1>, True)]
None
[]
None
[]
385
None
[]
[White 3, Sparkling 8]
[(<FieldType.MEDIUM: 1>, True)]
None
[]
[White 4, Sparkling 7]
[(<FieldType.MEDIUM: 1>, True)]
None
[]
[White 6]
[(<FieldType.MEDIUM: 1>, False), (<FieldType.MEDIUM: 1>, False)]
Got next objective
[White 4, White 3, White 2]
[White 6]
[(<FieldType.MEDIUM: 1>, True), (<FieldType.MEDIUM: 1>, True)]
Switched from next -> current
[White 4, White 3, White 2]
[(<FieldType.MEDIUM: 1>, True)]
None
[]
[Red 3, White 5]
[(<FieldType.LARGE: 2>, False)]
386
None
[]
[Red 2, White 2, Blush 5]
[(<FieldType.MEDIUM: 1>, True)]
None
[]
[White 4, White 3, White 2]
[(<FieldType.MEDIUM: 1>, True), (<FieldType.MEDIUM: 1>, True)]
[White 4, White 3, White 2]
[(<FieldType.MEDIUM: 1>, True)]
None
[]
[White 8]
[(<FieldType.LARGE: 2>, False), (<FieldType.LARGE: 2>, False), (<FieldType.MEDIUM: 1>, False), (<FieldType.LARGE: 2>, False)]
Got next objective
[Red 5, White 3]
[White 8]
[(<FieldType.MEDIUM: 1>, True), (<FieldType.LARGE: 2>, False), (<FieldType.LARGE: 2>, False), (<FieldType.LARGE: 2>, False)]
[White 8]
[(<FieldType.LARGE: 2>, False), (<FieldType.LARGE: 2>, False), (<FieldType.LARGE: 2>, False)]
[White 8]
[(<FieldType.LARGE: 2>, False), (<FieldType.LARGE: 2>, False)]
Switched from next -> current
[Red 5, White 3]
[(<FieldType.LARGE: 2>, False)]
None
[]
387
None
[]
[Red 4, Blush 7]
[(<FieldType.LARGE: 2>, True)]
None
[]
[Red 8]
[(<FieldType.MEDIUM: 1>, False), (<FieldType.MEDIUM: 1>, False)]
Got next objective
[Red 3, White 3]
[Red 8]
[(<FieldType.LARGE: 2>, True), (<FieldType.LARGE: 2>, False)]
Switched from next -> current
[Red 3, White 3]
[(<FieldType.LARGE: 2>, False)]
None
[]
None
[]
[White 3, Sparkling 7]
[(<FieldType.MEDIUM: 1>, True)]
388
None
[]
[Red 3, White 5]
[(<FieldType.MEDIUM: 1>, False)]
None
[]
None
[]
[Blush 8]
[(<FieldType.MEDIUM: 1>, False)]
None
[]
None
[]
None
[]
389
None
[]
[Red 4, Blush 7]
[(<FieldType.LARGE: 2>, True)]
None
[]
[White 2, Sparkling 8]
[(<FieldType.MEDIUM: 1>, True)]
None
[]
[Red 4, Red 3, Red 2]
[(<FieldType.MEDIUM: 1>, True), (<FieldType.MEDIUM: 1>, True)]
[Red 4, Red 3, Red 2]
[(<FieldType.MEDIUM: 1>, True)]
None
[]
None
[]
[Red 4, Blush 4]
[(<FieldType.LARGE: 2>, True)]
390
None
[]
[White 4, Sparkling 7]
[(<FieldType.MEDIUM: 1>, True)]
None
[]
[White 5]
[(<FieldType.LARGE: 2>, False)]
None
[]
[White 7, White 6]
[(<FieldType.MEDIUM: 1>, True), (<FieldType.LARGE: 2>, True), (<FieldType.LARGE: 2>, True)]
[White 7, White 6]
[(<FieldType.LARGE: 2>, True), (<FieldType.LARGE: 2>, True)]
[White 7, White 6]
[(<FieldType.LARGE: 2>, True)]
None
[]
[Red 2, White 2, Blush 5]
[(<FieldType.MEDIUM: 1>, True)]
None
[]
[White 2, Sparkling 8]
[(<FieldType.MEDIUM: 1>, True)]
391
None
[]
None
[]
[White 3, Blush 7]
[(<FieldType.MEDIUM: 1>, True)]
None
[]
None
[]
None
[]
None
[]
[Red 5, White 3]
[(<FieldType.LARGE: 2>, True)]
392
None
[]
[White 6]
[(<FieldType.MEDIUM: 1>, False), (<FieldType.MEDIUM: 1>, False)]
Got next objective
[White 5]
[White 6]
[(<FieldType.LARGE: 2>, True), (<FieldType.LARGE: 2>, False)]
Switched from next -> current
[White 5]
[(<FieldType.LARGE: 2>, False)]
None
[]
None
[]
None
[]
None
[]
None
[]
393
None
[]
[Red 4, Red 3]
[(<FieldType.LARGE: 2>, True)]
None
[]
[White 4, Sparkling 7]
[(<FieldType.MEDIUM: 1>, True)]
None
[]
[Red 7, Red 6]
[(<FieldType.LARGE: 2>, True)]
None
[]
[Sparkling 7]
[(<FieldType.LARGE: 2>, True)]
None
[]
394
None
[]
[Red 3, White 1]
[(<FieldType.MEDIUM: 1>, False)]
None
[]
None
[]
None
[]
None
[]
[White 3, Sparkling 8]
[(<FieldType.MEDIUM: 1>, True)]
None
[]
395
None
[]
[White 3, Blush 7]
[(<FieldType.MEDIUM: 1>, True)]
None
[]
None
[]
None
[]
[White 4, Sparkling 7]
[(<FieldType.MEDIUM: 1>, True)]
396
None
[]
[Red 3, White 1]
[(<FieldType.LARGE: 2>, False)]
None
[]
[White 4, Blush 4]
[(<FieldType.MEDIUM: 1>, True)]
None
[]
[White 3, Sparkling 7]
[(<FieldType.MEDIUM: 1>, True)]
None
[]
[White 6]
[(<FieldType.MEDIUM: 1>, False), (<FieldType.MEDIUM: 1>, False)]
Got next objective
[White 8]
[White 6]
[(<FieldType.MEDIUM: 1>, True), (<FieldType.MEDIUM: 1>, False), (<FieldType.LARGE: 2>, False), (<FieldType.LARGE: 2>, False), (<FieldType.LARGE: 2>, False)]
Switched from next -> current
[White 8]
[(<FieldType.MEDIUM: 1>, False), (<FieldType.LARGE: 2>, False), (<FieldType.LARGE: 2>, False), (<FieldType.LARGE: 2>, False)]
Got next objective
[Blush 8]
[White 8]
[(<FieldType.MEDIUM: 1>, True), (<FieldType.MEDIUM: 1>, False), (<FieldType.LARGE: 2>, False), (<FieldType.MEDIUM: 1>, False)]
[White 8]
[(<FieldType.MEDIUM: 1>, False), (<FieldType.LARGE: 2>, False), (<FieldType.MEDIUM: 1>, False)]
Switched from next -> current
[Blush 8]
[(<FieldType.LARGE: 2>, False), (<FieldType.MEDIUM: 1>, False)]
397
None
[]
None
[]
[Red 8]
[(<FieldType.LARGE: 2>, False), (<FieldType.LARGE: 2>, False)]
Got next objective
[White 2, Sparkling 8]
[Red 8]
[(<FieldType.MEDIUM: 1>, True), (<FieldType.MEDIUM: 1>, True)]
Switched from next -> current
[White 2, Sparkling 8]
[(<FieldType.MEDIUM: 1>, True)]
None
[]
None
[]
[White 8]
[(<FieldType.LARGE: 2>, False), (<FieldType.LARGE: 2>, False), (<FieldType.MEDIUM: 1>, False), (<FieldType.LARGE: 2>, False)]
Got next objective
[Red 6, White 6]
[White 8]
[(<FieldType.MEDIUM: 1>, True), (<FieldType.MEDIUM: 1>, False), (<FieldType.MEDIUM: 1>, False), (<FieldType.LARGE: 2>, False)]
[White 8]
[(<FieldType.MEDIUM: 1>, False), (<FieldType.MEDIUM: 1>, False), (<FieldType.LARGE: 2>, False)]
[White 8]
[(<FieldType.MEDIUM: 1>, False), (<FieldType.LARGE: 2>, False)]
Switched from next -> current
[Red 6, White 6]
[(<FieldType.LARGE: 2>, False)]
398
None
[]
[Red 4, White 2]
[(<FieldType.LARGE: 2>, False)]
None
[]
[White 8]
[(<FieldType.MEDIUM: 1>, False), (<FieldType.MEDIUM: 1>, False), (<FieldType.MEDIUM: 1>, False), (<FieldType.MEDIUM: 1>, False)]
Got next objective
[Red 3, White 5]
[White 8]
[(<FieldType.MEDIUM: 1>, True), (<FieldType.MEDIUM: 1>, False), (<FieldType.LARGE: 2>, False), (<FieldType.LARGE: 2>, False)]
[White 8]
[(<FieldType.MEDIUM: 1>, False), (<FieldType.LARGE: 2>, False), (<FieldType.LARGE: 2>, False)]
[White 8]
[(<FieldType.LARGE: 2>, False), (<FieldType.LARGE: 2>, False)]
Switched from next -> current
[Red 3, White 5]
[(<FieldType.LARGE: 2>, False)]
None
[]
None
[]
None
[]
399
None
[]
[Red 3, White 1]
[(<FieldType.LARGE: 2>, False)]
None
[]
[White 3, Sparkling 8]
[(<FieldType.MEDIUM: 1>, True)]
None
[]
[White 4, Sparkling 7]
[(<FieldType.MEDIUM: 1>, True)]
None
[]
None
[]
400
None
[]
[White 4, White 3]
[(<FieldType.MEDIUM: 1>, True)]
None
[]
[Red 6, White 6]
[(<FieldType.LARGE: 2>, False), (<FieldType.LARGE: 2>, False)]
Got next objective
[Red 4, Red 3, Red 2]
[Red 6, White 6]
[(<FieldType.LARGE: 2>, True), (<FieldType.MEDIUM: 1>, False)]
Switched from next -> current
[Red 4, Red 3, Red 2]
[(<FieldType.MEDIUM: 1>, False)]
None
[]
None
[]
401
None
[]
[Red 3, White 3]
[(<FieldType.MEDIUM: 1>, False)]
None
[]
None
[]
[Blush 6, Blush 5]
[(<FieldType.MEDIUM: 1>, True)]
None
[]
[Red 6, White 6]
[(<FieldType.LARGE: 2>, False), (<FieldType.MEDIUM: 1>, False)]
Got next objective
[White 4, Sparkling 7]
[Red 6, White 6]
[(<FieldType.MEDIUM: 1>, True), (<FieldType.MEDIUM: 1>, True)]
Switched from next -> current
[White 4, Sparkling 7]
[(<FieldType.MEDIUM: 1>, True)]
402
None
[]
None
[]
[Red 3, White 3]
[(<FieldType.MEDIUM: 1>, False)]
None
[]
None
[]
None
[]
[Red 4, Blush 7]
[(<FieldType.LARGE: 2>, True)]
None
[]
[Red 8]
[(<FieldType.LARGE: 2>, False), (<FieldType.MEDIUM: 1>, False)]
Got next objective
[White 8]
[Red 8]
[(<FieldType.MEDIUM: 1>, True), (<FieldType.MEDIUM: 1>, False), (<FieldType.MEDIUM: 1>, False), (<FieldType.MEDIUM: 1>, False), (<FieldType.MEDIUM: 1>, False)]
Switched from next -> current
403
None
[]
[Red 4, Red 3]
[(<FieldType.LARGE: 2>, True)]
None
[]
[White 2, Sparkling 8]
[(<FieldType.MEDIUM: 1>, True)]
None
[]
[White 4, White 3]
[(<FieldType.MEDIUM: 1>, True)]
None
[]
[White 8]
[(<FieldType.MEDIUM: 1>, False), (<FieldType.MEDIUM: 1>, False), (<FieldType.LARGE: 2>, False), (<FieldType.LARGE: 2>, False)]
Got next objective
[White 5]
[White 8]
[(<FieldType.MEDIUM: 1>, True), (<FieldType.MEDIUM: 1>, False), (<FieldType.LARGE: 2>, False), (<FieldType.MEDIUM: 1>, False)]
[White 8]
[(<FieldType.MEDIUM: 1>, False), (<FieldType.LARGE: 2>, False), (<FieldType.MEDIUM: 1>, False)]
[White 8]
[(<FieldType.LARGE: 2>, False), (<FieldType.MEDIUM: 1>, False)]
Switched from next -> current
[White 5]
[(<FieldType.MEDIUM: 1>, False)]
None
[]
404
None
[]
[White 4, Blush 4]
[(<FieldType.MEDIUM: 1>, True)]
None
[]
[Red 4, Blush 7]
[(<FieldType.LARGE: 2>, False)]
None
[]
[White 3, Blush 7]
[(<FieldType.MEDIUM: 1>, True)]
None
[]
None
[]
[White 4, White 3, White 2]
[(<FieldType.MEDIUM: 1>, True), (<FieldType.MEDIUM: 1>, True)]
[White 4, White 3, White 2]
[(<FieldType.MEDIUM: 1>, True)]
405
None
[]
[Red 4, Blush 4]
[(<FieldType.LARGE: 2>, True)]
None
[]
[Blush 6, Blush 5]
[(<FieldType.MEDIUM: 1>, True)]
None
[]
[White 4, Sparkling 7]
[(<FieldType.MEDIUM: 1>, True)]
None
[]
[Red 3, White 5]
[(<FieldType.LARGE: 2>, False)]
406
None
[]
[Blush 6, Blush 5]
[(<FieldType.MEDIUM: 1>, True)]
None
[]
[Blush 8]
[(<FieldType.LARGE: 2>, False)]
None
[]
[White 4, White 3]
[(<FieldType.MEDIUM: 1>, True)]
None
[]
None
[]
[White 4, Sparkling 7]
[(<FieldType.MEDIUM: 1>, True)]
407
None
[]
[Red 5, White 3]
[(<FieldType.MEDIUM: 1>, True)]
None
[]
None
[]
[White 6]
[(<FieldType.MEDIUM: 1>, False), (<FieldType.MEDIUM: 1>, False)]
Got next objective
[Red 7, Red 6]
[White 6]
[(<FieldType.LARGE: 2>, True), (<FieldType.LARGE: 2>, False)]
Switched from next -> current
[Red 7, Red 6]
[(<FieldType.LARGE: 2>, False)]
None
[]
408
None
[]
None
[]
[White 4, Sparkling 7]
[(<FieldType.MEDIUM: 1>, True)]
None
[]
[White 3, Sparkling 8]
[(<FieldType.MEDIUM: 1>, True)]
None
[]
[White 3, Sparkling 7]
[(<FieldType.MEDIUM: 1>, True)]
409
None
[]
[White 5]
[(<FieldType.LARGE: 2>, False)]
None
[]
None
[]
[White 4, White 3]
[(<FieldType.MEDIUM: 1>, True)]
None
[]
[White 6]
[(<FieldType.LARGE: 2>, False), (<FieldType.LARGE: 2>, False)]
Got next objective
[White 8]
[White 6]
[(<FieldType.MEDIUM: 1>, True), (<FieldType.MEDIUM: 1>, False), (<FieldType.MEDIUM: 1>, False), (<FieldType.LARGE: 2>, False), (<FieldType.MEDIUM: 1>, False)]
Switched from next -> current
[White 8]
[(<FieldType.MEDIUM: 1>, False), (<FieldType.MEDIUM: 1>, False), (<FieldType.LARGE: 2>, False), (<FieldType.MEDIUM: 1>, False)]
Got next objective
[Red 4, White 2]
[White 8]
[(<FieldType.MEDIUM: 1>, True), (<FieldType.LARGE: 2>, False), (<FieldType.LARGE: 2>, False), (<FieldType.MEDIUM: 1>, False)]
[White 8]
[(<FieldType.LARGE: 2>, False), (<FieldType.LARGE: 2>, False), (<FieldType.MEDIUM: 1>, False)]
[White 8]
[(<FieldType.LARGE: 2>, False), (<FieldType.MEDIUM: 1>, False)]
Switched from next -> current
[Red 4, White 2]
[(<FieldType.MEDIUM: 1>, False)]
None
[]
410
None
[]
[White 2, Sparkling 8]
[(<FieldType.MEDIUM: 1>, True)]
None
[]
[Red 4, Blush 4]
[(<FieldType.LARGE: 2>, True)]
None
[]
[White 4, White 3, White 2]
[(<FieldType.MEDIUM: 1>, True), (<FieldType.MEDIUM: 1>, True)]
[White 4, White 3, White 2]
[(<FieldType.MEDIUM: 1>, True)]
None
[]
[White 8]
[(<FieldType.LARGE: 2>, False), (<FieldType.LARGE: 2>, False), (<FieldType.LARGE: 2>, False), (<FieldType.MEDIUM: 1>, False)]
Got next objective
[Red 5, White 3]
[White 8]
[(<FieldType.MEDIUM: 1>, True), (<FieldType.MEDIUM: 1>, False), (<FieldType.LARGE: 2>, False), (<FieldType.MEDIUM: 1>, False)]
[White 8]
[(<FieldType.MEDIUM: 1>, False), (<FieldType.LARGE: 2>, False), (<FieldType.MEDIUM: 1>, False)]
[White 8]
[(<FieldType.LARGE: 2>, False), (<FieldType.MEDIUM: 1>, False)]
Switched from next -> current
[Red 5, White 3]
[(<FieldType.MEDIUM: 1>, False)]
411
None
[]
[White 3, Sparkling 8]
[(<FieldType.MEDIUM: 1>, True)]
None
[]
[White 4, White 3, White 2]
[(<FieldType.MEDIUM: 1>, True), (<FieldType.MEDIUM: 1>, True)]
[White 4, White 3, White 2]
[(<FieldType.MEDIUM: 1>, True)]
None
[]
None
[]
None
[]
None
[]
412
None
[]
[White 5]
[(<FieldType.MEDIUM: 1>, False)]
None
[]
None
[]
[Red 8]
[(<FieldType.MEDIUM: 1>, False), (<FieldType.LARGE: 2>, False)]
Got next objective
[Red 2, White 2, Blush 5]
[Red 8]
[(<FieldType.MEDIUM: 1>, True), (<FieldType.MEDIUM: 1>, False)]
Switched from next -> current
[Red 2, White 2, Blush 5]
[(<FieldType.MEDIUM: 1>, False)]
None
[]
None
[]
413
None
[]
[Red 3, White 5]
[(<FieldType.MEDIUM: 1>, False)]
None
[]
None
[]
None
[]
None
[]
[Red 7, Red 6]
[(<FieldType.MEDIUM: 1>, False)]
None
[]
[White 6]
[(<FieldType.MEDIUM: 1>, False)]
414
None
[]
None
[]
[Red 3, White 5]
[(<FieldType.MEDIUM: 1>, False)]
None
[]
[White 4, White 3, White 2]
[(<FieldType.MEDIUM: 1>, True)]
None
[]
None
[]
None
[]
415
None
[]
[White 4, Blush 4]
[(<FieldType.MEDIUM: 1>, True)]
None
[]
[White 4, Sparkling 7]
[(<FieldType.MEDIUM: 1>, True)]
None
[]
[Red 3, White 5]
[(<FieldType.MEDIUM: 1>, False)]
None
[]
None
[]
416
None
[]
[White 2, Sparkling 8]
[(<FieldType.MEDIUM: 1>, True)]
None
[]
[Sparkling 9]
[(<FieldType.MEDIUM: 1>, True)]
None
[]
None
[]
None
[]
[White 4, Blush 4]
[(<FieldType.MEDIUM: 1>, True)]
417
None
[]
None
[]
None
[]
[Red 5, White 3]
[(<FieldType.LARGE: 2>, True)]
None
[]
None
[]
[Red 4, Blush 4]
[(<FieldType.MEDIUM: 1>, True)]
None
[]
[Blush 8]
[(<FieldType.LARGE: 2>, False)]
418
None
[]
[Red 7, Red 6]
[(<FieldType.LARGE: 2>, True)]
None
[]
None
[]
[White 4, Blush 4]
[(<FieldType.MEDIUM: 1>, True)]
None
[]
None
[]
[Red 4, Blush 7]
[(<FieldType.LARGE: 2>, True)]
419
None
[]
None
[]
[Red 8]
[(<FieldType.MEDIUM: 1>, False), (<FieldType.MEDIUM: 1>, False)]
Got next objective
[White 5]
[Red 8]
[(<FieldType.MEDIUM: 1>, True), (<FieldType.LARGE: 2>, False)]
Switched from next -> current
[White 5]
[(<FieldType.LARGE: 2>, False)]
None
[]
None
[]
None
[]
[Red 2, White 2, Blush 5]
[(<FieldType.MEDIUM: 1>, True)]
420
None
[]
None
[]
[Red 6, White 6]
[(<FieldType.LARGE: 2>, True), (<FieldType.LARGE: 2>, True)]
[Red 6, White 6]
[(<FieldType.LARGE: 2>, True)]
None
[]
[White 4, Sparkling 7]
[(<FieldType.MEDIUM: 1>, True)]
None
[]
None
[]
[White 4, Blush 4]
[(<FieldType.MEDIUM: 1>, True)]
421
None
[]
[White 7, White 6]
[(<FieldType.MEDIUM: 1>, True), (<FieldType.LARGE: 2>, True), (<FieldType.LARGE: 2>, True)]
[White 7, White 6]
[(<FieldType.LARGE: 2>, True), (<FieldType.LARGE: 2>, True)]
[White 7, White 6]
[(<FieldType.LARGE: 2>, True)]
None
[]
[White 2, Sparkling 8]
[(<FieldType.MEDIUM: 1>, True)]
None
[]
None
[]
None
[]
None
[]
[White 4, White 3, White 2]
[(<FieldType.MEDIUM: 1>, True), (<FieldType.MEDIUM: 1>, True)]
[White 4, White 3, White 2]
[(<FieldType.MEDIUM: 1>, True)]
422
None
[]
[Red 7, Red 6]
[(<FieldType.LARGE: 2>, True)]
None
[]
None
[]
[Red 2, White 2, Blush 5]
[(<FieldType.MEDIUM: 1>, True)]
None
[]
None
[]
None
[]
[Red 3, White 3]
[(<FieldType.LARGE: 2>, False)]
423
None
[]
[Red 3, White 3]
[(<FieldType.LARGE: 2>, False)]
None
[]
None
[]
None
[]
[White 8]
[(<FieldType.MEDIUM: 1>, False), (<FieldType.LARGE: 2>, False), (<FieldType.LARGE: 2>, False), (<FieldType.LARGE: 2>, False)]
Got next objective
[White 5]
[White 8]
[(<FieldType.MEDIUM: 1>, True), (<FieldType.MEDIUM: 1>, False), (<FieldType.LARGE: 2>, False), (<FieldType.MEDIUM: 1>, False)]
[White 8]
[(<FieldType.MEDIUM: 1>, False), (<FieldType.LARGE: 2>, False), (<FieldType.MEDIUM: 1>, False)]
[White 8]
[(<FieldType.LARGE: 2>, False), (<FieldType.MEDIUM: 1>, False)]
Switched from next -> current
[White 5]
[(<FieldType.MEDIUM: 1>, False)]
None
[]
424
None
[]
[White 4, Blush 4]
[(<FieldType.MEDIUM: 1>, True)]
None
[]
[Red 6, White 6]
[(<FieldType.LARGE: 2>, False), (<FieldType.MEDIUM: 1>, False)]
Got next objective
[Red 7, Red 6]
[Red 6, White 6]
[(<FieldType.LARGE: 2>, True), (<FieldType.LARGE: 2>, False)]
Switched from next -> current
[Red 7, Red 6]
[(<FieldType.LARGE: 2>, False)]
None
[]
[Red 2, White 2, Blush 5]
[(<FieldType.MEDIUM: 1>, True)]
None
[]
[Blush 6, Blush 5]
[(<FieldType.MEDIUM: 1>, True)]
425
None
[]
[Red 8]
[(<FieldType.MEDIUM: 1>, False), (<FieldType.MEDIUM: 1>, False)]
Got next objective
[White 5]
[Red 8]
[(<FieldType.MEDIUM: 1>, True), (<FieldType.LARGE: 2>, False)]
Switched from next -> current
[White 5]
[(<FieldType.LARGE: 2>, False)]
None
[]
None
[]
None
[]
None
[]
None
[]
426
None
[]
[Red 2, White 2, Blush 5]
[(<FieldType.MEDIUM: 1>, True)]
None
[]
[White 5]
[(<FieldType.LARGE: 2>, False)]
None
[]
None
[]
None
[]
None
[]
[Sparkling 7]
[(<FieldType.LARGE: 2>, True)]
427
None
[]
[White 3, Sparkling 8]
[(<FieldType.MEDIUM: 1>, True)]
None
[]
[Sparkling 9]
[(<FieldType.MEDIUM: 1>, True)]
None
[]
[Blush 6, Blush 5]
[(<FieldType.MEDIUM: 1>, True)]
None
[]
[White 4, Blush 4]
[(<FieldType.MEDIUM: 1>, True)]
428
None
[]
[Red 3, White 1]
[(<FieldType.LARGE: 2>, False)]
None
[]
[Blush 6, Blush 5]
[(<FieldType.MEDIUM: 1>, True)]
None
[]
[White 4, White 3, White 2]
[(<FieldType.MEDIUM: 1>, True), (<FieldType.MEDIUM: 1>, True)]
[White 4, White 3, White 2]
[(<FieldType.MEDIUM: 1>, True)]
None
[]
[Red 3, White 5]
[(<FieldType.LARGE: 2>, False)]
None
[]
[White 4, White 3]
[(<FieldType.MEDIUM: 1>, True)]
None
[]
429
None
[]
[White 4, White 3, White 2]
[(<FieldType.MEDIUM: 1>, True), (<FieldType.MEDIUM: 1>, True)]
[White 4, White 3, White 2]
[(<FieldType.MEDIUM: 1>, True)]
None
[]
[White 3, Sparkling 7]
[(<FieldType.MEDIUM: 1>, True)]
None
[]
[White 4, Sparkling 7]
[(<FieldType.MEDIUM: 1>, True)]
None
[]
None
[]
430
None
[]
[Red 4, Blush 7]
[(<FieldType.LARGE: 2>, True)]
None
[]
[Red 2, White 2, Blush 5]
[(<FieldType.MEDIUM: 1>, True)]
None
[]
None
[]
[Sparkling 7]
[(<FieldType.LARGE: 2>, True)]
None
[]
[White 4, Sparkling 7]
[(<FieldType.MEDIUM: 1>, True)]
431
None
[]
[Red 4, Blush 7]
[(<FieldType.LARGE: 2>, True)]
None
[]
[Blush 6, Blush 5]
[(<FieldType.MEDIUM: 1>, True)]
None
[]
[Red 7, Red 6]
[(<FieldType.LARGE: 2>, True)]
None
[]
[Sparkling 9]
[(<FieldType.MEDIUM: 1>, True)]
432
None
[]
[White 7, White 6]
[(<FieldType.MEDIUM: 1>, True), (<FieldType.LARGE: 2>, True), (<FieldType.LARGE: 2>, True)]
[White 7, White 6]
[(<FieldType.LARGE: 2>, True), (<FieldType.LARGE: 2>, True)]
[White 7, White 6]
[(<FieldType.LARGE: 2>, True)]
None
[]
None
[]
None
[]
None
[]
None
[]
433
None
[]
[Red 8]
[(<FieldType.LARGE: 2>, False), (<FieldType.LARGE: 2>, False)]
Got next objective
[Red 3, White 5]
[Red 8]
[(<FieldType.MEDIUM: 1>, True), (<FieldType.LARGE: 2>, False)]
Switched from next -> current
[Red 3, White 5]
[(<FieldType.LARGE: 2>, False)]
None
[]
[White 5]
[(<FieldType.LARGE: 2>, False)]
None
[]
None
[]
[White 3, Blush 7]
[(<FieldType.MEDIUM: 1>, True)]
None
[]
[White 3, Sparkling 7]
[(<FieldType.MEDIUM: 1>, True)]
434
None
[]
[Red 4, Red 3, Red 2]
[(<FieldType.LARGE: 2>, True), (<FieldType.MEDIUM: 1>, True)]
[Red 4, Red 3, Red 2]
[(<FieldType.MEDIUM: 1>, True)]
None
[]
[Sparkling 7]
[(<FieldType.LARGE: 2>, True)]
None
[]
None
[]
[Blush 6, Blush 5]
[(<FieldType.MEDIUM: 1>, True)]
None
[]
[Blush 8]
[(<FieldType.LARGE: 2>, False)]
435
None
[]
None
[]
None
[]
[White 3, Sparkling 8]
[(<FieldType.MEDIUM: 1>, True)]
None
[]
[White 2, Sparkling 8]
[(<FieldType.MEDIUM: 1>, True)]
None
[]
[Red 4, White 2]
[(<FieldType.LARGE: 2>, False)]
None
[]
[Red 3, White 5]
[(<FieldType.MEDIUM: 1>, False)]
436
None
[]
[White 6]
[(<FieldType.LARGE: 2>, False), (<FieldType.LARGE: 2>, False)]
Got next objective
[White 4, Blush 4]
[White 6]
[(<FieldType.MEDIUM: 1>, True), (<FieldType.MEDIUM: 1>, True)]
Switched from next -> current
[White 4, Blush 4]
[(<FieldType.MEDIUM: 1>, True)]
None
[]
None
[]
None
[]
[White 8]
[(<FieldType.MEDIUM: 1>, False), (<FieldType.MEDIUM: 1>, False), (<FieldType.MEDIUM: 1>, False), (<FieldType.MEDIUM: 1>, False)]
Got next objective
[Sparkling 7]
[White 8]
[(<FieldType.LARGE: 2>, True), (<FieldType.LARGE: 2>, False), (<FieldType.LARGE: 2>, False), (<FieldType.MEDIUM: 1>, False)]
[White 8]
[(<FieldType.LARGE: 2>, False), (<FieldType.LARGE: 2>, False), (<FieldType.MEDIUM: 1>, False)]
[White 8]
[(<FieldType.LARGE: 2>, False), (<FieldType.MEDIUM: 1>, False)]
Switched from next -> current
[Sparkling 7]
[(<FieldType.MEDIUM: 1>, False)]
437
None
[]
[Red 8]
[(<FieldType.LARGE: 2>, False), (<FieldType.LARGE: 2>, False)]
Got next objective
[Sparkling 9]
[Red 8]
[(<FieldType.MEDIUM: 1>, True), (<FieldType.LARGE: 2>, False)]
Switched from next -> current
[Sparkling 9]
[(<FieldType.LARGE: 2>, False)]
None
[]
None
[]
[Red 4, Blush 4]
[(<FieldType.LARGE: 2>, False)]
None
[]
438
None
[]
[Red 5, White 3]
[(<FieldType.LARGE: 2>, True)]
None
[]
[White 5]
[(<FieldType.MEDIUM: 1>, False)]
None
[]
None
[]
None
[]
None
[]
[White 4, White 3, White 2]
[(<FieldType.MEDIUM: 1>, True)]
439
None
[]
None
[]
[Red 4, Red 3, Red 2]
[(<FieldType.LARGE: 2>, True), (<FieldType.MEDIUM: 1>, True)]
[Red 4, Red 3, Red 2]
[(<FieldType.MEDIUM: 1>, True)]
None
[]
[White 8]
[(<FieldType.MEDIUM: 1>, False), (<FieldType.LARGE: 2>, False), (<FieldType.MEDIUM: 1>, False)]
Got next objective
[White 4, Sparkling 7]
[White 8]
[(<FieldType.LARGE: 2>, True), (<FieldType.LARGE: 2>, False), (<FieldType.MEDIUM: 1>, False)]
[White 8]
[(<FieldType.LARGE: 2>, False), (<FieldType.MEDIUM: 1>, False)]
Switched from next -> current
[White 4, Sparkling 7]
[(<FieldType.MEDIUM: 1>, False)]
None
[]
None
[]
440
None
[]
[Red 3, White 1]
[(<FieldType.LARGE: 2>, False)]
None
[]
[White 4, White 3]
[(<FieldType.MEDIUM: 1>, True)]
None
[]
None
[]
None
[]
[White 5]
[(<FieldType.MEDIUM: 1>, False)]
None
[]
441
None
[]
[Red 7, Red 6]
[(<FieldType.LARGE: 2>, True)]
None
[]
None
[]
[Blush 6, Blush 5]
[(<FieldType.MEDIUM: 1>, True)]
None
[]
[White 5]
[(<FieldType.MEDIUM: 1>, False)]
None
[]
442
None
[]
[Red 2, White 2, Blush 5]
[(<FieldType.MEDIUM: 1>, True)]
None
[]
[Red 4, Blush 7]
[(<FieldType.LARGE: 2>, True)]
None
[]
None
[]
[Red 7, Red 6]
[(<FieldType.LARGE: 2>, True)]
None
[]
443
None
[]
[Red 4, Red 3]
[(<FieldType.LARGE: 2>, True)]
None
[]
None
[]
[Red 4, Red 3, Red 2]
[(<FieldType.MEDIUM: 1>, True), (<FieldType.LARGE: 2>, True)]
[Red 4, Red 3, Red 2]
[(<FieldType.LARGE: 2>, True)]
None
[]
None
[]
None
[]
[Red 3, White 5]
[(<FieldType.LARGE: 2>, False)]
444
None
[]
None
[]
[Red 4, Blush 7]
[(<FieldType.LARGE: 2>, True)]
None
[]
[Sparkling 7]
[(<FieldType.MEDIUM: 1>, True)]
None
[]
[Sparkling 9]
[(<FieldType.MEDIUM: 1>, True)]
None
[]
[Red 4, Red 3]
[(<FieldType.LARGE: 2>, True)]
None
[]
[White 7, White 6]
[(<FieldType.LARGE: 2>, False), (<FieldType.LARGE: 2>, False)]
Got next objective
[White 6]
[White 7, White 6]
[(<FieldType.MEDIUM: 1>, True), (<FieldType.LARGE: 2>, False), (<FieldType.LARGE: 2>, False)]
Switched from next -> current
445
None
[]
None
[]
[White 4, White 3]
[(<FieldType.MEDIUM: 1>, True)]
None
[]
[White 3, Blush 7]
[(<FieldType.MEDIUM: 1>, True)]
None
[]
None
[]
446
None
[]
[White 4, Sparkling 7]
[(<FieldType.MEDIUM: 1>, True)]
None
[]
[Red 7, Red 6]
[(<FieldType.LARGE: 2>, True)]
None
[]
[White 5]
[(<FieldType.LARGE: 2>, False)]
None
[]
None
[]
[White 6]
[(<FieldType.MEDIUM: 1>, False), (<FieldType.MEDIUM: 1>, False)]
Got next objective
[White 3, Sparkling 8]
[White 6]
[(<FieldType.MEDIUM: 1>, True), (<FieldType.MEDIUM: 1>, False)]
Switched from next -> current
447
None
[]
[White 6]
[(<FieldType.MEDIUM: 1>, False), (<FieldType.MEDIUM: 1>, False)]
Got next objective
[White 4, Blush 4]
[White 6]
[(<FieldType.MEDIUM: 1>, True), (<FieldType.LARGE: 2>, False)]
Switched from next -> current
[White 4, Blush 4]
[(<FieldType.LARGE: 2>, False)]
None
[]
[Red 2, White 2, Blush 5]
[(<FieldType.MEDIUM: 1>, True)]
None
[]
[White 5]
[(<FieldType.MEDIUM: 1>, False)]
None
[]
None
[]
None
[]
448
None
[]
None
[]
None
[]
[White 3, Sparkling 7]
[(<FieldType.MEDIUM: 1>, True)]
None
[]
[White 4, Blush 4]
[(<FieldType.MEDIUM: 1>, True)]
None
[]
[White 7, White 6]
[(<FieldType.MEDIUM: 1>, True), (<FieldType.MEDIUM: 1>, True), (<FieldType.MEDIUM: 1>, True)]
[White 7, White 6]
[(<FieldType.MEDIUM: 1>, True), (<FieldType.MEDIUM: 1>, True)]
[White 7, White 6]
[(<FieldType.MEDIUM: 1>, True)]
449
None
[]
None
[]
[White 5]
[(<FieldType.LARGE: 2>, False)]
None
[]
[Blush 6, Blush 5]
[(<FieldType.MEDIUM: 1>, True)]
None
[]
[White 4, Blush 4]
[(<FieldType.MEDIUM: 1>, True)]
None
[]
[White 3, Sparkling 7]
[(<FieldType.MEDIUM: 1>, True)]
450
None
[]
None
[]
[Red 3, White 3]
[(<FieldType.LARGE: 2>, False)]
None
[]
[White 6]
[(<FieldType.LARGE: 2>, False), (<FieldType.MEDIUM: 1>, False)]
Got next objective
[White 5]
[White 6]
[(<FieldType.MEDIUM: 1>, True), (<FieldType.MEDIUM: 1>, False)]
Switched from next -> current
[White 5]
[(<FieldType.MEDIUM: 1>, False)]
None
[]
None
[]
None
[]
[White 2, Sparkling 8]
[(<FieldType.MEDIUM: 1>, True)]
451
None
[]
None
[]
[Red 8]
[(<FieldType.MEDIUM: 1>, False), (<FieldType.MEDIUM: 1>, False)]
Got next objective
[Red 3, White 3]
[Red 8]
[(<FieldType.LARGE: 2>, True), (<FieldType.LARGE: 2>, False)]
Switched from next -> current
[Red 3, White 3]
[(<FieldType.LARGE: 2>, False)]
None
[]
[Red 2, White 2, Blush 5]
[(<FieldType.MEDIUM: 1>, True)]
None
[]
None
[]
None
[]
452
None
[]
None
[]
[Sparkling 7]
[(<FieldType.LARGE: 2>, True)]
None
[]
[Red 7, Red 6]
[(<FieldType.LARGE: 2>, True)]
None
[]
[Red 8]
[(<FieldType.LARGE: 2>, False), (<FieldType.MEDIUM: 1>, False)]
Got next objective
[White 3, Sparkling 7]
[Red 8]
[(<FieldType.MEDIUM: 1>, True), (<FieldType.MEDIUM: 1>, True)]
Switched from next -> current
[White 3, Sparkling 7]
[(<FieldType.MEDIUM: 1>, True)]
453
None
[]
[White 6]
[(<FieldType.LARGE: 2>, False), (<FieldType.MEDIUM: 1>, False)]
Got next objective
[Red 3, White 1]
[White 6]
[(<FieldType.MEDIUM: 1>, True), (<FieldType.LARGE: 2>, False)]
Switched from next -> current
[Red 3, White 1]
[(<FieldType.LARGE: 2>, False)]
None
[]
None
[]
[White 4, White 3]
[(<FieldType.MEDIUM: 1>, True)]
None
[]
[White 3, Sparkling 8]
[(<FieldType.MEDIUM: 1>, True)]
None
[]
454
None
[]
None
[]
[White 2, Sparkling 8]
[(<FieldType.MEDIUM: 1>, True)]
None
[]
[White 3, Blush 7]
[(<FieldType.MEDIUM: 1>, True)]
None
[]
[Red 2, White 2, Blush 5]
[(<FieldType.MEDIUM: 1>, True)]
None
[]
455
None
[]
[White 3, Sparkling 8]
[(<FieldType.MEDIUM: 1>, True)]
None
[]
[Blush 8]
[(<FieldType.MEDIUM: 1>, False)]
None
[]
None
[]
[White 2, Sparkling 8]
[(<FieldType.MEDIUM: 1>, True)]
456
None
[]
[Red 4, Red 3, Red 2]
[(<FieldType.LARGE: 2>, True), (<FieldType.LARGE: 2>, True)]
[Red 4, Red 3, Red 2]
[(<FieldType.LARGE: 2>, True)]
None
[]
None
[]
None
[]
[White 6]
[(<FieldType.MEDIUM: 1>, False), (<FieldType.MEDIUM: 1>, False)]
Got next objective
[Red 3, White 5]
[White 6]
[(<FieldType.MEDIUM: 1>, True), (<FieldType.MEDIUM: 1>, False)]
Switched from next -> current
[Red 3, White 5]
[(<FieldType.MEDIUM: 1>, False)]
None
[]
457
None
[]
[Red 4, Red 3, Red 2]
[(<FieldType.LARGE: 2>, True), (<FieldType.MEDIUM: 1>, True)]
[Red 4, Red 3, Red 2]
[(<FieldType.MEDIUM: 1>, True)]
None
[]
None
[]
[White 2, Sparkling 8]
[(<FieldType.MEDIUM: 1>, True)]
None
[]
[White 3, Sparkling 8]
[(<FieldType.MEDIUM: 1>, True)]
458
None
[]
[Sparkling 9]
[(<FieldType.MEDIUM: 1>, True)]
None
[]
[Red 4, Red 3]
[(<FieldType.LARGE: 2>, True)]
None
[]
[White 4, White 3, White 2]
[(<FieldType.MEDIUM: 1>, True)]
None
[]
[White 3, Sparkling 7]
[(<FieldType.MEDIUM: 1>, True)]
None
[]
459
None
[]
[White 8]
[(<FieldType.LARGE: 2>, False), (<FieldType.LARGE: 2>, False), (<FieldType.MEDIUM: 1>, False), (<FieldType.LARGE: 2>, False)]
Got next objective
[Red 5]
[White 8]
[(<FieldType.MEDIUM: 1>, True), (<FieldType.LARGE: 2>, False), (<FieldType.LARGE: 2>, False), (<FieldType.MEDIUM: 1>, False)]
[White 8]
[(<FieldType.LARGE: 2>, False), (<FieldType.LARGE: 2>, False), (<FieldType.MEDIUM: 1>, False)]
[White 8]
[(<FieldType.LARGE: 2>, False), (<FieldType.MEDIUM: 1>, False)]
Switched from next -> current
[Red 5]
[(<FieldType.MEDIUM: 1>, False)]
None
[]
None
[]
None
[]
None
[]
460
None
[]
[White 4, Sparkling 7]
[(<FieldType.MEDIUM: 1>, True)]
None
[]
[Red 4, Blush 4]
[(<FieldType.LARGE: 2>, True)]
None
[]
[White 2, Sparkling 8]
[(<FieldType.MEDIUM: 1>, True)]
None
[]
None
[]
[White 3, Sparkling 8]
[(<FieldType.MEDIUM: 1>, True)]
461
None
[]
None
[]
[Red 4, Red 3]
[(<FieldType.LARGE: 2>, True)]
None
[]
[Red 4, Red 3, Red 2]
[(<FieldType.LARGE: 2>, True), (<FieldType.LARGE: 2>, True)]
[Red 4, Red 3, Red 2]
[(<FieldType.LARGE: 2>, True)]
None
[]
None
[]
[Red 3, White 5]
[(<FieldType.MEDIUM: 1>, False)]
None
[]
462
None
[]
[Sparkling 7]
[(<FieldType.MEDIUM: 1>, True)]
None
[]
[Red 4, Red 3]
[(<FieldType.LARGE: 2>, True)]
None
[]
[White 6]
[(<FieldType.LARGE: 2>, False), (<FieldType.MEDIUM: 1>, False)]
Got next objective
[White 3, Sparkling 7]
[White 6]
[(<FieldType.MEDIUM: 1>, True), (<FieldType.MEDIUM: 1>, True)]
Switched from next -> current
[White 3, Sparkling 7]
[(<FieldType.MEDIUM: 1>, True)]
None
[]
None
[]
463
None
[]
[White 3, Sparkling 7]
[(<FieldType.MEDIUM: 1>, True)]
None
[]
[Sparkling 9]
[(<FieldType.MEDIUM: 1>, True)]
None
[]
[Red 5, White 3]
[(<FieldType.MEDIUM: 1>, True)]
None
[]
[White 4, Blush 4]
[(<FieldType.MEDIUM: 1>, True)]
None
[]
464
None
[]
[Red 8]
[(<FieldType.LARGE: 2>, False), (<FieldType.LARGE: 2>, False)]
Got next objective
[Red 6, White 6]
[Red 8]
[(<FieldType.MEDIUM: 1>, True), (<FieldType.MEDIUM: 1>, False), (<FieldType.LARGE: 2>, False)]
Switched from next -> current
[Red 6, White 6]
[(<FieldType.MEDIUM: 1>, False), (<FieldType.LARGE: 2>, False)]
Got next objective
[White 3, Sparkling 8]
[Red 6, White 6]
[(<FieldType.MEDIUM: 1>, True), (<FieldType.MEDIUM: 1>, False)]
Switched from next -> current
[White 3, Sparkling 8]
[(<FieldType.MEDIUM: 1>, False)]
None
[]
465
None
[]
[Red 8]
[(<FieldType.MEDIUM: 1>, False), (<FieldType.MEDIUM: 1>, False)]
Got next objective
[Red 3, White 5]
[Red 8]
[(<FieldType.MEDIUM: 1>, True), (<FieldType.LARGE: 2>, False)]
Switched from next -> current
[Red 3, White 5]
[(<FieldType.LARGE: 2>, False)]
None
[]
None
[]
[White 3, Sparkling 7]
[(<FieldType.MEDIUM: 1>, True)]
None
[]
[White 4, Blush 4]
[(<FieldType.MEDIUM: 1>, True)]
466
None
[]
[White 4, White 3, White 2]
[(<FieldType.MEDIUM: 1>, True), (<FieldType.MEDIUM: 1>, True)]
[White 4, White 3, White 2]
[(<FieldType.MEDIUM: 1>, True)]
None
[]
None
[]
None
[]
[Blush 6, Blush 5]
[(<FieldType.MEDIUM: 1>, True)]
None
[]
467
None
[]
[Red 7, Red 6]
[(<FieldType.LARGE: 2>, True)]
None
[]
[Sparkling 7]
[(<FieldType.LARGE: 2>, True)]
None
[]
[White 4, Blush 4]
[(<FieldType.MEDIUM: 1>, True)]
None
[]
[White 3, Sparkling 7]
[(<FieldType.MEDIUM: 1>, True)]
None
[]
468
None
[]
[Red 8]
[(<FieldType.MEDIUM: 1>, False), (<FieldType.MEDIUM: 1>, False)]
Got next objective
[White 8]
[Red 8]
[(<FieldType.LARGE: 2>, True), (<FieldType.MEDIUM: 1>, False), (<FieldType.MEDIUM: 1>, False), (<FieldType.LARGE: 2>, False), (<FieldType.MEDIUM: 1>, False)]
Switched from next -> current
[White 8]
[(<FieldType.MEDIUM: 1>, False), (<FieldType.MEDIUM: 1>, False), (<FieldType.LARGE: 2>, False), (<FieldType.MEDIUM: 1>, False)]
Got next objective
[Red 6, White 6]
[White 8]
[(<FieldType.LARGE: 2>, True), (<FieldType.MEDIUM: 1>, False), (<FieldType.LARGE: 2>, False), (<FieldType.LARGE: 2>, False)]
[White 8]
[(<FieldType.MEDIUM: 1>, False), (<FieldType.LARGE: 2>, False), (<FieldType.LARGE: 2>, False)]
Switched from next -> current
[Red 6, White 6]
[(<FieldType.LARGE: 2>, False), (<FieldType.LARGE: 2>, False)]
None
[(<FieldType.LARGE: 2>, False)]
None
[]
[White 7, White 6]
[(<FieldType.MEDIUM: 1>, True), (<FieldType.LARGE: 2>, True), (<FieldType.LARGE: 2>, True)]
[White 7, White 6]
[(<FieldType.LARGE: 2>, True), (<FieldType.LARGE: 2>, True)]
[White 7, White 6]
[(<FieldType.LARGE: 2>, True)]
469
None
[]
[Red 4, Blush 4]
[(<FieldType.MEDIUM: 1>, True)]
None
[]
[Sparkling 9]
[(<FieldType.MEDIUM: 1>, True)]
None
[]
[White 7, White 6]
[(<FieldType.MEDIUM: 1>, True), (<FieldType.LARGE: 2>, True), (<FieldType.MEDIUM: 1>, True)]
[White 7, White 6]
[(<FieldType.LARGE: 2>, True), (<FieldType.MEDIUM: 1>, True)]
[White 7, White 6]
[(<FieldType.MEDIUM: 1>, True)]
None
[]
None
[]
[White 3, Sparkling 7]
[(<FieldType.MEDIUM: 1>, True)]
470
None
[]
None
[]
[White 3, Blush 7]
[(<FieldType.MEDIUM: 1>, True)]
None
[]
[White 4, Blush 4]
[(<FieldType.MEDIUM: 1>, True)]
None
[]
[White 8]
[(<FieldType.LARGE: 2>, False), (<FieldType.MEDIUM: 1>, False), (<FieldType.LARGE: 2>, False), (<FieldType.LARGE: 2>, False)]
Got next objective
[Red 4, Blush 7]
[White 8]
[(<FieldType.MEDIUM: 1>, True), (<FieldType.LARGE: 2>, False), (<FieldType.MEDIUM: 1>, False), (<FieldType.MEDIUM: 1>, False)]
[White 8]
[(<FieldType.LARGE: 2>, False), (<FieldType.MEDIUM: 1>, False), (<FieldType.MEDIUM: 1>, False)]
[White 8]
[(<FieldType.MEDIUM: 1>, False), (<FieldType.MEDIUM: 1>, False)]
Switched from next -> current
[Red 4, Blush 7]
[(<FieldType.MEDIUM: 1>, False)]
471
None
[]
[Sparkling 7]
[(<FieldType.LARGE: 2>, True)]
None
[]
None
[]
[Red 5, White 3]
[(<FieldType.MEDIUM: 1>, True)]
None
[]
[Blush 6, Blush 5]
[(<FieldType.MEDIUM: 1>, True)]
None
[]
[White 3, Sparkling 7]
[(<FieldType.MEDIUM: 1>, True)]
472
None
[]
None
[]
[Red 5, White 3]
[(<FieldType.MEDIUM: 1>, True)]
None
[]
[Red 4, Red 3, Red 2]
[(<FieldType.LARGE: 2>, True)]
None
[]
[Sparkling 9]
[(<FieldType.LARGE: 2>, True)]
None
[]
None
[]
[White 3, Sparkling 8]
[(<FieldType.MEDIUM: 1>, True)]
473
None
[]
[Red 4, Blush 4]
[(<FieldType.LARGE: 2>, True)]
None
[]
[White 4, Sparkling 7]
[(<FieldType.MEDIUM: 1>, True)]
None
[]
[White 5]
[(<FieldType.MEDIUM: 1>, False)]
None
[]
None
[]
None
[]
474
None
[]
None
[]
[White 8]
[(<FieldType.LARGE: 2>, False), (<FieldType.MEDIUM: 1>, False), (<FieldType.LARGE: 2>, False), (<FieldType.MEDIUM: 1>, False)]
Got next objective
[Blush 6, Blush 5]
[White 8]
[(<FieldType.MEDIUM: 1>, True), (<FieldType.MEDIUM: 1>, True), (<FieldType.MEDIUM: 1>, False), (<FieldType.MEDIUM: 1>, False)]
[White 8]
[(<FieldType.MEDIUM: 1>, True), (<FieldType.MEDIUM: 1>, False), (<FieldType.MEDIUM: 1>, False)]
[White 8]
[(<FieldType.MEDIUM: 1>, False), (<FieldType.MEDIUM: 1>, False)]
Switched from next -> current
[Blush 6, Blush 5]
[(<FieldType.MEDIUM: 1>, False)]
None
[]
None
[]
None
[]
475
None
[]
[White 4, Blush 4]
[(<FieldType.MEDIUM: 1>, True)]
None
[]
[Red 4, Blush 7]
[(<FieldType.MEDIUM: 1>, False)]
None
[]
None
[]
None
[]
[Red 5, White 3]
[(<FieldType.MEDIUM: 1>, True)]
476
None
[]
[White 3, Sparkling 7]
[(<FieldType.MEDIUM: 1>, True)]
None
[]
[Red 3, White 5]
[(<FieldType.MEDIUM: 1>, False)]
None
[]
None
[]
[Red 5, White 3]
[(<FieldType.LARGE: 2>, False)]
None
[]
477
None
[]
None
[]
None
[]
[Sparkling 7]
[(<FieldType.MEDIUM: 1>, True)]
None
[]
[White 3, Sparkling 8]
[(<FieldType.MEDIUM: 1>, True)]
None
[]
None
[]
478
None
[]
[Red 4, Blush 4]
[(<FieldType.MEDIUM: 1>, True)]
None
[]
[White 6]
[(<FieldType.MEDIUM: 1>, False), (<FieldType.LARGE: 2>, False)]
Got next objective
[Red 4, White 2]
[White 6]
[(<FieldType.LARGE: 2>, True), (<FieldType.MEDIUM: 1>, False)]
Switched from next -> current
[Red 4, White 2]
[(<FieldType.MEDIUM: 1>, False)]
None
[]
None
[]
None
[]
[White 4, Sparkling 7]
[(<FieldType.MEDIUM: 1>, True)]
479
None
[]
None
[]
None
[]
[Red 3, White 3]
[(<FieldType.MEDIUM: 1>, False)]
None
[]
[Red 4, Red 3, Red 2]
[(<FieldType.LARGE: 2>, True)]
None
[]
None
[]
None
[]
[White 2, Sparkling 8]
[(<FieldType.MEDIUM: 1>, True)]
480
None
[]
[Sparkling 7]
[(<FieldType.LARGE: 2>, True)]
None
[]
[Red 4, Red 3]
[(<FieldType.LARGE: 2>, True)]
None
[]
[Red 7, Red 6]
[(<FieldType.LARGE: 2>, True)]
None
[]
None
[]
[White 4, Blush 4]
[(<FieldType.MEDIUM: 1>, True)]
481
None
[]
[White 4, White 3, White 2]
[(<FieldType.MEDIUM: 1>, True), (<FieldType.MEDIUM: 1>, True)]
[White 4, White 3, White 2]
[(<FieldType.MEDIUM: 1>, True)]
None
[]
[Red 3, White 5]
[(<FieldType.MEDIUM: 1>, False)]
None
[]
[Red 8]
[(<FieldType.MEDIUM: 1>, False)]
None
[]
None
[]
None
[]
482
None
[]
[Red 4, Red 3, Red 2]
[(<FieldType.LARGE: 2>, True), (<FieldType.LARGE: 2>, True)]
[Red 4, Red 3, Red 2]
[(<FieldType.LARGE: 2>, True)]
None
[]
[Blush 8]
[(<FieldType.LARGE: 2>, False)]
None
[]
None
[]
[Red 4, White 2]
[(<FieldType.MEDIUM: 1>, False)]
None
[]
None
[]
483
None
[]
None
[]
[White 3, Sparkling 7]
[(<FieldType.MEDIUM: 1>, True)]
None
[]
[White 7, White 6]
[(<FieldType.MEDIUM: 1>, True), (<FieldType.MEDIUM: 1>, True), (<FieldType.MEDIUM: 1>, True)]
[White 7, White 6]
[(<FieldType.MEDIUM: 1>, True), (<FieldType.MEDIUM: 1>, True)]
[White 7, White 6]
[(<FieldType.MEDIUM: 1>, True)]
None
[]
None
[]
484
None
[]
[Red 3, White 1]
[(<FieldType.MEDIUM: 1>, False)]
None
[]
None
[]
[Red 3, White 5]
[(<FieldType.MEDIUM: 1>, False)]
None
[]
None
[]
None
[]
None
[]
[White 6]
[(<FieldType.MEDIUM: 1>, False), (<FieldType.LARGE: 2>, False)]
Got next objective
[Sparkling 9]
[White 6]
[(<FieldType.LARGE: 2>, True), (<FieldType.MEDIUM: 1>, False)]
Switched from next -> current
485
None
[]
[Red 8]
[(<FieldType.MEDIUM: 1>, False), (<FieldType.LARGE: 2>, False)]
Got next objective
[Red 6]
[Red 8]
[(<FieldType.LARGE: 2>, True), (<FieldType.LARGE: 2>, False)]
Switched from next -> current
[Red 6]
[(<FieldType.LARGE: 2>, False)]
None
[]
None
[]
None
[]
None
[]
[Red 3, White 5]
[(<FieldType.MEDIUM: 1>, False)]
486
None
[]
None
[]
[White 3, Sparkling 8]
[(<FieldType.MEDIUM: 1>, True)]
None
[]
[White 6]
[(<FieldType.MEDIUM: 1>, False), (<FieldType.LARGE: 2>, False)]
Got next objective
[Red 4, Red 3]
[White 6]
[(<FieldType.LARGE: 2>, True), (<FieldType.MEDIUM: 1>, False)]
Switched from next -> current
[Red 4, Red 3]
[(<FieldType.MEDIUM: 1>, False)]
None
[]
None
[]
487
None
[]
None
[]
[Red 6, White 6]
[(<FieldType.MEDIUM: 1>, True), (<FieldType.LARGE: 2>, True)]
[Red 6, White 6]
[(<FieldType.LARGE: 2>, True)]
None
[]
[White 4, White 3, White 2]
[(<FieldType.MEDIUM: 1>, True)]
None
[]
None
[]
None
[]
None
[]
488
None
[]
[Red 3, White 3]
[(<FieldType.MEDIUM: 1>, False)]
None
[]
None
[]
None
[]
None
[]
[White 6]
[(<FieldType.LARGE: 2>, False), (<FieldType.MEDIUM: 1>, False)]
Got next objective
[Red 2, White 4]
[White 6]
[(<FieldType.MEDIUM: 1>, True), (<FieldType.LARGE: 2>, False)]
Switched from next -> current
[Red 2, White 4]
[(<FieldType.LARGE: 2>, False)]
None
[]
[White 4, White 3, White 2]
[(<FieldType.MEDIUM: 1>, True), (<FieldType.MEDIUM: 1>, True)]
[White 4, White 3, White 2]
[(<FieldType.MEDIUM: 1>, True)]
489
None
[]
[White 5]
[(<FieldType.MEDIUM: 1>, False)]
None
[]
[White 8]
[(<FieldType.LARGE: 2>, False), (<FieldType.LARGE: 2>, False), (<FieldType.LARGE: 2>, False)]
Got next objective
[Red 2, White 4]
[White 8]
[(<FieldType.MEDIUM: 1>, True), (<FieldType.LARGE: 2>, False), (<FieldType.MEDIUM: 1>, False)]
[White 8]
[(<FieldType.LARGE: 2>, False), (<FieldType.MEDIUM: 1>, False)]
Switched from next -> current
[Red 2, White 4]
[(<FieldType.MEDIUM: 1>, False)]
None
[]
None
[]
490
None
[]
[Sparkling 9]
[(<FieldType.MEDIUM: 1>, True)]
None
[]
[Red 3, White 1]
[(<FieldType.LARGE: 2>, False)]
None
[]
[White 3, Sparkling 7]
[(<FieldType.MEDIUM: 1>, True)]
None
[]
None
[]
[White 3, Blush 7]
[(<FieldType.MEDIUM: 1>, True)]
491
None
[]
[Red 6, White 6]
[(<FieldType.LARGE: 2>, True), (<FieldType.MEDIUM: 1>, True)]
[Red 6, White 6]
[(<FieldType.MEDIUM: 1>, True)]
None
[]
None
[]
[White 8]
[(<FieldType.MEDIUM: 1>, False), (<FieldType.MEDIUM: 1>, False), (<FieldType.MEDIUM: 1>, False), (<FieldType.LARGE: 2>, False)]
Got next objective
[Red 8]
[White 8]
[(<FieldType.LARGE: 2>, True), (<FieldType.MEDIUM: 1>, False), (<FieldType.LARGE: 2>, False), (<FieldType.LARGE: 2>, False)]
[White 8]
[(<FieldType.MEDIUM: 1>, False), (<FieldType.LARGE: 2>, False), (<FieldType.LARGE: 2>, False)]
[White 8]
[(<FieldType.LARGE: 2>, False), (<FieldType.LARGE: 2>, False)]
Switched from next -> current
[Red 8]
[(<FieldType.LARGE: 2>, False)]
None
[]
492
None
[]
[White 4, Sparkling 7]
[(<FieldType.MEDIUM: 1>, True)]
None
[]
None
[]
[White 4, White 3, White 2]
[(<FieldType.MEDIUM: 1>, True), (<FieldType.MEDIUM: 1>, True)]
[White 4, White 3, White 2]
[(<FieldType.MEDIUM: 1>, True)]
None
[]
None
[]
493
None
[]
None
[]
[Blush 6, Blush 5]
[(<FieldType.MEDIUM: 1>, True)]
None
[]
[Red 6, White 6]
[(<FieldType.MEDIUM: 1>, True), (<FieldType.LARGE: 2>, True)]
[Red 6, White 6]
[(<FieldType.LARGE: 2>, True)]
None
[]
None
[]
[Red 8]
[(<FieldType.LARGE: 2>, False)]
494
None
[]
[White 4, White 3, White 2]
[(<FieldType.MEDIUM: 1>, True), (<FieldType.MEDIUM: 1>, True)]
[White 4, White 3, White 2]
[(<FieldType.MEDIUM: 1>, True)]
None
[]
None
[]
[White 4, Blush 4]
[(<FieldType.MEDIUM: 1>, True)]
None
[]
[Blush 6, Blush 5]
[(<FieldType.MEDIUM: 1>, True)]
None
[]
[White 4, White 3]
[(<FieldType.MEDIUM: 1>, True)]
495
None
[]
None
[]
[Sparkling 9]
[(<FieldType.MEDIUM: 1>, True)]
None
[]
None
[]
[White 3, Sparkling 7]
[(<FieldType.MEDIUM: 1>, True)]
None
[]
[Sparkling 7]
[(<FieldType.MEDIUM: 1>, True)]
496
None
[]
[White 4, Blush 4]
[(<FieldType.MEDIUM: 1>, True)]
None
[]
[Red 5, White 3]
[(<FieldType.LARGE: 2>, False)]
None
[]
None
[]
[Red 4, Red 3, Red 2]
[(<FieldType.MEDIUM: 1>, True)]
None
[]
[Red 4, Blush 4]
[(<FieldType.LARGE: 2>, True)]
497
None
[]
[White 8]
[(<FieldType.MEDIUM: 1>, False), (<FieldType.MEDIUM: 1>, False), (<FieldType.LARGE: 2>, False), (<FieldType.LARGE: 2>, False)]
Got next objective
[Red 4, Blush 4]
[White 8]
[(<FieldType.LARGE: 2>, True), (<FieldType.MEDIUM: 1>, False), (<FieldType.LARGE: 2>, False), (<FieldType.MEDIUM: 1>, False)]
[White 8]
[(<FieldType.MEDIUM: 1>, False), (<FieldType.LARGE: 2>, False), (<FieldType.MEDIUM: 1>, False)]
[White 8]
[(<FieldType.LARGE: 2>, False), (<FieldType.MEDIUM: 1>, False)]
Switched from next -> current
[Red 4, Blush 4]
[(<FieldType.MEDIUM: 1>, False)]
None
[]
None
[]
None
[]
None
[]
[White 4, White 3, White 2]
[(<FieldType.MEDIUM: 1>, True)]
498
None
[]
[White 4, Sparkling 7]
[(<FieldType.MEDIUM: 1>, True)]
None
[]
[White 8]
[(<FieldType.MEDIUM: 1>, False), (<FieldType.LARGE: 2>, False), (<FieldType.MEDIUM: 1>, False), (<FieldType.LARGE: 2>, False)]
Got next objective
[Blush 6, Blush 5]
[White 8]
[(<FieldType.MEDIUM: 1>, True), (<FieldType.LARGE: 2>, False), (<FieldType.LARGE: 2>, False), (<FieldType.LARGE: 2>, False)]
[White 8]
[(<FieldType.LARGE: 2>, False), (<FieldType.LARGE: 2>, False), (<FieldType.LARGE: 2>, False)]
[White 8]
[(<FieldType.LARGE: 2>, False), (<FieldType.LARGE: 2>, False)]
Switched from next -> current
[Blush 6, Blush 5]
[(<FieldType.LARGE: 2>, False)]
None
[]
None
[]
[Red 6, White 6]
[(<FieldType.LARGE: 2>, False), (<FieldType.MEDIUM: 1>, False)]
Got next objective
[Sparkling 9]
[Red 6, White 6]
[(<FieldType.MEDIUM: 1>, True), (<FieldType.LARGE: 2>, False)]
Switched from next -> current
499
None
[]
[Red 3, White 3]
[(<FieldType.LARGE: 2>, False)]
None
[]
None
[]
None
[]
None
[]
[Red 4, Red 3, Red 2]
[(<FieldType.MEDIUM: 1>, True)]
None
[]
None
[]
[White 3, Sparkling 8]
[(<FieldType.MEDIUM: 1>, True)]
500
None
[]
[White 3, Sparkling 7]
[(<FieldType.MEDIUM: 1>, True)]
None
[]
[Blush 6, Blush 5]
[(<FieldType.MEDIUM: 1>, True)]
None
[]
None
[]
[White 8]
[(<FieldType.MEDIUM: 1>, False), (<FieldType.LARGE: 2>, False), (<FieldType.LARGE: 2>, False), (<FieldType.MEDIUM: 1>, False)]
Got next objective
[White 6]
[White 8]
[(<FieldType.MEDIUM: 1>, True), (<FieldType.LARGE: 2>, False), (<FieldType.LARGE: 2>, False), (<FieldType.MEDIUM: 1>, False)]
[White 8]
[(<FieldType.LARGE: 2>, False), (<FieldType.LARGE: 2>, False), (<FieldType.MEDIUM: 1>, False)]
[White 8]
[(<FieldType.LARGE: 2>, False), (<FieldType.MEDIUM: 1>, False)]
Switched from next -> current
[White 6]
[(<FieldType.MEDIUM: 1>, False)]
501
None
[]
[Red 5, White 3]
[(<FieldType.MEDIUM: 1>, True)]
None
[]
[White 6]
[(<FieldType.LARGE: 2>, False), (<FieldType.MEDIUM: 1>, False)]
Got next objective
[White 3, Sparkling 8]
[White 6]
[(<FieldType.MEDIUM: 1>, True), (<FieldType.MEDIUM: 1>, True)]
Switched from next -> current
[White 3, Sparkling 8]
[(<FieldType.MEDIUM: 1>, True)]
None
[]
None
[]
[White 4, White 3]
[(<FieldType.MEDIUM: 1>, True)]
502
None
[]
[White 4, Blush 4]
[(<FieldType.MEDIUM: 1>, True)]
None
[]
[White 4, White 3, White 2]
[(<FieldType.MEDIUM: 1>, True), (<FieldType.MEDIUM: 1>, True)]
[White 4, White 3, White 2]
[(<FieldType.MEDIUM: 1>, True)]
None
[]
None
[]
[White 3, Sparkling 8]
[(<FieldType.MEDIUM: 1>, True)]
None
[]
[White 6]
[(<FieldType.MEDIUM: 1>, False), (<FieldType.LARGE: 2>, False)]
Got next objective
[Red 4, Red 3]
[White 6]
[(<FieldType.LARGE: 2>, True), (<FieldType.MEDIUM: 1>, False)]
Switched from next -> current
503
None
[]
[Red 4, Blush 4]
[(<FieldType.MEDIUM: 1>, True)]
None
[]
[Blush 8]
[(<FieldType.MEDIUM: 1>, False)]
None
[]
None
[]
None
[]
[White 4, Blush 4]
[(<FieldType.MEDIUM: 1>, True)]
504
None
[]
None
[]
[Red 8]
[(<FieldType.LARGE: 2>, False), (<FieldType.MEDIUM: 1>, False)]
Got next objective
[Red 3, White 5]
[Red 8]
[(<FieldType.MEDIUM: 1>, True), (<FieldType.MEDIUM: 1>, False)]
Switched from next -> current
[Red 3, White 5]
[(<FieldType.MEDIUM: 1>, False)]
None
[]
[Red 6, White 6]
[(<FieldType.LARGE: 2>, False)]
None
[]
[Blush 6, Blush 5]
[(<FieldType.MEDIUM: 1>, True)]
505
None
[]
None
[]
[White 5]
[(<FieldType.LARGE: 2>, False)]
None
[]
None
[]
[White 2, Sparkling 8]
[(<FieldType.MEDIUM: 1>, True)]
None
[]
[Red 4, Blush 7]
[(<FieldType.MEDIUM: 1>, False)]
None
[]
[Red 7, Red 6]
[(<FieldType.LARGE: 2>, False)]
506
None
[]
[White 6]
[(<FieldType.LARGE: 2>, False), (<FieldType.MEDIUM: 1>, False)]
Got next objective
[Blush 4]
[White 6]
[(<FieldType.MEDIUM: 1>, True), (<FieldType.MEDIUM: 1>, False)]
Switched from next -> current
[Blush 4]
[(<FieldType.MEDIUM: 1>, False)]
None
[]
None
[]
None
[]
None
[]
[White 5]
[(<FieldType.LARGE: 2>, False)]
None
[]
507
None
[]
None
[]
[Sparkling 7]
[(<FieldType.MEDIUM: 1>, True)]
None
[]
None
[]
[Blush 8]
[(<FieldType.MEDIUM: 1>, False)]
None
[]
None
[]
None
[]
508
None
[]
[Red 2, White 2, Blush 5]
[(<FieldType.MEDIUM: 1>, True)]
None
[]
[Blush 8]
[(<FieldType.LARGE: 2>, False)]
None
[]
[Red 8]
[(<FieldType.LARGE: 2>, False), (<FieldType.LARGE: 2>, False)]
Got next objective
[Red 3, White 5]
[Red 8]
[(<FieldType.MEDIUM: 1>, True), (<FieldType.MEDIUM: 1>, False)]
Switched from next -> current
[Red 3, White 5]
[(<FieldType.MEDIUM: 1>, False)]
None
[]
509
None
[]
[Red 6, White 6]
[(<FieldType.LARGE: 2>, True), (<FieldType.MEDIUM: 1>, True)]
[Red 6, White 6]
[(<FieldType.MEDIUM: 1>, True)]
None
[]
None
[]
[White 3, Sparkling 7]
[(<FieldType.MEDIUM: 1>, True)]
None
[]
[White 4, Blush 4]
[(<FieldType.MEDIUM: 1>, True)]
510
None
[]
[Red 4, Blush 7]
[(<FieldType.LARGE: 2>, True)]
None
[]
None
[]
[Sparkling 7]
[(<FieldType.MEDIUM: 1>, True)]
None
[]
None
[]
[Red 3, White 3]
[(<FieldType.LARGE: 2>, False)]
None
[]
[White 4, Blush 4]
[(<FieldType.MEDIUM: 1>, True)]
511
None
[]
[Red 4, White 2]
[(<FieldType.LARGE: 2>, False)]
None
[]
[Red 2, White 2, Blush 5]
[(<FieldType.MEDIUM: 1>, True)]
None
[]
[White 3, Sparkling 7]
[(<FieldType.MEDIUM: 1>, True)]
None
[]
None
[]
[Red 7, Red 6]
[(<FieldType.LARGE: 2>, False)]
512
None
[]
[White 6]
[(<FieldType.MEDIUM: 1>, False), (<FieldType.MEDIUM: 1>, False)]
Got next objective
[Red 2, White 2, Blush 5]
[White 6]
[(<FieldType.MEDIUM: 1>, True), (<FieldType.MEDIUM: 1>, False)]
Switched from next -> current
[Red 2, White 2, Blush 5]
[(<FieldType.MEDIUM: 1>, False)]
None
[]
None
[]
None
[]
[Red 6, White 6]
[(<FieldType.MEDIUM: 1>, True), (<FieldType.LARGE: 2>, True)]
[Red 6, White 6]
[(<FieldType.LARGE: 2>, True)]
513
None
[]
[Red 6, White 6]
[(<FieldType.LARGE: 2>, True), (<FieldType.MEDIUM: 1>, True)]
[Red 6, White 6]
[(<FieldType.MEDIUM: 1>, True)]
None
[]
None
[]
None
[]
None
[]
[Red 2, White 2, Blush 5]
[(<FieldType.MEDIUM: 1>, True)]
None
[]
[White 4, White 3, White 2]
[(<FieldType.MEDIUM: 1>, True), (<FieldType.MEDIUM: 1>, True)]
[White 4, White 3, White 2]
[(<FieldType.MEDIUM: 1>, True)]
514
None
[]
[White 4, White 3]
[(<FieldType.MEDIUM: 1>, True)]
None
[]
None
[]
[Red 6, White 6]
[(<FieldType.LARGE: 2>, False), (<FieldType.MEDIUM: 1>, False)]
Got next objective
[White 6]
[Red 6, White 6]
[(<FieldType.MEDIUM: 1>, True), (<FieldType.LARGE: 2>, False), (<FieldType.MEDIUM: 1>, False)]
Switched from next -> current
[White 6]
[(<FieldType.LARGE: 2>, False), (<FieldType.MEDIUM: 1>, False)]
Got next objective
[Red 2, White 2]
[White 6]
[(<FieldType.MEDIUM: 1>, True), (<FieldType.MEDIUM: 1>, False)]
Switched from next -> current
[Red 2, White 2]
[(<FieldType.MEDIUM: 1>, False)]
None
[]
None
[]
515
None
[]
None
[]
[Red 3, White 1]
[(<FieldType.MEDIUM: 1>, False)]
None
[]
None
[]
[Red 3, White 5]
[(<FieldType.MEDIUM: 1>, False)]
None
[]
[White 4, White 3, White 2]
[(<FieldType.MEDIUM: 1>, True)]
None
[]
[White 5]
[(<FieldType.LARGE: 2>, False)]
None
[]
516
None
[]
[White 8]
[(<FieldType.MEDIUM: 1>, False), (<FieldType.LARGE: 2>, False), (<FieldType.MEDIUM: 1>, False), (<FieldType.LARGE: 2>, False)]
Got next objective
[Red 5, White 3]
[White 8]
[(<FieldType.LARGE: 2>, True), (<FieldType.MEDIUM: 1>, False), (<FieldType.MEDIUM: 1>, False), (<FieldType.MEDIUM: 1>, False)]
[White 8]
[(<FieldType.MEDIUM: 1>, False), (<FieldType.MEDIUM: 1>, False), (<FieldType.MEDIUM: 1>, False)]
[White 8]
[(<FieldType.MEDIUM: 1>, False), (<FieldType.MEDIUM: 1>, False)]
Switched from next -> current
[Red 5, White 3]
[(<FieldType.MEDIUM: 1>, False)]
None
[]
None
[]
None
[]
517
None
[]
[Red 3, White 1]
[(<FieldType.MEDIUM: 1>, False)]
None
[]
None
[]
None
[]
[Red 7, Red 6]
[(<FieldType.LARGE: 2>, True)]
None
[]
[Red 4, Blush 7]
[(<FieldType.LARGE: 2>, True)]
None
[]
[White 4, White 3, White 2]
[(<FieldType.MEDIUM: 1>, True), (<FieldType.MEDIUM: 1>, True)]
[White 4, White 3, White 2]
[(<FieldType.MEDIUM: 1>, True)]
518
None
[]
[White 8]
[(<FieldType.LARGE: 2>, False), (<FieldType.LARGE: 2>, False), (<FieldType.MEDIUM: 1>, False), (<FieldType.LARGE: 2>, False)]
Got next objective
[White 3, Sparkling 7]
[White 8]
[(<FieldType.MEDIUM: 1>, True), (<FieldType.MEDIUM: 1>, True), (<FieldType.MEDIUM: 1>, False), (<FieldType.LARGE: 2>, False)]
[White 8]
[(<FieldType.MEDIUM: 1>, True), (<FieldType.MEDIUM: 1>, False), (<FieldType.LARGE: 2>, False)]
[White 8]
[(<FieldType.MEDIUM: 1>, False), (<FieldType.LARGE: 2>, False)]
Switched from next -> current
[White 3, Sparkling 7]
[(<FieldType.LARGE: 2>, False)]
None
[]
None
[]
519
None
[]
[Red 4, White 2]
[(<FieldType.LARGE: 2>, False)]
None
[]
None
[]
None
[]
[White 4, White 3]
[(<FieldType.MEDIUM: 1>, True)]
None
[]
[Red 3, White 5]
[(<FieldType.MEDIUM: 1>, False)]
None
[]
520
None
[]
[White 4, White 3]
[(<FieldType.MEDIUM: 1>, True)]
None
[]
[Red 7, Red 6]
[(<FieldType.LARGE: 2>, False)]
None
[]
None
[]
None
[]
[White 7, White 6]
[(<FieldType.MEDIUM: 1>, True), (<FieldType.MEDIUM: 1>, True), (<FieldType.MEDIUM: 1>, True)]
[White 7, White 6]
[(<FieldType.MEDIUM: 1>, True), (<FieldType.MEDIUM: 1>, True)]
[White 7, White 6]
[(<FieldType.MEDIUM: 1>, True)]
521
None
[]
[White 2, Sparkling 8]
[(<FieldType.MEDIUM: 1>, True)]
None
[]
[White 4, Sparkling 7]
[(<FieldType.MEDIUM: 1>, True)]
None
[]
[Red 7, Red 6]
[(<FieldType.LARGE: 2>, True)]
None
[]
[Red 3, White 5]
[(<FieldType.LARGE: 2>, False)]
522
None
[]
[White 7, White 6]
[(<FieldType.MEDIUM: 1>, True), (<FieldType.LARGE: 2>, True), (<FieldType.MEDIUM: 1>, True)]
[White 7, White 6]
[(<FieldType.LARGE: 2>, True), (<FieldType.MEDIUM: 1>, True)]
[White 7, White 6]
[(<FieldType.MEDIUM: 1>, True)]
None
[]
None
[]
None
[]
[Blush 6, Blush 5]
[(<FieldType.MEDIUM: 1>, True)]
None
[]
523
None
[]
[White 8]
[(<FieldType.MEDIUM: 1>, False), (<FieldType.MEDIUM: 1>, False), (<FieldType.LARGE: 2>, False), (<FieldType.LARGE: 2>, False)]
Got next objective
[Red 4, Blush 7]
[White 8]
[(<FieldType.LARGE: 2>, True), (<FieldType.MEDIUM: 1>, False), (<FieldType.MEDIUM: 1>, False), (<FieldType.LARGE: 2>, False)]
[White 8]
[(<FieldType.MEDIUM: 1>, False), (<FieldType.MEDIUM: 1>, False), (<FieldType.LARGE: 2>, False)]
[White 8]
[(<FieldType.MEDIUM: 1>, False), (<FieldType.LARGE: 2>, False)]
Switched from next -> current
[Red 4, Blush 7]
[(<FieldType.LARGE: 2>, False)]
None
[]
None
[]
None
[]
None
[]
524
None
[]
[White 5]
[(<FieldType.MEDIUM: 1>, False)]
None
[]
[Red 7, Red 6]
[(<FieldType.LARGE: 2>, False)]
None
[]
None
[]
[White 3, Sparkling 8]
[(<FieldType.MEDIUM: 1>, True)]
None
[]
[White 4, Sparkling 7]
[(<FieldType.MEDIUM: 1>, True)]
525
None
[]
[Red 3, White 5]
[(<FieldType.LARGE: 2>, False)]
None
[]
None
[]
[White 3, Blush 7]
[(<FieldType.MEDIUM: 1>, True)]
None
[]
[Red 4, White 2]
[(<FieldType.MEDIUM: 1>, False)]
None
[]
None
[]
[White 6]
[(<FieldType.LARGE: 2>, False), (<FieldType.LARGE: 2>, False)]
Got next objective
[Red 4, Red 3]
[White 6]
[(<FieldType.MEDIUM: 1>, True), (<FieldType.MEDIUM: 1>, False)]
Switched from next -> current
526
None
[]
None
[]
None
[]
None
[]
[Sparkling 7]
[(<FieldType.MEDIUM: 1>, True)]
None
[]
[Red 7, Red 6]
[(<FieldType.LARGE: 2>, True)]
None
[]
[Red 2, White 2, Blush 5]
[(<FieldType.MEDIUM: 1>, True)]
527
None
[]
[Red 4, Blush 4]
[(<FieldType.LARGE: 2>, True)]
None
[]
None
[]
[Red 4, White 2]
[(<FieldType.LARGE: 2>, False)]
None
[]
None
[]
[Red 4, Blush 7]
[(<FieldType.LARGE: 2>, False)]
None
[]
[Red 8]
[(<FieldType.MEDIUM: 1>, False)]
528
None
[]
[White 5]
[(<FieldType.LARGE: 2>, False)]
None
[]
[White 4, White 3]
[(<FieldType.MEDIUM: 1>, True)]
None
[]
None
[]
None
[]
None
[]
[White 8]
[(<FieldType.LARGE: 2>, False), (<FieldType.LARGE: 2>, False), (<FieldType.MEDIUM: 1>, False), (<FieldType.MEDIUM: 1>, False)]
Got next objective
[Red 4, Red 3]
[White 8]
[(<FieldType.LARGE: 2>, True), (<FieldType.LARGE: 2>, False), (<FieldType.MEDIUM: 1>, False), (<FieldType.MEDIUM: 1>, False)]
[White 8]
[(<FieldType.LARGE: 2>, False), (<FieldType.MEDIUM: 1>, False), (<FieldType.MEDIUM: 1>, False)]
[White 8]
[(<FieldType.MEDIUM: 1>, False), (<FieldType.MEDIUM: 1>, False)]
Switched from next -> current
[Red 4, Red 3]
[(<FieldType.MEDIUM: 1>, False)]
529
None
[]
[Red 3, White 1]
[(<FieldType.LARGE: 2>, False)]
None
[]
[Red 6, White 6]
[(<FieldType.MEDIUM: 1>, False), (<FieldType.MEDIUM: 1>, False)]
Got next objective
[White 3, Blush 7]
[Red 6, White 6]
[(<FieldType.MEDIUM: 1>, True), (<FieldType.MEDIUM: 1>, False)]
Switched from next -> current
[White 3, Blush 7]
[(<FieldType.MEDIUM: 1>, False)]
None
[]
None
[]
None
[]
530
None
[]
[White 5]
[(<FieldType.LARGE: 2>, False)]
None
[]
[White 7, White 6]
[(<FieldType.MEDIUM: 1>, True), (<FieldType.LARGE: 2>, True), (<FieldType.LARGE: 2>, True)]
[White 7, White 6]
[(<FieldType.LARGE: 2>, True), (<FieldType.LARGE: 2>, True)]
[White 7, White 6]
[(<FieldType.LARGE: 2>, True)]
None
[]
None
[]
[White 4, White 3, White 2]
[(<FieldType.MEDIUM: 1>, True), (<FieldType.MEDIUM: 1>, True)]
[White 4, White 3, White 2]
[(<FieldType.MEDIUM: 1>, True)]
None
[]
531
None
[]
[Red 4, White 2]
[(<FieldType.LARGE: 2>, False)]
None
[]
[Red 8]
[(<FieldType.LARGE: 2>, False), (<FieldType.MEDIUM: 1>, False)]
Got next objective
[White 3, Sparkling 7]
[Red 8]
[(<FieldType.MEDIUM: 1>, True), (<FieldType.MEDIUM: 1>, True)]
Switched from next -> current
[White 3, Sparkling 7]
[(<FieldType.MEDIUM: 1>, True)]
None
[]
[White 4, Blush 4]
[(<FieldType.MEDIUM: 1>, True)]
None
[]
532
None
[]
[Red 3, White 1]
[(<FieldType.LARGE: 2>, False)]
None
[]
None
[]
[Red 2, White 2, Blush 5]
[(<FieldType.MEDIUM: 1>, True)]
None
[]
[White 8]
[(<FieldType.MEDIUM: 1>, False), (<FieldType.MEDIUM: 1>, False), (<FieldType.MEDIUM: 1>, False), (<FieldType.LARGE: 2>, False)]
Got next objective
[Red 2, White 4]
[White 8]
[(<FieldType.MEDIUM: 1>, True), (<FieldType.LARGE: 2>, False), (<FieldType.MEDIUM: 1>, False), (<FieldType.LARGE: 2>, False)]
[White 8]
[(<FieldType.LARGE: 2>, False), (<FieldType.MEDIUM: 1>, False), (<FieldType.LARGE: 2>, False)]
[White 8]
[(<FieldType.MEDIUM: 1>, False), (<FieldType.LARGE: 2>, False)]
Switched from next -> current
[Red 2, White 4]
[(<FieldType.LARGE: 2>, False)]
None
[]
533
None
[]
[Red 8]
[(<FieldType.LARGE: 2>, False), (<FieldType.LARGE: 2>, False)]
Got next objective
[Red 2, White 4]
[Red 8]
[(<FieldType.MEDIUM: 1>, True), (<FieldType.MEDIUM: 1>, False)]
Switched from next -> current
[Red 2, White 4]
[(<FieldType.MEDIUM: 1>, False)]
None
[]
None
[]
None
[]
None
[]
[White 2, Sparkling 8]
[(<FieldType.MEDIUM: 1>, True)]
534
None
[]
None
[]
[White 6]
[(<FieldType.LARGE: 2>, False), (<FieldType.MEDIUM: 1>, False)]
Got next objective
[White 4, Blush 4]
[White 6]
[(<FieldType.MEDIUM: 1>, True), (<FieldType.MEDIUM: 1>, True)]
Switched from next -> current
[White 4, Blush 4]
[(<FieldType.MEDIUM: 1>, True)]
None
[]
[White 2, Sparkling 8]
[(<FieldType.MEDIUM: 1>, True)]
None
[]
[Red 2, White 2, Blush 5]
[(<FieldType.MEDIUM: 1>, True)]
535
None
[]
None
[]
[Red 4, White 2]
[(<FieldType.LARGE: 2>, False)]
None
[]
None
[]
[White 3, Sparkling 8]
[(<FieldType.MEDIUM: 1>, True)]
None
[]
[White 3, Blush 7]
[(<FieldType.MEDIUM: 1>, True)]
536
None
[]
[White 5]
[(<FieldType.LARGE: 2>, False)]
None
[]
[White 8]
[(<FieldType.MEDIUM: 1>, False), (<FieldType.MEDIUM: 1>, False), (<FieldType.LARGE: 2>, False), (<FieldType.LARGE: 2>, False)]
Got next objective
[Sparkling 7]
[White 8]
[(<FieldType.MEDIUM: 1>, True), (<FieldType.LARGE: 2>, False), (<FieldType.LARGE: 2>, False), (<FieldType.LARGE: 2>, False)]
[White 8]
[(<FieldType.LARGE: 2>, False), (<FieldType.LARGE: 2>, False), (<FieldType.LARGE: 2>, False)]
[White 8]
[(<FieldType.LARGE: 2>, False), (<FieldType.LARGE: 2>, False)]
Switched from next -> current
[Sparkling 7]
[(<FieldType.LARGE: 2>, False)]
None
[]
None
[]
None
[]
537
None
[]
[White 2, Sparkling 8]
[(<FieldType.MEDIUM: 1>, True)]
None
[]
None
[]
[White 4, White 3]
[(<FieldType.MEDIUM: 1>, True)]
None
[]
None
[]
None
[]
538
None
[]
[Red 8]
[(<FieldType.LARGE: 2>, False), (<FieldType.MEDIUM: 1>, False)]
Got next objective
[White 2, Sparkling 8]
[Red 8]
[(<FieldType.MEDIUM: 1>, True), (<FieldType.MEDIUM: 1>, True)]
Switched from next -> current
[White 2, Sparkling 8]
[(<FieldType.MEDIUM: 1>, True)]
None
[]
None
[]
None
[]
None
[]
539
None
[]
[Red 6, White 6]
[(<FieldType.LARGE: 2>, True), (<FieldType.MEDIUM: 1>, True)]
[Red 6, White 6]
[(<FieldType.MEDIUM: 1>, True)]
None
[]
None
[]
[White 8]
[(<FieldType.LARGE: 2>, False), (<FieldType.MEDIUM: 1>, False)]
Got next objective
[White 3, Sparkling 7]
[White 8]
[(<FieldType.MEDIUM: 1>, True), (<FieldType.LARGE: 2>, False)]
Switched from next -> current
[White 3, Sparkling 7]
[(<FieldType.LARGE: 2>, False)]
None
[]
540
None
[]
[Red 4, Blush 4]
[(<FieldType.MEDIUM: 1>, True)]
None
[]
[Blush 6, Blush 5]
[(<FieldType.MEDIUM: 1>, True)]
None
[]
None
[]
[Blush 8]
[(<FieldType.LARGE: 2>, False)]
None
[]
None
[]
[White 4, White 3, White 2]
[(<FieldType.MEDIUM: 1>, True), (<FieldType.MEDIUM: 1>, True)]
[White 4, White 3, White 2]
[(<FieldType.MEDIUM: 1>, True)]
541
None
[]
None
[]
None
[]
[Red 2, White 2, Blush 5]
[(<FieldType.MEDIUM: 1>, True)]
None
[]
[White 4, Sparkling 7]
[(<FieldType.MEDIUM: 1>, True)]
None
[]
[White 5]
[(<FieldType.LARGE: 2>, False)]
None
[]
542
None
[]
[White 8]
[(<FieldType.MEDIUM: 1>, False), (<FieldType.LARGE: 2>, False), (<FieldType.LARGE: 2>, False), (<FieldType.LARGE: 2>, False)]
Got next objective
[Red 3, White 1]
[White 8]
[(<FieldType.LARGE: 2>, True), (<FieldType.MEDIUM: 1>, False), (<FieldType.LARGE: 2>, False), (<FieldType.MEDIUM: 1>, False)]
[White 8]
[(<FieldType.MEDIUM: 1>, False), (<FieldType.LARGE: 2>, False), (<FieldType.MEDIUM: 1>, False)]
[White 8]
[(<FieldType.LARGE: 2>, False), (<FieldType.MEDIUM: 1>, False)]
Switched from next -> current
[Red 3, White 1]
[(<FieldType.MEDIUM: 1>, False)]
None
[]
None
[]
None
[]
None
[]
543
None
[]
[Red 8]
[(<FieldType.MEDIUM: 1>, False), (<FieldType.LARGE: 2>, False)]
Got next objective
[Blush 8]
[Red 8]
[(<FieldType.LARGE: 2>, True), (<FieldType.MEDIUM: 1>, False)]
Switched from next -> current
[Blush 8]
[(<FieldType.MEDIUM: 1>, False)]
None
[]
None
[]
[Blush 6, Blush 5]
[(<FieldType.MEDIUM: 1>, True)]
None
[]
544
None
[]
None
[]
[White 3, Blush 7]
[(<FieldType.MEDIUM: 1>, True)]
None
[]
None
[]
None
[]
None
[]
[White 4, White 3]
[(<FieldType.MEDIUM: 1>, True)]
None
[]
545
None
[]
[Red 7, Red 6]
[(<FieldType.LARGE: 2>, True)]
None
[]
[White 3, Sparkling 7]
[(<FieldType.MEDIUM: 1>, True)]
None
[]
[White 8]
[(<FieldType.MEDIUM: 1>, False), (<FieldType.LARGE: 2>, False), (<FieldType.LARGE: 2>, False), (<FieldType.LARGE: 2>, False)]
Got next objective
[Red 4, Blush 4]
[White 8]
[(<FieldType.LARGE: 2>, True), (<FieldType.MEDIUM: 1>, False), (<FieldType.MEDIUM: 1>, False), (<FieldType.MEDIUM: 1>, False)]
[White 8]
[(<FieldType.MEDIUM: 1>, False), (<FieldType.MEDIUM: 1>, False), (<FieldType.MEDIUM: 1>, False)]
[White 8]
[(<FieldType.MEDIUM: 1>, False), (<FieldType.MEDIUM: 1>, False)]
Switched from next -> current
[Red 4, Blush 4]
[(<FieldType.MEDIUM: 1>, False)]
None
[]
546
None
[]
[Blush 6, Blush 5]
[(<FieldType.MEDIUM: 1>, True)]
None
[]
None
[]
[Red 5, White 3]
[(<FieldType.MEDIUM: 1>, True)]
None
[]
[White 4, White 3]
[(<FieldType.MEDIUM: 1>, True)]
None
[]
None
[]
[White 3, Sparkling 7]
[(<FieldType.MEDIUM: 1>, True)]
547
None
[]
None
[]
[Red 4, Red 3, Red 2]
[(<FieldType.LARGE: 2>, True), (<FieldType.MEDIUM: 1>, True)]
[Red 4, Red 3, Red 2]
[(<FieldType.MEDIUM: 1>, True)]
None
[]
[Sparkling 7]
[(<FieldType.LARGE: 2>, True)]
None
[]
None
[]
[White 7, White 6]
[(<FieldType.MEDIUM: 1>, True), (<FieldType.MEDIUM: 1>, True), (<FieldType.LARGE: 2>, True)]
[White 7, White 6]
[(<FieldType.MEDIUM: 1>, True), (<FieldType.LARGE: 2>, True)]
[White 7, White 6]
[(<FieldType.LARGE: 2>, True)]
None
[]
None
[]
548
None
[]
[Red 4, Blush 4]
[(<FieldType.LARGE: 2>, True)]
None
[]
None
[]
[Sparkling 7]
[(<FieldType.MEDIUM: 1>, True)]
None
[]
[Red 8]
[(<FieldType.MEDIUM: 1>, False), (<FieldType.MEDIUM: 1>, False)]
Got next objective
[White 4, White 3, White 2]
[Red 8]
[(<FieldType.MEDIUM: 1>, True), (<FieldType.MEDIUM: 1>, True)]
Switched from next -> current
[White 4, White 3, White 2]
[(<FieldType.MEDIUM: 1>, True)]
None
[]
[Blush 6, Blush 5]
[(<FieldType.MEDIUM: 1>, True)]
549
None
[]
[White 4, Sparkling 7]
[(<FieldType.MEDIUM: 1>, True)]
None
[]
[Red 4, Blush 4]
[(<FieldType.LARGE: 2>, True)]
None
[]
[White 3, Sparkling 7]
[(<FieldType.MEDIUM: 1>, True)]
None
[]
[Red 8]
[(<FieldType.LARGE: 2>, False), (<FieldType.MEDIUM: 1>, False)]
Got next objective
[White 8]
[Red 8]
[(<FieldType.MEDIUM: 1>, True), (<FieldType.LARGE: 2>, False), (<FieldType.LARGE: 2>, False), (<FieldType.LARGE: 2>, False), (<FieldType.LARGE: 2>, False)]
Switched from next -> current
550
None
[]
[White 4, White 3, White 2]
[(<FieldType.MEDIUM: 1>, True), (<FieldType.MEDIUM: 1>, True)]
[White 4, White 3, White 2]
[(<FieldType.MEDIUM: 1>, True)]
None
[]
[White 2, Sparkling 8]
[(<FieldType.MEDIUM: 1>, True)]
None
[]
[White 3, Blush 7]
[(<FieldType.MEDIUM: 1>, True)]
None
[]
551
None
[]
None
[]
[White 4, White 3, White 2]
[(<FieldType.MEDIUM: 1>, True), (<FieldType.MEDIUM: 1>, True)]
[White 4, White 3, White 2]
[(<FieldType.MEDIUM: 1>, True)]
None
[]
[White 2, Sparkling 8]
[(<FieldType.MEDIUM: 1>, True)]
None
[]
None
[]
None
[]
552
None
[]
[White 5]
[(<FieldType.MEDIUM: 1>, False)]
None
[]
None
[]
None
[]
None
[]
[Red 6, White 6]
[(<FieldType.MEDIUM: 1>, False), (<FieldType.LARGE: 2>, False)]
Got next objective
[Red 2, White 4]
[Red 6, White 6]
[(<FieldType.LARGE: 2>, True), (<FieldType.MEDIUM: 1>, False)]
Switched from next -> current
[Red 2, White 4]
[(<FieldType.MEDIUM: 1>, False)]
None
[]
553
None
[]
[Red 4, White 2]
[(<FieldType.LARGE: 2>, False)]
None
[]
[Red 3, White 5]
[(<FieldType.LARGE: 2>, False)]
None
[]
[White 2, Sparkling 8]
[(<FieldType.MEDIUM: 1>, True)]
None
[]
[White 4, Sparkling 7]
[(<FieldType.MEDIUM: 1>, True)]
None
[]
[White 3, Sparkling 8]
[(<FieldType.MEDIUM: 1>, True)]
554
None
[]
[Sparkling 7]
[(<FieldType.LARGE: 2>, True)]
None
[]
[White 6]
[(<FieldType.MEDIUM: 1>, False), (<FieldType.LARGE: 2>, False)]
Got next objective
[Red 3, White 1]
[White 6]
[(<FieldType.MEDIUM: 1>, True), (<FieldType.MEDIUM: 1>, False)]
Switched from next -> current
[Red 3, White 1]
[(<FieldType.MEDIUM: 1>, False)]
None
[]
None
[]
[White 5]
[(<FieldType.LARGE: 2>, False)]
None
[]
555
None
[]
[Blush 8]
[(<FieldType.LARGE: 2>, False)]
None
[]
[Red 5, White 3]
[(<FieldType.LARGE: 2>, False)]
None
[]
None
[]
[White 6]
[(<FieldType.MEDIUM: 1>, False), (<FieldType.MEDIUM: 1>, False)]
Got next objective
[Blush 4]
[White 6]
[(<FieldType.LARGE: 2>, True), (<FieldType.LARGE: 2>, False)]
Switched from next -> current
[Blush 4]
[(<FieldType.LARGE: 2>, False)]
None
[]
[White 8]
[(<FieldType.MEDIUM: 1>, False), (<FieldType.MEDIUM: 1>, False), (<FieldType.LARGE: 2>, False), (<FieldType.LARGE: 2>, False)]
Got next objective
[Sparkling 7]
[White 8]
[(<FieldType.LARGE: 2>, True), (<FieldType.MEDIUM: 1>, False), (<FieldType.LARGE: 2>, False), (<FieldType.MEDIUM: 1>, False)]
[White 8]
[(<FieldType.MEDIUM: 1>, False), (<FieldType.LARGE: 2>, False), (<FieldType.MEDIUM: 1>, False)]
[White 8]
[(<FieldType.LARGE: 2>, False), (<FieldType.MEDIUM: 1>, False)]
Switched from next -> current
556
None
[]
[Red 6, White 6]
[(<FieldType.MEDIUM: 1>, True), (<FieldType.LARGE: 2>, True)]
[Red 6, White 6]
[(<FieldType.LARGE: 2>, True)]
None
[]
None
[]
[White 4, Sparkling 7]
[(<FieldType.MEDIUM: 1>, True)]
None
[]
557
None
[]
[Red 4, Red 3]
[(<FieldType.LARGE: 2>, True)]
None
[]
None
[]
None
[]
[Red 6, White 6]
[(<FieldType.MEDIUM: 1>, True), (<FieldType.LARGE: 2>, True)]
[Red 6, White 6]
[(<FieldType.LARGE: 2>, True)]
None
[]
[White 7, White 6]
[(<FieldType.MEDIUM: 1>, False), (<FieldType.LARGE: 2>, False)]
Got next objective
[Blush 4]
[White 7, White 6]
[(<FieldType.LARGE: 2>, True), (<FieldType.LARGE: 2>, False)]
Switched from next -> current
[Blush 4]
[(<FieldType.LARGE: 2>, False)]
558
None
[]
[Red 4, Red 3, Red 2]
[(<FieldType.LARGE: 2>, True), (<FieldType.LARGE: 2>, True)]
[Red 4, Red 3, Red 2]
[(<FieldType.LARGE: 2>, True)]
None
[]
None
[]
[White 4, White 3, White 2]
[(<FieldType.MEDIUM: 1>, True), (<FieldType.MEDIUM: 1>, True)]
[White 4, White 3, White 2]
[(<FieldType.MEDIUM: 1>, True)]
None
[]
[White 3, Blush 7]
[(<FieldType.MEDIUM: 1>, True)]
None
[]
None
[]
[Red 6, White 6]
[(<FieldType.LARGE: 2>, False), (<FieldType.MEDIUM: 1>, False)]
Got next objective
[Red 1, White 3]
[Red 6, White 6]
[(<FieldType.MEDIUM: 1>, True), (<FieldType.MEDIUM: 1>, False)]
Switched from next -> current
559
None
[]
[Red 4, Red 3]
[(<FieldType.LARGE: 2>, True)]
None
[]
[Red 3, White 1]
[(<FieldType.LARGE: 2>, False)]
None
[]
[Red 8]
[(<FieldType.MEDIUM: 1>, False)]
None
[]
None
[]
None
[]
[White 5]
[(<FieldType.MEDIUM: 1>, False)]
560
None
[]
None
[]
None
[]
[White 4, Blush 4]
[(<FieldType.MEDIUM: 1>, True)]
None
[]
[White 4, White 3]
[(<FieldType.MEDIUM: 1>, True)]
None
[]
None
[]
None
[]
561
None
[]
None
[]
[White 6]
[(<FieldType.MEDIUM: 1>, False), (<FieldType.MEDIUM: 1>, False)]
Got next objective
[Red 1, White 3]
[White 6]
[(<FieldType.LARGE: 2>, True), (<FieldType.LARGE: 2>, False)]
Switched from next -> current
[Red 1, White 3]
[(<FieldType.LARGE: 2>, False)]
None
[]
[White 3, Sparkling 7]
[(<FieldType.MEDIUM: 1>, True)]
None
[]
None
[]
None
[]
562
None
[]
[White 4, White 3]
[(<FieldType.MEDIUM: 1>, True)]
None
[]
None
[]
None
[]
[White 3, Sparkling 8]
[(<FieldType.MEDIUM: 1>, True)]
None
[]
563
None
[]
None
[]
[White 4, White 3, White 2]
[(<FieldType.MEDIUM: 1>, True), (<FieldType.MEDIUM: 1>, True)]
[White 4, White 3, White 2]
[(<FieldType.MEDIUM: 1>, True)]
None
[]
None
[]
None
[]
None
[]
564
None
[]
[Red 2, White 2, Blush 5]
[(<FieldType.MEDIUM: 1>, True)]
None
[]
[White 8]
[(<FieldType.MEDIUM: 1>, False), (<FieldType.MEDIUM: 1>, False), (<FieldType.MEDIUM: 1>, False), (<FieldType.MEDIUM: 1>, False)]
Got next objective
[White 2, Sparkling 8]
[White 8]
[(<FieldType.MEDIUM: 1>, True), (<FieldType.LARGE: 2>, False), (<FieldType.LARGE: 2>, False), (<FieldType.MEDIUM: 1>, False)]
[White 8]
[(<FieldType.LARGE: 2>, False), (<FieldType.LARGE: 2>, False), (<FieldType.MEDIUM: 1>, False)]
[White 8]
[(<FieldType.LARGE: 2>, False), (<FieldType.MEDIUM: 1>, False)]
Switched from next -> current
[White 2, Sparkling 8]
[(<FieldType.MEDIUM: 1>, False)]
None
[]
None
[]
565
None
[]
[Red 5, White 3]
[(<FieldType.LARGE: 2>, True)]
None
[]
[Red 3, White 5]
[(<FieldType.MEDIUM: 1>, False)]
None
[]
None
[]
[Red 6, White 6]
[(<FieldType.MEDIUM: 1>, False)]
None
[]
566
None
[]
[White 4, White 3]
[(<FieldType.MEDIUM: 1>, True)]
None
[]
[Red 2, White 2, Blush 5]
[(<FieldType.MEDIUM: 1>, True)]
None
[]
None
[]
[White 5]
[(<FieldType.LARGE: 2>, False)]
None
[]
[White 4, Sparkling 7]
[(<FieldType.MEDIUM: 1>, True)]
None
[]
567
None
[]
None
[]
[Red 3, White 5]
[(<FieldType.MEDIUM: 1>, False)]
None
[]
None
[]
[White 3, Blush 7]
[(<FieldType.MEDIUM: 1>, True)]
None
[]
[Red 6, White 6]
[(<FieldType.MEDIUM: 1>, False), (<FieldType.LARGE: 2>, False)]
Got next objective
[Red 2, White 4]
[Red 6, White 6]
[(<FieldType.LARGE: 2>, True), (<FieldType.MEDIUM: 1>, False)]
Switched from next -> current
568
None
[]
[Red 3, White 1]
[(<FieldType.LARGE: 2>, False)]
None
[]
[White 6]
[(<FieldType.LARGE: 2>, False), (<FieldType.LARGE: 2>, False)]
Got next objective
[Red 2, White 2, Blush 5]
[White 6]
[(<FieldType.MEDIUM: 1>, True), (<FieldType.MEDIUM: 1>, True)]
Switched from next -> current
[Red 2, White 2, Blush 5]
[(<FieldType.MEDIUM: 1>, True)]
None
[]
[White 5]
[(<FieldType.MEDIUM: 1>, False)]
None
[]
None
[]
[White 4, White 3]
[(<FieldType.MEDIUM: 1>, True)]
None
[]
[White 4, Sparkling 7]
[(<FieldType.MEDIUM: 1>, True)]
569
None
[]
[White 4, Sparkling 7]
[(<FieldType.MEDIUM: 1>, True)]
None
[]
[White 3, Sparkling 8]
[(<FieldType.MEDIUM: 1>, True)]
None
[]
None
[]
[Blush 6, Blush 5]
[(<FieldType.MEDIUM: 1>, True)]
570
None
[]
[Red 4, White 2]
[(<FieldType.LARGE: 2>, False)]
None
[]
[White 2, Sparkling 8]
[(<FieldType.MEDIUM: 1>, True)]
None
[]
None
[]
None
[]
None
[]
[White 3, Blush 7]
[(<FieldType.MEDIUM: 1>, True)]
571
None
[]
[Red 6, White 6]
[(<FieldType.LARGE: 2>, True), (<FieldType.LARGE: 2>, True)]
[Red 6, White 6]
[(<FieldType.LARGE: 2>, True)]
None
[]
[White 3, Sparkling 8]
[(<FieldType.MEDIUM: 1>, True)]
None
[]
[Red 3, White 5]
[(<FieldType.LARGE: 2>, False)]
None
[]
None
[]
[White 6]
[(<FieldType.MEDIUM: 1>, False), (<FieldType.LARGE: 2>, False)]
Got next objective
[White 3, Sparkling 7]
[White 6]
[(<FieldType.MEDIUM: 1>, True), (<FieldType.MEDIUM: 1>, False)]
Switched from next -> current
572
None
[]
[White 7, White 6]
[(<FieldType.MEDIUM: 1>, True), (<FieldType.LARGE: 2>, True), (<FieldType.MEDIUM: 1>, True)]
[White 7, White 6]
[(<FieldType.LARGE: 2>, True), (<FieldType.MEDIUM: 1>, True)]
[White 7, White 6]
[(<FieldType.MEDIUM: 1>, True)]
None
[]
None
[]
None
[]
None
[]
None
[]
[White 4, Sparkling 7]
[(<FieldType.MEDIUM: 1>, True)]
573
None
[]
[White 7, White 6]
[(<FieldType.MEDIUM: 1>, True), (<FieldType.MEDIUM: 1>, True), (<FieldType.LARGE: 2>, True)]
[White 7, White 6]
[(<FieldType.MEDIUM: 1>, True), (<FieldType.LARGE: 2>, True)]
[White 7, White 6]
[(<FieldType.LARGE: 2>, True)]
None
[]
None
[]
None
[]
None
[]
None
[]
[Red 6, White 6]
[(<FieldType.LARGE: 2>, False), (<FieldType.MEDIUM: 1>, False)]
Got next objective
[White 2, Sparkling 8]
[Red 6, White 6]
[(<FieldType.MEDIUM: 1>, True), (<FieldType.MEDIUM: 1>, True)]
Switched from next -> current
574
None
[]
[Red 5, White 3]
[(<FieldType.MEDIUM: 1>, True)]
None
[]
[Red 2, White 2, Blush 5]
[(<FieldType.MEDIUM: 1>, True)]
None
[]
[White 7, White 6]
[(<FieldType.MEDIUM: 1>, True), (<FieldType.LARGE: 2>, True), (<FieldType.MEDIUM: 1>, True)]
[White 7, White 6]
[(<FieldType.LARGE: 2>, True), (<FieldType.MEDIUM: 1>, True)]
[White 7, White 6]
[(<FieldType.MEDIUM: 1>, True)]
None
[]
None
[]
[Red 6, White 6]
[(<FieldType.LARGE: 2>, False), (<FieldType.MEDIUM: 1>, False)]
Got next objective
[White 3, Sparkling 8]
[Red 6, White 6]
[(<FieldType.MEDIUM: 1>, True), (<FieldType.MEDIUM: 1>, True)]
Switched from next -> current
575
None
[]
[Red 6, White 6]
[(<FieldType.LARGE: 2>, True), (<FieldType.LARGE: 2>, True)]
[Red 6, White 6]
[(<FieldType.LARGE: 2>, True)]
None
[]
None
[]
None
[]
None
[]
None
[]
[White 3, Sparkling 7]
[(<FieldType.MEDIUM: 1>, True)]
576
None
[]
[Blush 8]
[(<FieldType.LARGE: 2>, False)]
None
[]
[White 3, Sparkling 7]
[(<FieldType.MEDIUM: 1>, True)]
None
[]
None
[]
[White 4, Blush 4]
[(<FieldType.MEDIUM: 1>, True)]
None
[]
[White 2, Sparkling 8]
[(<FieldType.MEDIUM: 1>, True)]
577
None
[]
[White 3, Sparkling 8]
[(<FieldType.MEDIUM: 1>, True)]
None
[]
None
[]
[White 4, White 3]
[(<FieldType.MEDIUM: 1>, True)]
None
[]
[White 3, Blush 7]
[(<FieldType.MEDIUM: 1>, True)]
None
[]
578
None
[]
[Red 4, Red 3, Red 2]
[(<FieldType.LARGE: 2>, True), (<FieldType.MEDIUM: 1>, True)]
[Red 4, Red 3, Red 2]
[(<FieldType.MEDIUM: 1>, True)]
None
[]
[Blush 6, Blush 5]
[(<FieldType.MEDIUM: 1>, True)]
None
[]
[White 3, Sparkling 7]
[(<FieldType.MEDIUM: 1>, True)]
None
[]
[Sparkling 7]
[(<FieldType.MEDIUM: 1>, True)]
579
None
[]
[Blush 6, Blush 5]
[(<FieldType.MEDIUM: 1>, True)]
None
[]
[Red 3, White 1]
[(<FieldType.MEDIUM: 1>, False)]
None
[]
[Red 4, Red 3, Red 2]
[(<FieldType.LARGE: 2>, True)]
None
[]
None
[]
None
[]
[Red 4, White 2]
[(<FieldType.LARGE: 2>, False)]
580
None
[]
[Red 4, Red 3]
[(<FieldType.LARGE: 2>, True)]
None
[]
None
[]
[White 4, White 3, White 2]
[(<FieldType.MEDIUM: 1>, True), (<FieldType.MEDIUM: 1>, True)]
[White 4, White 3, White 2]
[(<FieldType.MEDIUM: 1>, True)]
None
[]
[White 8]
[(<FieldType.LARGE: 2>, False), (<FieldType.LARGE: 2>, False), (<FieldType.LARGE: 2>, False), (<FieldType.MEDIUM: 1>, False)]
Got next objective
[Sparkling 7]
[White 8]
[(<FieldType.MEDIUM: 1>, True), (<FieldType.LARGE: 2>, False), (<FieldType.MEDIUM: 1>, False), (<FieldType.MEDIUM: 1>, False)]
[White 8]
[(<FieldType.LARGE: 2>, False), (<FieldType.MEDIUM: 1>, False), (<FieldType.MEDIUM: 1>, False)]
[White 8]
[(<FieldType.MEDIUM: 1>, False), (<FieldType.MEDIUM: 1>, False)]
Switched from next -> current
[Sparkling 7]
[(<FieldType.MEDIUM: 1>, False)]
581
None
[]
[Red 7, Red 6]
[(<FieldType.LARGE: 2>, True)]
None
[]
[Red 8]
[(<FieldType.LARGE: 2>, False), (<FieldType.MEDIUM: 1>, False)]
Got next objective
[Sparkling 7]
[Red 8]
[(<FieldType.MEDIUM: 1>, True), (<FieldType.LARGE: 2>, False)]
Switched from next -> current
[Sparkling 7]
[(<FieldType.LARGE: 2>, False)]
None
[]
None
[]
[Red 4, White 2]
[(<FieldType.MEDIUM: 1>, False)]
582
None
[]
[Sparkling 9]
[(<FieldType.MEDIUM: 1>, True)]
None
[]
[White 4, Blush 4]
[(<FieldType.MEDIUM: 1>, True)]
None
[]
None
[]
None
[]
[White 7, White 6]
[(<FieldType.MEDIUM: 1>, True), (<FieldType.MEDIUM: 1>, True), (<FieldType.LARGE: 2>, True)]
[White 7, White 6]
[(<FieldType.MEDIUM: 1>, True), (<FieldType.LARGE: 2>, True)]
[White 7, White 6]
[(<FieldType.LARGE: 2>, True)]
None
[]
583
None
[]
[Red 2, White 2, Blush 5]
[(<FieldType.MEDIUM: 1>, True)]
None
[]
[White 4, White 3]
[(<FieldType.MEDIUM: 1>, True)]
None
[]
None
[]
None
[]
None
[]
584
None
[]
[Red 3, White 1]
[(<FieldType.MEDIUM: 1>, False)]
None
[]
None
[]
None
[]
None
[]
None
[]
[Red 5, White 3]
[(<FieldType.LARGE: 2>, True)]
585
None
[]
[White 4, Blush 4]
[(<FieldType.MEDIUM: 1>, True)]
None
[]
[Red 6, White 6]
[(<FieldType.MEDIUM: 1>, False), (<FieldType.LARGE: 2>, False)]
Got next objective
[Red 3, White 1]
[Red 6, White 6]
[(<FieldType.MEDIUM: 1>, True), (<FieldType.LARGE: 2>, False)]
[Red 6, White 6]
[(<FieldType.LARGE: 2>, False)]
Switched from next -> current
[Red 3, White 1]
[]
